// Vitest Snapshot v1, https://vitest.dev/guide/snapshot.html

exports[`Editor onPaste function > should handle Markdown with complex nested structures and edge cases 1`] = `
<div
  aria-multiline="true"
  autocapitalize="false"
  autocorrect="false"
  class="ant-md-editor-content-focus ant-md-editor-content ant-md-editor-content-edit"
  contenteditable="true"
  data-slate-editor="true"
  data-slate-node="value"
  role="textbox"
  spellcheck="false"
  style="position: relative; white-space: pre-wrap; word-wrap: break-word; font-size: 14px;"
  zindex="-1"
>
  <div
    class="ant-md-editor-drag-el"
    data-be="paragraph"
    data-slate-node="element"
  >
    <span
      data-slate-node="text"
    >
      <span
        class=" "
        data-be="text"
        data-slate-leaf="true"
        draggable="false"
      >
        <span
          data-slate-length="0"
          data-slate-zero-width="n"
        >
          ﻿
          <br />
        </span>
      </span>
    </span>
  </div>
  <div
    data-slate-node="element"
    data-testid="markdown-heading"
    style="font-size: 1.5em; font-weight: 600; line-height: 1.25; margin-top: 1em; margin-bottom: 1em;"
  >
    <span
      data-slate-node="text"
    >
      <span
        class=" "
        data-be="text"
        data-slate-leaf="true"
        draggable="false"
      >
        <span
          data-slate-string="true"
        >
          Main Title with 
        </span>
      </span>
    </span>
    <span
      data-slate-node="text"
    >
      <span
        class=" "
        data-be="text"
        data-slate-leaf="true"
        draggable="false"
        style="font-style: italic;"
      >
        <span
          data-slate-string="true"
        >
          italic
        </span>
      </span>
    </span>
    <span
      data-slate-node="text"
    >
      <span
        class=" "
        data-be="text"
        data-slate-leaf="true"
        draggable="false"
      >
        <span
          data-slate-string="true"
        >
           and 
        </span>
      </span>
    </span>
    <span
      data-slate-node="text"
    >
      <span
        class=" "
        data-be="text"
        data-slate-leaf="true"
        draggable="false"
        style="font-weight: bold;"
      >
        <span
          data-testid="markdown-bold"
        >
          <span
            data-slate-string="true"
          >
            bold
          </span>
        </span>
      </span>
    </span>
  </div>
  <div
    data-slate-node="element"
    data-testid="markdown-heading"
    style="font-size: 1.375em; font-weight: 600; line-height: 1.25; margin-top: 1em; margin-bottom: 1em;"
  >
    <span
      data-slate-node="text"
    >
      <span
        class=" "
        data-be="text"
        data-slate-leaf="true"
        draggable="false"
      >
        <span
          data-slate-string="true"
        >
          Subtitle with 
        </span>
      </span>
    </span>
    <span
      data-slate-node="text"
    >
      <span
        class=" "
        data-be="text"
        data-slate-leaf="true"
        draggable="false"
      >
        <code
          class="ant-md-editor-content-inline-code"
        >
          <span
            data-slate-string="true"
          >
            inline code
          </span>
        </code>
      </span>
    </span>
  </div>
  <div
    class="ant-md-editor-drag-el"
    data-be="paragraph"
    data-slate-node="element"
  >
    <span
      data-slate-node="text"
    >
      <span
        class=" "
        data-be="text"
        data-slate-leaf="true"
        draggable="false"
      >
        <span
          data-slate-string="true"
        >
          This paragraph has 
        </span>
      </span>
    </span>
    <span
      data-slate-node="text"
    >
      <span
        class=" "
        data-be="text"
        data-slate-leaf="true"
        draggable="false"
        style="font-weight: bold;"
      >
        <span
          data-testid="markdown-bold"
        >
          <span
            data-slate-string="true"
          >
            bold with 
          </span>
        </span>
      </span>
    </span>
    <span
      data-slate-node="text"
    >
      <span
        class=" "
        data-be="text"
        data-slate-leaf="true"
        draggable="false"
        style="font-weight: bold; font-style: italic;"
      >
        <span
          data-testid="markdown-bold"
        >
          <span
            data-slate-string="true"
          >
            nested italic
          </span>
        </span>
      </span>
    </span>
    <span
      data-slate-node="text"
    >
      <span
        class=" "
        data-be="text"
        data-slate-leaf="true"
        draggable="false"
        style="font-weight: bold;"
      >
        <span
          data-testid="markdown-bold"
        >
          <span
            data-slate-string="true"
          >
             text
          </span>
        </span>
      </span>
    </span>
    <span
      data-slate-node="text"
    >
      <span
        class=" "
        data-be="text"
        data-slate-leaf="true"
        draggable="false"
      >
        <span
          data-slate-string="true"
        >
           and 
        </span>
      </span>
    </span>
    <span
      data-slate-node="text"
    >
      <span
        class=" "
        data-be="text"
        data-slate-leaf="true"
        draggable="false"
      >
        <code
          class="ant-md-editor-content-inline-code"
        >
          <span
            data-slate-string="true"
          >
            code with **bold** inside
          </span>
        </code>
      </span>
    </span>
    <span
      data-slate-node="text"
    >
      <span
        class=" "
        data-be="text"
        data-slate-leaf="true"
        draggable="false"
      >
        <span
          data-slate-string="true"
        >
          .
        </span>
      </span>
    </span>
  </div>
  <div
    data-slate-node="element"
    data-testid="markdown-heading"
    style="font-size: 1.25em; font-weight: 600; line-height: 1.25; margin-top: 1em; margin-bottom: 1em;"
  >
    <span
      data-slate-node="text"
    >
      <span
        class=" "
        data-be="text"
        data-slate-leaf="true"
        draggable="false"
      >
        <span
          data-slate-string="true"
        >
          Lists with complex nesting
        </span>
      </span>
    </span>
  </div>
  <div
    class="ant-md-editor-list-container relative"
    data-be="list"
    data-slate-node="element"
  >
    <ol
      class="ant-md-editor-list ol"
      start="1"
    >
      <li
        class="ant-md-editor-list-item"
        data-be="list-item"
        data-slate-node="element"
      >
        <div
          class="ant-md-editor-drag-el"
          data-be="paragraph"
          data-slate-node="element"
        >
          <span
            data-slate-node="text"
          >
            <span
              class=" "
              data-be="text"
              data-slate-leaf="true"
              draggable="false"
            >
              <span
                data-slate-string="true"
              >
                First ordered item
              </span>
            </span>
          </span>
        </div>
        <div
          class="ant-md-editor-list-container relative"
          data-be="list"
          data-slate-node="element"
        >
          <ul
            class="ant-md-editor-list ul"
          >
            <li
              class="ant-md-editor-list-item"
              data-be="list-item"
              data-slate-node="element"
            >
              <div
                class="ant-md-editor-drag-el"
                data-be="paragraph"
                data-slate-node="element"
              >
                <span
                  data-slate-node="text"
                >
                  <span
                    class=" "
                    data-be="text"
                    data-slate-leaf="true"
                    draggable="false"
                  >
                    <span
                      data-slate-string="true"
                    >
                      Unordered sub-item
                    </span>
                  </span>
                </span>
              </div>
            </li>
            <li
              class="ant-md-editor-list-item"
              data-be="list-item"
              data-slate-node="element"
            >
              <div
                class="ant-md-editor-drag-el"
                data-be="paragraph"
                data-slate-node="element"
              >
                <span
                  data-slate-node="text"
                >
                  <span
                    class=" "
                    data-be="text"
                    data-slate-leaf="true"
                    draggable="false"
                  >
                    <span
                      data-slate-string="true"
                    >
                      Another sub-item with 
                    </span>
                  </span>
                </span>
                <span
                  data-slate-node="text"
                >
                  <span
                    class=" "
                    data-be="text"
                    data-slate-leaf="true"
                    draggable="false"
                    style="font-weight: bold;"
                  >
                    <span
                      data-testid="markdown-bold"
                    >
                      <span
                        data-slate-string="true"
                      >
                        bold
                      </span>
                    </span>
                  </span>
                </span>
              </div>
              <div
                class="ant-md-editor-list-container relative"
                data-be="list"
                data-slate-node="element"
              >
                <ol
                  class="ant-md-editor-list ol"
                  start="1"
                >
                  <li
                    class="ant-md-editor-list-item"
                    data-be="list-item"
                    data-slate-node="element"
                  >
                    <div
                      class="ant-md-editor-drag-el"
                      data-be="paragraph"
                      data-slate-node="element"
                    >
                      <span
                        data-slate-node="text"
                      >
                        <span
                          class=" "
                          data-be="text"
                          data-slate-leaf="true"
                          draggable="false"
                        >
                          <span
                            data-slate-string="true"
                          >
                            Nested ordered item
                          </span>
                        </span>
                      </span>
                    </div>
                  </li>
                  <li
                    class="ant-md-editor-list-item"
                    data-be="list-item"
                    data-slate-node="element"
                  >
                    <div
                      class="ant-md-editor-drag-el"
                      data-be="paragraph"
                      data-slate-node="element"
                    >
                      <span
                        data-slate-node="text"
                      >
                        <span
                          class=" "
                          data-be="text"
                          data-slate-leaf="true"
                          draggable="false"
                        >
                          <span
                            data-slate-string="true"
                          >
                            Another nested item with 
                          </span>
                        </span>
                      </span>
                      <span
                        data-slate-node="text"
                      >
                        <span
                          class=" "
                          data-be="text"
                          data-slate-leaf="true"
                          draggable="false"
                          style="text-decoration: underline; text-decoration-color: #1677ff; text-underline-offset: 4px; color: rgb(22, 119, 255); cursor: pointer;"
                        >
                          <span
                            data-slate-string="true"
                          >
                            link
                          </span>
                        </span>
                      </span>
                    </div>
                  </li>
                </ol>
              </div>
            </li>
          </ul>
        </div>
      </li>
      <li
        class="ant-md-editor-list-item"
        data-be="list-item"
        data-slate-node="element"
      >
        <div
          class="ant-md-editor-drag-el"
          data-be="paragraph"
          data-slate-node="element"
        >
          <span
            data-slate-node="text"
          >
            <span
              class=" "
              data-be="text"
              data-slate-leaf="true"
              draggable="false"
            >
              <span
                data-slate-string="true"
              >
                Second ordered item
              </span>
            </span>
          </span>
        </div>
        <blockquote
          data-be="blockquote"
          data-slate-node="element"
        >
          <div
            class="ant-md-editor-drag-el"
            data-be="paragraph"
            data-slate-node="element"
          >
            <span
              data-slate-node="text"
            >
              <span
                class=" "
                data-be="text"
                data-slate-leaf="true"
                draggable="false"
              >
                <span
                  data-slate-string="true"
                >
                  Blockquote inside list
                </span>
              </span>
            </span>
          </div>
          <div
            class="ant-md-editor-drag-el"
            data-be="paragraph"
            data-slate-node="element"
          >
            <span
              data-slate-node="text"
            >
              <span
                class=" "
                data-be="text"
                data-slate-leaf="true"
                draggable="false"
              >
                <span
                  data-slate-string="true"
                >
                  With multiple lines
                </span>
              </span>
            </span>
          </div>
        </blockquote>
      </li>
      <li
        class="ant-md-editor-list-item"
        data-be="list-item"
        data-slate-node="element"
      >
        <div
          class="ant-md-editor-drag-el"
          data-be="paragraph"
          data-slate-node="element"
        >
          <span
            data-slate-node="text"
          >
            <span
              class=" "
              data-be="text"
              data-slate-leaf="true"
              draggable="false"
            >
              <span
                data-slate-string="true"
              >
                Third item with code block:
              </span>
            </span>
          </span>
        </div>
        <div
          data-slate-node="element"
        >
          <div
            class="ace-el drag-el"
            contenteditable="false"
            data-be="code"
            data-lang="python"
            tabindex="-1"
          >
            <div
              contenteditable="false"
              style="background-color: transparent; user-select: none;"
            >
              <div
                class="ace-container drag-el "
                style="box-sizing: border-box; background-color: rgb(252, 252, 252); max-height: 400px; overflow: auto; position: relative; height: auto; opacity: 1; border: 1px solid rgb(231, 233, 232); transition: border-color 0.2s ease-in-out;"
              >
                <div
                  contenteditable="false"
                  style="height: 1px; width: 100%; position: sticky; left: 0px; top: 0px; display: flex; align-items: center; justify-content: flex-end; padding-right: 0.375em; z-index: 50; box-sizing: border-box;"
                />
                <div
                  style="height: 200px; line-height: 22px;"
                />
                <div
                  style="height: 0.5px; overflow: hidden; opacity: 0; pointer-events: none;"
                >
                  def nested_function():     return "code in list"
                  <span
                    data-slate-node="text"
                  >
                    <span
                      class=" "
                      data-be="text"
                      data-slate-leaf="true"
                      draggable="false"
                    >
                      <span
                        data-slate-string="true"
                      >
                        def nested_function():
    return "code in list"
                      </span>
                    </span>
                  </span>
                </div>
              </div>
            </div>
          </div>
        </div>
      </li>
    </ol>
  </div>
  <div
    data-slate-node="element"
    data-testid="markdown-heading"
    style="font-size: 1.25em; font-weight: 600; line-height: 1.25; margin-top: 1em; margin-bottom: 1em;"
  >
    <span
      data-slate-node="text"
    >
      <span
        class=" "
        data-be="text"
        data-slate-leaf="true"
        draggable="false"
      >
        <span
          data-slate-string="true"
        >
          Complex table with formatting
        </span>
      </span>
    </span>
  </div>
  <div
    aria-label="可选择的卡片元素"
    aria-selected="false"
    data-be="card"
    data-slate-node="element"
    role="button"
    style="padding: 8px; border-radius: 6px; display: flex; gap: 4px; max-width: 100%; align-items: flex-end; position: relative; width: max-content; cursor: pointer; background-color: transparent; transition: all 0.2s ease-in-out; outline: none;"
    tabindex="0"
  >
    <span
      data-be="card-before"
      data-slate-node="element"
      style="min-width: 4px; height: 100%; position: relative; line-height: 1; z-index: 99; font-size: 2em; overflow: hidden; display: inline-block;"
    >
      <span
        data-slate-node="text"
      >
        <span
          class=" "
          data-be="text"
          data-slate-leaf="true"
          draggable="false"
        >
          <span
            data-slate-length="0"
            data-slate-zero-width="n"
          >
            ﻿
            <br />
          </span>
        </span>
      </span>
    </span>
    <div
      class="ant-md-editor-content-table-container"
      data-be="table"
      data-slate-node="element"
      draggable="false"
      tabindex="0"
    >
      <div
        class="ant-md-editor-content-table"
        style="flex: 1 1 0%; min-width: 0;"
      >
        <table
          class="ant-md-editor-content-table-editor-table"
          style="user-select: none;"
        >
          <colgroup>
            <col
              style="width: 92px; min-width: 92px; max-width: 92px;"
            />
            <col
              style="width: 92px; min-width: 92px; max-width: 92px;"
            />
            <col
              style="width: 92px; min-width: 92px; max-width: 92px;"
            />
            <col
              style="width: 92px; min-width: 92px; max-width: 92px;"
            />
          </colgroup>
          <tbody
            data-slate-node="element"
          >
            <tr
              data-slate-node="element"
            >
              <th
                data-be="th"
                data-slate-node="element"
                style="text-align: left;"
              >
                <span
                  data-slate-node="text"
                >
                  <span
                    class=" "
                    data-be="text"
                    data-slate-leaf="true"
                    draggable="false"
                    style="font-weight: bold;"
                  >
                    <span
                      data-testid="markdown-bold"
                    >
                      <span
                        data-slate-string="true"
                      >
                        Bold Header
                      </span>
                    </span>
                  </span>
                </span>
              </th>
              <th
                data-be="th"
                data-slate-node="element"
                style="text-align: center;"
              >
                <span
                  data-slate-node="text"
                >
                  <span
                    class=" "
                    data-be="text"
                    data-slate-leaf="true"
                    draggable="false"
                    style="font-style: italic;"
                  >
                    <span
                      data-slate-string="true"
                    >
                      Italic Header
                    </span>
                  </span>
                </span>
              </th>
              <th
                data-be="th"
                data-slate-node="element"
                style="text-align: right;"
              >
                <span
                  data-slate-node="text"
                >
                  <span
                    class=" "
                    data-be="text"
                    data-slate-leaf="true"
                    draggable="false"
                  >
                    <code
                      class="ant-md-editor-content-inline-code"
                    >
                      <span
                        data-slate-string="true"
                      >
                        Code Header
                      </span>
                    </code>
                  </span>
                </span>
              </th>
              <th
                data-be="th"
                data-slate-node="element"
              >
                <span
                  data-slate-node="text"
                >
                  <span
                    class=" "
                    data-be="text"
                    data-slate-leaf="true"
                    draggable="false"
                  >
                    <span
                      data-slate-string="true"
                    >
                      Link Header
                    </span>
                  </span>
                </span>
              </th>
            </tr>
            <tr
              data-slate-node="element"
            >
              <td
                data-be="td"
                data-slate-node="element"
                style="text-align: left; overflow: auto; text-wrap: wrap; transition: text-align 0.2s ease-in-out;"
              >
                <span
                  data-slate-node="text"
                >
                  <span
                    class=" "
                    data-be="text"
                    data-slate-leaf="true"
                    draggable="false"
                    style="font-weight: bold;"
                  >
                    <span
                      data-testid="markdown-bold"
                    >
                      <span
                        data-slate-string="true"
                      >
                        Bold cell
                      </span>
                    </span>
                  </span>
                </span>
              </td>
              <td
                data-be="td"
                data-slate-node="element"
                style="text-align: center; overflow: auto; text-wrap: wrap; transition: text-align 0.2s ease-in-out;"
              >
                <span
                  data-slate-node="text"
                >
                  <span
                    class=" "
                    data-be="text"
                    data-slate-leaf="true"
                    draggable="false"
                    style="font-style: italic;"
                  >
                    <span
                      data-slate-string="true"
                    >
                      Italic cell
                    </span>
                  </span>
                </span>
              </td>
              <td
                data-be="td"
                data-slate-node="element"
                style="text-align: right; overflow: auto; text-wrap: wrap; transition: text-align 0.2s ease-in-out;"
              >
                <span
                  data-slate-node="text"
                >
                  <span
                    class=" "
                    data-be="text"
                    data-slate-leaf="true"
                    draggable="false"
                  >
                    <code
                      class="ant-md-editor-content-inline-code"
                    >
                      <span
                        data-slate-string="true"
                      >
                        code cell
                      </span>
                    </code>
                  </span>
                </span>
              </td>
              <td
                data-be="td"
                data-slate-node="element"
                style="overflow: auto; text-wrap: wrap; transition: text-align 0.2s ease-in-out;"
              >
                <span
                  data-slate-node="text"
                >
                  <span
                    class=" "
                    data-be="text"
                    data-slate-leaf="true"
                    draggable="false"
                    style="text-decoration: underline; text-decoration-color: #1677ff; text-underline-offset: 4px; color: rgb(22, 119, 255); cursor: pointer;"
                  >
                    <span
                      data-slate-string="true"
                    >
                      Link
                    </span>
                  </span>
                </span>
              </td>
            </tr>
            <tr
              data-slate-node="element"
            >
              <td
                data-be="td"
                data-slate-node="element"
                style="text-align: left; overflow: auto; text-wrap: wrap; transition: text-align 0.2s ease-in-out;"
              >
                <span
                  data-slate-node="text"
                >
                  <span
                    class=" "
                    data-be="text"
                    data-slate-leaf="true"
                    draggable="false"
                  >
                    <span
                      data-slate-string="true"
                    >
                      Multi-line
                    </span>
                  </span>
                </span>
                <span
                  contenteditable="false"
                  data-slate-inline="true"
                  data-slate-node="element"
                  data-slate-void="true"
                >
                  <span
                    data-slate-spacer="true"
                    style="height: 0px; color: transparent; outline: none; position: absolute;"
                  >
                    <span
                      data-slate-node="text"
                    >
                      <span
                        data-slate-leaf="true"
                      >
                        <span
                          data-slate-length="1"
                          data-slate-zero-width="z"
                        >
                          ﻿
                        </span>
                      </span>
                    </span>
                  </span>
                  <br />
                </span>
                <span
                  data-slate-node="text"
                >
                  <span
                    class=" "
                    data-be="text"
                    data-slate-leaf="true"
                    draggable="false"
                  >
                    <span
                      data-slate-string="true"
                    >
                      cell content
                    </span>
                  </span>
                </span>
              </td>
              <td
                data-be="td"
                data-slate-node="element"
                style="text-align: center; overflow: auto; text-wrap: wrap; transition: text-align 0.2s ease-in-out;"
              >
                <span
                  data-slate-node="text"
                >
                  <span
                    class=" "
                    data-be="text"
                    data-slate-leaf="true"
                    draggable="false"
                  >
                    <span
                      data-slate-string="true"
                    >
                      Cell with 
                    </span>
                  </span>
                </span>
                <span
                  data-slate-node="text"
                >
                  <span
                    class=" "
                    data-be="text"
                    data-slate-leaf="true"
                    draggable="false"
                  >
                    <code
                      class="ant-md-editor-content-inline-code"
                    >
                      <span
                        data-slate-string="true"
                      >
                        inline code
                      </span>
                    </code>
                  </span>
                </span>
              </td>
              <td
                data-be="td"
                data-slate-node="element"
                style="text-align: right; overflow: auto; text-wrap: wrap; transition: text-align 0.2s ease-in-out;"
              >
                <span
                  data-slate-node="text"
                >
                  <span
                    class=" "
                    data-be="text"
                    data-slate-leaf="true"
                    draggable="false"
                    style="font-weight: bold;"
                  >
                    <span
                      data-testid="markdown-bold"
                    >
                      <span
                        data-slate-string="true"
                      >
                        Bold
                      </span>
                    </span>
                  </span>
                </span>
                <span
                  data-slate-node="text"
                >
                  <span
                    class=" "
                    data-be="text"
                    data-slate-leaf="true"
                    draggable="false"
                  >
                    <span
                      data-slate-string="true"
                    >
                       and 
                    </span>
                  </span>
                </span>
                <span
                  data-slate-node="text"
                >
                  <span
                    class=" "
                    data-be="text"
                    data-slate-leaf="true"
                    draggable="false"
                    style="font-style: italic;"
                  >
                    <span
                      data-slate-string="true"
                    >
                      italic
                    </span>
                  </span>
                </span>
              </td>
              <td
                data-be="td"
                data-slate-node="element"
                style="overflow: auto; text-wrap: wrap; transition: text-align 0.2s ease-in-out;"
              >
                <span
                  data-slate-node="text"
                >
                  <span
                    class=" "
                    data-be="text"
                    data-slate-leaf="true"
                    draggable="false"
                  >
                    <span
                      data-slate-string="true"
                    >
                      Normal cell
                    </span>
                  </span>
                </span>
              </td>
            </tr>
            <tr
              data-slate-node="element"
            >
              <td
                data-be="td"
                data-slate-node="element"
                style="text-align: left; overflow: auto; text-wrap: wrap; transition: text-align 0.2s ease-in-out;"
              >
                <span
                  data-slate-node="text"
                >
                  <span
                    class=" "
                    data-be="text"
                    data-slate-leaf="true"
                    draggable="false"
                  >
                    <code
                      class="ant-md-editor-content-inline-code"
                    >
                      <span
                        data-slate-string="true"
                      >
                        &lt;br&gt;code&lt;br&gt;block&lt;br&gt;
                      </span>
                    </code>
                  </span>
                </span>
              </td>
              <td
                data-be="td"
                data-slate-node="element"
                style="text-align: center; overflow: auto; text-wrap: wrap; transition: text-align 0.2s ease-in-out;"
              >
                <span
                  data-slate-node="text"
                >
                  <span
                    class=" "
                    data-be="text"
                    data-slate-leaf="true"
                    draggable="false"
                  >
                    <span
                      data-slate-string="true"
                    >
                      &gt; Blockquote
                    </span>
                  </span>
                </span>
                <span
                  contenteditable="false"
                  data-slate-inline="true"
                  data-slate-node="element"
                  data-slate-void="true"
                >
                  <span
                    data-slate-spacer="true"
                    style="height: 0px; color: transparent; outline: none; position: absolute;"
                  >
                    <span
                      data-slate-node="text"
                    >
                      <span
                        data-slate-leaf="true"
                      >
                        <span
                          data-slate-length="1"
                          data-slate-zero-width="z"
                        >
                          ﻿
                        </span>
                      </span>
                    </span>
                  </span>
                  <br />
                </span>
                <span
                  data-slate-node="text"
                >
                  <span
                    class=" "
                    data-be="text"
                    data-slate-leaf="true"
                    draggable="false"
                  >
                    <span
                      data-slate-string="true"
                    >
                      &gt; in cell
                    </span>
                  </span>
                </span>
              </td>
              <td
                data-be="td"
                data-slate-node="element"
                style="text-align: right; overflow: auto; text-wrap: wrap; transition: text-align 0.2s ease-in-out;"
              >
                <span
                  data-slate-node="text"
                >
                  <span
                    class=" "
                    data-be="text"
                    data-slate-leaf="true"
                    draggable="false"
                  >
                    <span
                      data-slate-string="true"
                    >
                      - List
                    </span>
                  </span>
                </span>
                <span
                  contenteditable="false"
                  data-slate-inline="true"
                  data-slate-node="element"
                  data-slate-void="true"
                >
                  <span
                    data-slate-spacer="true"
                    style="height: 0px; color: transparent; outline: none; position: absolute;"
                  >
                    <span
                      data-slate-node="text"
                    >
                      <span
                        data-slate-leaf="true"
                      >
                        <span
                          data-slate-length="1"
                          data-slate-zero-width="z"
                        >
                          ﻿
                        </span>
                      </span>
                    </span>
                  </span>
                  <br />
                </span>
                <span
                  data-slate-node="text"
                >
                  <span
                    class=" "
                    data-be="text"
                    data-slate-leaf="true"
                    draggable="false"
                  >
                    <span
                      data-slate-string="true"
                    >
                      - In cell
                    </span>
                  </span>
                </span>
              </td>
              <td
                data-be="td"
                data-slate-node="element"
                style="overflow: auto; text-wrap: wrap; transition: text-align 0.2s ease-in-out;"
              >
                <div
                  aria-label="可选择的卡片元素"
                  aria-selected="false"
                  data-be="card"
                  data-slate-node="element"
                  role="button"
                  style="padding: 8px; border-radius: 6px; display: inline-flex; gap: 4px; max-width: 100%; align-items: flex-end; position: relative; width: max-content; cursor: pointer; background-color: transparent; transition: all 0.2s ease-in-out; outline: none;"
                  tabindex="0"
                >
                  <span
                    data-be="card-before"
                    data-slate-node="element"
                    style="min-width: 4px; height: 100%; position: relative; line-height: 1; z-index: 99; font-size: 2em; overflow: hidden; display: inline-block;"
                  >
                    <span
                      data-slate-node="text"
                    >
                      <span
                        class=" "
                        data-be="text"
                        data-slate-leaf="true"
                        draggable="false"
                      >
                        <span
                          data-slate-length="0"
                          data-slate-zero-width="n"
                        >
                          ﻿
                          <br />
                        </span>
                      </span>
                    </span>
                  </span>
                  <div
                    class="ant-md-editor-drag-el"
                    data-be="image"
                    data-slate-node="element"
                    draggable="false"
                    style="cursor: pointer; position: relative; user-select: none;"
                  >
                    <div
                      aria-describedby="test-id"
                      class="md-editor-media"
                      contenteditable="false"
                      draggable="false"
                      style="padding: 4px; display: flex;"
                      tabindex="-1"
                    >
                      <div
                        style="display: flex; align-items: center; justify-content: center; border-radius: 4px; overflow: hidden; width: 400px; height: 400px;"
                      >
                        <div
                          style="width: 100px; height: 100px; display: flex; align-items: center; justify-content: center; background: rgba(0, 0, 0, 0.05); border-radius: 12px;"
                        >
                          <span
                            aria-label="loading"
                            class="anticon anticon-loading anticon-spin"
                            role="img"
                            style="font-size: 24px; color: rgb(24, 144, 255);"
                          >
                            <svg
                              aria-hidden="true"
                              data-icon="loading"
                              fill="currentColor"
                              focusable="false"
                              height="1em"
                              viewBox="0 0 1024 1024"
                              width="1em"
                            >
                              <path
                                d="M988 548c-19.9 0-36-16.1-36-36 0-59.4-11.6-117-34.6-171.3a440.45 440.45 0 00-94.3-139.9 437.71 437.71 0 00-139.9-94.3C629 83.6 571.4 72 512 72c-19.9 0-36-16.1-36-36s16.1-36 36-36c69.1 0 136.2 13.5 199.3 40.3C772.3 66 827 103 874 150c47 47 83.9 101.8 109.7 162.7 26.7 63.1 40.2 130.2 40.2 199.3.1 19.9-16 36-35.9 36z"
                              />
                            </svg>
                          </span>
                        </div>
                        <div
                          class="react-draggable"
                          style="position: absolute; user-select: none; width: 400px; height: 400px; display: inline-block; top: 0px; left: 0px; cursor: auto; transform: translate(0px,0px); max-width: 9007199254740991px; max-height: 9007199254740991px; box-sizing: border-box; flex-shrink: 0;"
                        >
                          <img
                            alt="image"
                            draggable="false"
                            referrerpolicy="no-referrer"
                            src="https://example.com/img.jpg"
                            style="width: 100%; height: auto; position: relative; z-index: 99; outline: none; box-shadow: none; min-height: 20px; display: none; user-select: none; pointer-events: none;"
                            width="min(400px, 100%)"
                          />
                          <div>
                            <div
                              style="position: absolute; user-select: none; width: 100%; height: 10px; top: -5px; left: 0px; cursor: row-resize;"
                            />
                            <div
                              style="position: absolute; user-select: none; width: 10px; height: 100%; top: 0px; cursor: col-resize; right: -5px;"
                            />
                            <div
                              style="position: absolute; user-select: none; width: 100%; height: 10px; left: 0px; cursor: row-resize; bottom: -5px;"
                            />
                            <div
                              style="position: absolute; user-select: none; width: 10px; height: 100%; top: 0px; left: -5px; cursor: col-resize;"
                            />
                            <div
                              style="position: absolute; user-select: none; width: 20px; height: 20px; z-index: 1; right: -10px; top: -10px; cursor: ne-resize;"
                            />
                            <div
                              style="position: absolute; user-select: none; width: 20px; height: 20px; z-index: 1; right: -10px; bottom: -10px; cursor: se-resize;"
                            />
                            <div
                              style="position: absolute; user-select: none; width: 20px; height: 20px; z-index: 1; left: -10px; bottom: -10px; cursor: sw-resize;"
                            />
                            <div
                              style="position: absolute; user-select: none; width: 20px; height: 20px; z-index: 1; left: -10px; top: -10px; cursor: nw-resize;"
                            />
                          </div>
                        </div>
                      </div>
                      <div
                        style="display: none;"
                      >
                        <span
                          data-slate-node="text"
                        >
                          <span
                            class=" "
                            data-be="text"
                            data-slate-leaf="true"
                            draggable="false"
                          >
                            <span
                              data-slate-length="0"
                              data-slate-zero-width="n"
                            >
                              ﻿
                              <br />
                            </span>
                          </span>
                        </span>
                      </div>
                    </div>
                  </div>
                  <span
                    data-be="card-after"
                    data-slate-node="element"
                    style="min-width: 4px; height: 100%; position: relative; line-height: 1; z-index: 99; font-size: 2em; overflow: hidden; display: inline-block;"
                  >
                    <span
                      data-slate-node="text"
                    >
                      <span
                        class=" "
                        data-be="text"
                        data-slate-leaf="true"
                        draggable="false"
                      >
                        <span
                          data-slate-length="0"
                          data-slate-zero-width="n"
                        >
                          ﻿
                          <br />
                        </span>
                      </span>
                    </span>
                  </span>
                </div>
              </td>
            </tr>
          </tbody>
        </table>
      </div>
    </div>
    <span
      data-be="card-after"
      data-slate-node="element"
      style="min-width: 4px; height: 100%; position: relative; line-height: 1; z-index: 99; font-size: 2em; overflow: hidden; display: inline-block;"
    >
      <span
        data-slate-node="text"
      >
        <span
          class=" "
          data-be="text"
          data-slate-leaf="true"
          draggable="false"
        >
          <span
            data-slate-length="0"
            data-slate-zero-width="n"
          >
            ﻿
            <br />
          </span>
        </span>
      </span>
    </span>
  </div>
  <div
    data-slate-node="element"
    data-testid="markdown-heading"
    style="font-size: 1.25em; font-weight: 600; line-height: 1.25; margin-top: 1em; margin-bottom: 1em;"
  >
    <span
      data-slate-node="text"
    >
      <span
        class=" "
        data-be="text"
        data-slate-leaf="true"
        draggable="false"
      >
        <span
          data-slate-string="true"
        >
          Blockquotes with nesting
        </span>
      </span>
    </span>
  </div>
  <blockquote
    data-be="blockquote"
    data-slate-node="element"
  >
    <div
      class="ant-md-editor-drag-el"
      data-be="paragraph"
      data-slate-node="element"
    >
      <span
        data-slate-node="text"
      >
        <span
          class=" "
          data-be="text"
          data-slate-leaf="true"
          draggable="false"
        >
          <span
            data-slate-string="true"
          >
            This is a blockquote
          </span>
        </span>
      </span>
    </div>
    <blockquote
      data-be="blockquote"
      data-slate-node="element"
    >
      <div
        class="ant-md-editor-drag-el"
        data-be="paragraph"
        data-slate-node="element"
      >
        <span
          data-slate-node="text"
        >
          <span
            class=" "
            data-be="text"
            data-slate-leaf="true"
            draggable="false"
          >
            <span
              data-slate-string="true"
            >
              This is a nested blockquote
            </span>
          </span>
        </span>
      </div>
      <div
        class="ant-md-editor-drag-el"
        data-be="paragraph"
        data-slate-node="element"
      >
        <span
          data-slate-node="text"
        >
          <span
            class=" "
            data-be="text"
            data-slate-leaf="true"
            draggable="false"
          >
            <span
              data-slate-string="true"
            >
              With 
            </span>
          </span>
        </span>
        <span
          data-slate-node="text"
        >
          <span
            class=" "
            data-be="text"
            data-slate-leaf="true"
            draggable="false"
            style="font-weight: bold;"
          >
            <span
              data-testid="markdown-bold"
            >
              <span
                data-slate-string="true"
              >
                bold
              </span>
            </span>
          </span>
        </span>
        <span
          data-slate-node="text"
        >
          <span
            class=" "
            data-be="text"
            data-slate-leaf="true"
            draggable="false"
          >
            <span
              data-slate-string="true"
            >
               and 
            </span>
          </span>
        </span>
        <span
          data-slate-node="text"
        >
          <span
            class=" "
            data-be="text"
            data-slate-leaf="true"
            draggable="false"
            style="font-style: italic;"
          >
            <span
              data-slate-string="true"
            >
              italic
            </span>
          </span>
        </span>
        <span
          data-slate-node="text"
        >
          <span
            class=" "
            data-be="text"
            data-slate-leaf="true"
            draggable="false"
          >
            <span
              data-slate-string="true"
            >
               text
            </span>
          </span>
        </span>
      </div>
    </blockquote>
    <div
      class="ant-md-editor-drag-el"
      data-be="paragraph"
      data-slate-node="element"
    >
      <span
        data-slate-node="text"
      >
        <span
          class=" "
          data-be="text"
          data-slate-leaf="true"
          draggable="false"
        >
          <span
            data-slate-string="true"
          >
            Back to first level with:
          </span>
        </span>
      </span>
    </div>
    <div
      class="ant-md-editor-list-container relative"
      data-be="list"
      data-slate-node="element"
    >
      <ul
        class="ant-md-editor-list ul"
      >
        <li
          class="ant-md-editor-list-item"
          data-be="list-item"
          data-slate-node="element"
        >
          <div
            class="ant-md-editor-drag-el"
            data-be="paragraph"
            data-slate-node="element"
          >
            <span
              data-slate-node="text"
            >
              <span
                class=" "
                data-be="text"
                data-slate-leaf="true"
                draggable="false"
              >
                <span
                  data-slate-string="true"
                >
                  List in blockquote
                </span>
              </span>
            </span>
          </div>
        </li>
        <li
          class="ant-md-editor-list-item"
          data-be="list-item"
          data-slate-node="element"
        >
          <div
            class="ant-md-editor-drag-el"
            data-be="paragraph"
            data-slate-node="element"
          >
            <span
              data-slate-node="text"
            >
              <span
                class=" "
                data-be="text"
                data-slate-leaf="true"
                draggable="false"
              >
                <span
                  data-slate-string="true"
                >
                  Another item
                </span>
              </span>
            </span>
          </div>
        </li>
      </ul>
    </div>
    <div
      data-slate-node="element"
    >
      <div
        class="ace-el drag-el"
        contenteditable="false"
        data-be="code"
        data-lang="javascript"
        tabindex="-1"
      >
        <div
          contenteditable="false"
          style="background-color: transparent; user-select: none;"
        >
          <div
            class="ace-container drag-el "
            style="box-sizing: border-box; background-color: rgb(252, 252, 252); max-height: 400px; overflow: auto; position: relative; height: auto; opacity: 1; border: 1px solid rgb(231, 233, 232); transition: border-color 0.2s ease-in-out;"
          >
            <div
              contenteditable="false"
              style="height: 1px; width: 100%; position: sticky; left: 0px; top: 0px; display: flex; align-items: center; justify-content: flex-end; padding-right: 0.375em; z-index: 50; box-sizing: border-box;"
            />
            <div
              style="height: 200px; line-height: 22px;"
            />
            <div
              style="height: 0.5px; overflow: hidden; opacity: 0; pointer-events: none;"
            >
              // Code block in blockquote console.log("nested code");
              <span
                data-slate-node="text"
              >
                <span
                  class=" "
                  data-be="text"
                  data-slate-leaf="true"
                  draggable="false"
                >
                  <span
                    data-slate-string="true"
                  >
                    // Code block in blockquote
console.log("nested code");
                  </span>
                </span>
              </span>
            </div>
          </div>
        </div>
      </div>
    </div>
  </blockquote>
  <div
    data-slate-node="element"
    data-testid="markdown-heading"
    style="font-size: 1.25em; font-weight: 600; line-height: 1.25; margin-top: 1em; margin-bottom: 1em;"
  >
    <span
      data-slate-node="text"
    >
      <span
        class=" "
        data-be="text"
        data-slate-leaf="true"
        draggable="false"
      >
        <span
          data-slate-string="true"
        >
          Code blocks with different languages
        </span>
      </span>
    </span>
  </div>
  <div
    data-slate-node="element"
  >
    <div
      class="ace-el drag-el"
      contenteditable="false"
      data-be="code"
      data-lang="typescript"
      tabindex="-1"
    >
      <div
        contenteditable="false"
        style="background-color: transparent; user-select: none;"
      >
        <div
          class="ace-container drag-el "
          style="box-sizing: border-box; background-color: rgb(252, 252, 252); max-height: 400px; overflow: auto; position: relative; height: auto; opacity: 1; border: 1px solid rgb(231, 233, 232); transition: border-color 0.2s ease-in-out;"
        >
          <div
            contenteditable="false"
            style="height: 1px; width: 100%; position: sticky; left: 0px; top: 0px; display: flex; align-items: center; justify-content: flex-end; padding-right: 0.375em; z-index: 50; box-sizing: border-box;"
          />
          <div
            style="height: 200px; line-height: 22px;"
          />
          <div
            style="height: 0.5px; overflow: hidden; opacity: 0; pointer-events: none;"
          >
            interface ComplexType {   name: string;   values: number[];   nested: {     prop: boolean;   }; }
            <span
              data-slate-node="text"
            >
              <span
                class=" "
                data-be="text"
                data-slate-leaf="true"
                draggable="false"
              >
                <span
                  data-slate-string="true"
                >
                  interface ComplexType {
  name: string;
  values: number[];
  nested: {
    prop: boolean;
  };
}
                </span>
              </span>
            </span>
          </div>
        </div>
      </div>
    </div>
  </div>
  <div
    data-slate-node="element"
  >
    <div
      class="ace-el drag-el"
      contenteditable="false"
      data-be="code"
      data-lang="bash"
      tabindex="-1"
    >
      <div
        contenteditable="false"
        style="background-color: transparent; user-select: none;"
      >
        <div
          class="ace-container drag-el "
          style="box-sizing: border-box; background-color: rgb(252, 252, 252); max-height: 400px; overflow: auto; position: relative; height: auto; opacity: 1; border: 1px solid rgb(231, 233, 232); transition: border-color 0.2s ease-in-out;"
        >
          <div
            contenteditable="false"
            style="height: 1px; width: 100%; position: sticky; left: 0px; top: 0px; display: flex; align-items: center; justify-content: flex-end; padding-right: 0.375em; z-index: 50; box-sizing: border-box;"
          />
          <div
            style="height: 200px; line-height: 22px;"
          />
          <div
            style="height: 0.5px; overflow: hidden; opacity: 0; pointer-events: none;"
          >
            # Shell commands echo "Hello World" ls -la | grep "test"
            <span
              data-slate-node="text"
            >
              <span
                class=" "
                data-be="text"
                data-slate-leaf="true"
                draggable="false"
              >
                <span
                  data-slate-string="true"
                >
                  # Shell commands
echo "Hello World"
ls -la | grep "test"
                </span>
              </span>
            </span>
          </div>
        </div>
      </div>
    </div>
  </div>
  <div
    data-slate-node="element"
    data-testid="markdown-heading"
    style="font-size: 1.25em; font-weight: 600; line-height: 1.25; margin-top: 1em; margin-bottom: 1em;"
  >
    <span
      data-slate-node="text"
    >
      <span
        class=" "
        data-be="text"
        data-slate-leaf="true"
        draggable="false"
      >
        <span
          data-slate-string="true"
        >
          Links and images with complex syntax
        </span>
      </span>
    </span>
  </div>
  <div
    class="ant-md-editor-drag-el"
    data-be="paragraph"
    data-slate-node="element"
  >
    <span
      data-slate-node="text"
    >
      <span
        class=" "
        data-be="text"
        data-slate-leaf="true"
        draggable="false"
        style="text-decoration: underline; text-decoration-color: #1677ff; text-underline-offset: 4px; color: rgb(22, 119, 255); cursor: pointer;"
      >
        <span
          data-slate-string="true"
        >
          Simple link
        </span>
      </span>
    </span>
  </div>
  <div
    class="ant-md-editor-drag-el"
    data-be="paragraph"
    data-slate-node="element"
  >
    <span
      data-slate-node="text"
    >
      <span
        class=" "
        data-be="text"
        data-slate-leaf="true"
        draggable="false"
        style="text-decoration: underline; text-decoration-color: #1677ff; text-underline-offset: 4px; color: rgb(22, 119, 255); cursor: pointer;"
      >
        <span
          data-slate-string="true"
        >
          Link with title
        </span>
      </span>
    </span>
  </div>
  <div
    class="ant-md-editor-drag-el"
    data-be="paragraph"
    data-slate-node="element"
  >
    <span
      data-slate-node="text"
    >
      <span
        class=" "
        data-be="text"
        data-slate-leaf="true"
        draggable="false"
      >
        <span
          data-slate-length="0"
          data-slate-zero-width="n"
        >
          ﻿
          <br />
        </span>
      </span>
    </span>
  </div>
  <div
    aria-label="可选择的卡片元素"
    aria-selected="false"
    data-be="card"
    data-slate-node="element"
    role="button"
    style="padding: 8px; border-radius: 6px; display: inline-flex; gap: 4px; max-width: 100%; align-items: flex-end; position: relative; width: max-content; cursor: pointer; background-color: transparent; transition: all 0.2s ease-in-out; outline: none;"
    tabindex="0"
  >
    <span
      data-be="card-before"
      data-slate-node="element"
      style="min-width: 4px; height: 100%; position: relative; line-height: 1; z-index: 99; font-size: 2em; overflow: hidden; display: inline-block;"
    >
      <span
        data-slate-node="text"
      >
        <span
          class=" "
          data-be="text"
          data-slate-leaf="true"
          draggable="false"
        >
          <span
            data-slate-length="0"
            data-slate-zero-width="n"
          >
            ﻿
            <br />
          </span>
        </span>
      </span>
    </span>
    <div
      class="ant-md-editor-drag-el"
      data-be="image"
      data-slate-node="element"
      draggable="false"
      style="cursor: pointer; position: relative; user-select: none;"
    >
      <div
        aria-describedby="test-id"
        class="md-editor-media"
        contenteditable="false"
        draggable="false"
        style="padding: 4px; display: flex;"
        tabindex="-1"
      >
        <div
          style="display: flex; align-items: center; justify-content: center; border-radius: 4px; overflow: hidden; width: 400px; height: 400px;"
        >
          <div
            style="width: 100px; height: 100px; display: flex; align-items: center; justify-content: center; background: rgba(0, 0, 0, 0.05); border-radius: 12px;"
          >
            <span
              aria-label="loading"
              class="anticon anticon-loading anticon-spin"
              role="img"
              style="font-size: 24px; color: rgb(24, 144, 255);"
            >
              <svg
                aria-hidden="true"
                data-icon="loading"
                fill="currentColor"
                focusable="false"
                height="1em"
                viewBox="0 0 1024 1024"
                width="1em"
              >
                <path
                  d="M988 548c-19.9 0-36-16.1-36-36 0-59.4-11.6-117-34.6-171.3a440.45 440.45 0 00-94.3-139.9 437.71 437.71 0 00-139.9-94.3C629 83.6 571.4 72 512 72c-19.9 0-36-16.1-36-36s16.1-36 36-36c69.1 0 136.2 13.5 199.3 40.3C772.3 66 827 103 874 150c47 47 83.9 101.8 109.7 162.7 26.7 63.1 40.2 130.2 40.2 199.3.1 19.9-16 36-35.9 36z"
                />
              </svg>
            </span>
          </div>
          <div
            class="react-draggable"
            style="position: absolute; user-select: none; width: 400px; height: 400px; display: inline-block; top: 0px; left: 0px; cursor: auto; transform: translate(0px,0px); max-width: 9007199254740991px; max-height: 9007199254740991px; box-sizing: border-box; flex-shrink: 0;"
          >
            <img
              alt="image"
              draggable="false"
              referrerpolicy="no-referrer"
              src="https://example.com/image.jpg"
              style="width: 100%; height: auto; position: relative; z-index: 99; outline: none; box-shadow: none; min-height: 20px; display: none; user-select: none; pointer-events: none;"
              width="min(400px, 100%)"
            />
            <div>
              <div
                style="position: absolute; user-select: none; width: 100%; height: 10px; top: -5px; left: 0px; cursor: row-resize;"
              />
              <div
                style="position: absolute; user-select: none; width: 10px; height: 100%; top: 0px; cursor: col-resize; right: -5px;"
              />
              <div
                style="position: absolute; user-select: none; width: 100%; height: 10px; left: 0px; cursor: row-resize; bottom: -5px;"
              />
              <div
                style="position: absolute; user-select: none; width: 10px; height: 100%; top: 0px; left: -5px; cursor: col-resize;"
              />
              <div
                style="position: absolute; user-select: none; width: 20px; height: 20px; z-index: 1; right: -10px; top: -10px; cursor: ne-resize;"
              />
              <div
                style="position: absolute; user-select: none; width: 20px; height: 20px; z-index: 1; right: -10px; bottom: -10px; cursor: se-resize;"
              />
              <div
                style="position: absolute; user-select: none; width: 20px; height: 20px; z-index: 1; left: -10px; bottom: -10px; cursor: sw-resize;"
              />
              <div
                style="position: absolute; user-select: none; width: 20px; height: 20px; z-index: 1; left: -10px; top: -10px; cursor: nw-resize;"
              />
            </div>
          </div>
        </div>
        <div
          style="display: none;"
        >
          <span
            data-slate-node="text"
          >
            <span
              class=" "
              data-be="text"
              data-slate-leaf="true"
              draggable="false"
            >
              <span
                data-slate-length="0"
                data-slate-zero-width="n"
              >
                ﻿
                <br />
              </span>
            </span>
          </span>
        </div>
      </div>
    </div>
    <span
      data-be="card-after"
      data-slate-node="element"
      style="min-width: 4px; height: 100%; position: relative; line-height: 1; z-index: 99; font-size: 2em; overflow: hidden; display: inline-block;"
    >
      <span
        data-slate-node="text"
      >
        <span
          class=" "
          data-be="text"
          data-slate-leaf="true"
          draggable="false"
        >
          <span
            data-slate-length="0"
            data-slate-zero-width="n"
          >
            ﻿
            <br />
          </span>
        </span>
      </span>
    </span>
  </div>
  <div
    class="ant-md-editor-drag-el"
    data-be="paragraph"
    data-slate-node="element"
  >
    <span
      data-slate-node="text"
    >
      <span
        class=" "
        data-be="text"
        data-slate-leaf="true"
        draggable="false"
      >
        <span
          data-slate-length="0"
          data-slate-zero-width="n"
        >
          ﻿
          <br />
        </span>
      </span>
    </span>
  </div>
  <div
    data-slate-node="element"
    data-testid="markdown-heading"
    style="font-size: 1.25em; font-weight: 600; line-height: 1.25; margin-top: 1em; margin-bottom: 1em;"
  >
    <span
      data-slate-node="text"
    >
      <span
        class=" "
        data-be="text"
        data-slate-leaf="true"
        draggable="false"
      >
        <span
          data-slate-string="true"
        >
          Horizontal rules and breaks
        </span>
      </span>
    </span>
  </div>
  <div
    class="select-none"
    contenteditable="false"
    data-slate-node="element"
    data-slate-void="true"
    style="height: 1px; background-color: rgb(229, 231, 235); margin: 2em 0px;"
  >
    <div
      data-slate-spacer="true"
      style="height: 0px; color: transparent; outline: none; position: absolute;"
    >
      <span
        data-slate-node="text"
      >
        <span
          data-slate-leaf="true"
        >
          <span
            data-slate-length="0"
            data-slate-zero-width="z"
          >
            ﻿
          </span>
        </span>
      </span>
    </div>
  </div>
  <div
    class="ant-md-editor-drag-el"
    data-be="paragraph"
    data-slate-node="element"
  >
    <span
      data-slate-node="text"
    >
      <span
        class=" "
        data-be="text"
        data-slate-leaf="true"
        draggable="false"
      >
        <span
          data-slate-string="true"
        >
          Text after horizontal rule
        </span>
      </span>
    </span>
  </div>
  <div
    class="select-none"
    contenteditable="false"
    data-slate-node="element"
    data-slate-void="true"
    style="height: 1px; background-color: rgb(229, 231, 235); margin: 2em 0px;"
  >
    <div
      data-slate-spacer="true"
      style="height: 0px; color: transparent; outline: none; position: absolute;"
    >
      <span
        data-slate-node="text"
      >
        <span
          data-slate-leaf="true"
        >
          <span
            data-slate-length="0"
            data-slate-zero-width="z"
          >
            ﻿
          </span>
        </span>
      </span>
    </div>
  </div>
  <div
    class="ant-md-editor-drag-el"
    data-be="paragraph"
    data-slate-node="element"
  >
    <span
      data-slate-node="text"
    >
      <span
        class=" "
        data-be="text"
        data-slate-leaf="true"
        draggable="false"
      >
        <span
          data-slate-string="true"
        >
          Another horizontal rule style
        </span>
      </span>
    </span>
  </div>
  <div
    data-slate-node="element"
    data-testid="markdown-heading"
    style="font-size: 1.25em; font-weight: 600; line-height: 1.25; margin-top: 1em; margin-bottom: 1em;"
  >
    <span
      data-slate-node="text"
    >
      <span
        class=" "
        data-be="text"
        data-slate-leaf="true"
        draggable="false"
      >
        <span
          data-slate-string="true"
        >
          Escape characters and special cases
        </span>
      </span>
    </span>
  </div>
  <div
    class="ant-md-editor-drag-el"
    data-be="paragraph"
    data-slate-node="element"
  >
    <span
      data-slate-node="text"
    >
      <span
        class=" "
        data-be="text"
        data-slate-leaf="true"
        draggable="false"
      >
        <span
          data-slate-string="true"
        >
          This has *escaped asterisks* and [escaped brackets].
        </span>
      </span>
    </span>
  </div>
  <div
    data-slate-node="element"
  >
    <div
      class="ace-el drag-el"
      contenteditable="false"
      data-be="code"
      tabindex="-1"
    >
      <div
        contenteditable="false"
        style="background-color: transparent; user-select: none;"
      >
        <div
          class="ace-container drag-el "
          style="box-sizing: border-box; background-color: rgb(252, 252, 252); max-height: 400px; overflow: auto; position: relative; height: auto; opacity: 1; border: 1px solid rgb(231, 233, 232); transition: border-color 0.2s ease-in-out;"
        >
          <div
            contenteditable="false"
            style="height: 1px; width: 100%; position: sticky; left: 0px; top: 0px; display: flex; align-items: center; justify-content: flex-end; padding-right: 0.375em; z-index: 50; box-sizing: border-box;"
          />
          <div
            style="height: 200px; line-height: 22px;"
          />
          <div
            style="height: 0.5px; overflow: hidden; opacity: 0; pointer-events: none;"
          >
            Code block with \`backticks\` inside
            <span
              data-slate-node="text"
            >
              <span
                class=" "
                data-be="text"
                data-slate-leaf="true"
                draggable="false"
              >
                <span
                  data-slate-string="true"
                >
                  Code block with \`backticks\` inside
                </span>
              </span>
            </span>
          </div>
        </div>
      </div>
    </div>
  </div>
  <div
    data-slate-node="element"
    data-testid="markdown-heading"
    style="font-size: 1.25em; font-weight: 600; line-height: 1.25; margin-top: 1em; margin-bottom: 1em;"
  >
    <span
      data-slate-node="text"
    >
      <span
        class=" "
        data-be="text"
        data-slate-leaf="true"
        draggable="false"
      >
        <span
          data-slate-string="true"
        >
          Footnotes and references
        </span>
      </span>
    </span>
  </div>
  <div
    class="ant-md-editor-drag-el"
    data-be="paragraph"
    data-slate-node="element"
  >
    <span
      data-slate-node="text"
    >
      <span
        class=" "
        data-be="text"
        data-slate-leaf="true"
        draggable="false"
      >
        <span
          data-slate-string="true"
        >
          This text has a footnote
        </span>
      </span>
    </span>
    <span
      data-slate-node="text"
    >
      <span
        class=" "
        data-be="text"
        data-fnc="fnc"
        data-slate-leaf="true"
        draggable="false"
      >
        1
      </span>
    </span>
    <span
      data-slate-node="text"
    >
      <span
        class=" "
        data-be="text"
        data-slate-leaf="true"
        draggable="false"
      >
        <span
          data-slate-string="true"
        >
           and another
        </span>
      </span>
    </span>
    <span
      data-slate-node="text"
    >
      <span
        class=" "
        data-be="text"
        data-fnc="fnc"
        data-slate-leaf="true"
        draggable="false"
      >
        NOTE
      </span>
    </span>
    <span
      data-slate-node="text"
    >
      <span
        class=" "
        data-be="text"
        data-slate-leaf="true"
        draggable="false"
      >
        <span
          data-slate-string="true"
        >
          .
        </span>
      </span>
    </span>
  </div>
  <div
    class="ant-md-editor-drag-el"
    data-be="footnoteDefinition"
    data-slate-node="element"
    style="font-size: 12px; margin: 5px 0px; display: flex; gap: 4px;"
  >
    1
    .
    <span
      style="display: flex; align-items: center; gap: 2px;"
    >
      <span
        data-slate-node="text"
      >
        <span
          class=" "
          data-be="text"
          data-slate-leaf="true"
          draggable="false"
        >
          <span
            data-slate-string="true"
          >
            This is the first footnote.
          </span>
        </span>
      </span>
    </span>
  </div>
  <div
    class="ant-md-editor-drag-el"
    data-be="footnoteDefinition"
    data-slate-node="element"
    style="font-size: 12px; margin: 5px 0px; display: flex; gap: 4px;"
  >
    note
    .
    <span
      style="display: flex; align-items: center; gap: 2px;"
    >
      <span
        data-slate-node="text"
      >
        <span
          class=" "
          data-be="text"
          data-slate-leaf="true"
          draggable="false"
        >
          <span
            data-slate-string="true"
          >
            This is a named footnote with 
          </span>
        </span>
      </span>
    </span>
  </div>
  <div
    data-slate-node="element"
    data-testid="markdown-heading"
    style="font-size: 1.25em; font-weight: 600; line-height: 1.25; margin-top: 1em; margin-bottom: 1em;"
  >
    <span
      data-slate-node="text"
    >
      <span
        class=" "
        data-be="text"
        data-slate-leaf="true"
        draggable="false"
      >
        <span
          data-slate-string="true"
        >
          Reference definitions
        </span>
      </span>
    </span>
  </div>
  <div
    class="ant-md-editor-drag-el"
    data-be="paragraph"
    data-slate-node="element"
  >
    <span
      data-slate-node="text"
    >
      <span
        class=" "
        data-be="text"
        data-slate-leaf="true"
        draggable="false"
      >
        <span
          data-slate-string="true"
        >
          [ref1]: 
        </span>
      </span>
      <span
        class=" "
        data-be="text"
        data-slate-leaf="true"
        draggable="false"
      >
        <span
          data-slate-string="true"
        >
          https://example.com/reference
        </span>
      </span>
    </span>
  </div>
  <div
    class="ant-md-editor-drag-el"
    data-be="paragraph"
    data-slate-node="element"
  >
    <span
      data-slate-node="text"
    >
      <span
        class=" "
        data-be="text"
        data-slate-leaf="true"
        draggable="false"
      >
        <span
          data-slate-string="true"
        >
          [img1]: 
        </span>
      </span>
      <span
        class=" "
        data-be="text"
        data-slate-leaf="true"
        draggable="false"
      >
        <span
          data-slate-string="true"
        >
          https://example.com/ref-image.jpg
        </span>
      </span>
    </span>
  </div>
  <div
    data-slate-node="element"
    data-testid="markdown-heading"
    style="font-size: 1.25em; font-weight: 600; line-height: 1.25; margin-top: 1em; margin-bottom: 1em;"
  >
    <span
      data-slate-node="text"
    >
      <span
        class=" "
        data-be="text"
        data-slate-leaf="true"
        draggable="false"
      >
        <span
          data-slate-string="true"
        >
          HTML mixed with Markdown
        </span>
      </span>
    </span>
  </div>
  <div
    class="ant-md-editor-drag-el"
    data-be="paragraph"
    data-slate-node="element"
  >
    <span
      data-slate-node="text"
    >
      <span
        class=" "
        data-be="text"
        data-slate-leaf="true"
        draggable="false"
        style="font-weight: bold;"
      >
        <span
          data-testid="markdown-bold"
        >
          <span
            data-slate-string="true"
          >
            Centered content
          </span>
        </span>
      </span>
    </span>
    <span
      data-slate-node="text"
    >
      <span
        class=" "
        data-be="text"
        data-slate-leaf="true"
        draggable="false"
      >
        <span
          data-slate-string="true"
        >
           with HTML wrapper
        </span>
      </span>
    </span>
  </div>
  <div
    class="ant-md-editor-drag-el"
    data-be="paragraph"
    data-slate-node="element"
  >
    <span
      data-slate-node="text"
    >
      <span
        class=" "
        data-be="text"
        data-slate-leaf="true"
        draggable="false"
      >
        <span
          data-slate-string="true"
        >
          Content inside collapsible section with 
        </span>
      </span>
    </span>
    <span
      data-slate-node="text"
    >
      <span
        class=" "
        data-be="text"
        data-slate-leaf="true"
        draggable="false"
        style="font-weight: bold;"
      >
        <span
          data-testid="markdown-bold"
        >
          <span
            data-slate-string="true"
          >
            markdown
          </span>
        </span>
      </span>
    </span>
    <span
      data-slate-node="text"
    >
      <span
        class=" "
        data-be="text"
        data-slate-leaf="true"
        draggable="false"
      >
        <span
          data-slate-string="true"
        >
           formatting.
        </span>
      </span>
    </span>
  </div>
  <div
    data-slate-node="element"
  >
    <div
      class="ace-el drag-el"
      contenteditable="false"
      data-be="code"
      data-lang="javascript"
      tabindex="-1"
    >
      <div
        contenteditable="false"
        style="background-color: transparent; user-select: none;"
      >
        <div
          class="ace-container drag-el "
          style="box-sizing: border-box; background-color: rgb(252, 252, 252); max-height: 400px; overflow: auto; position: relative; height: auto; opacity: 1; border: 1px solid rgb(231, 233, 232); transition: border-color 0.2s ease-in-out;"
        >
          <div
            contenteditable="false"
            style="height: 1px; width: 100%; position: sticky; left: 0px; top: 0px; display: flex; align-items: center; justify-content: flex-end; padding-right: 0.375em; z-index: 50; box-sizing: border-box;"
          />
          <div
            style="height: 200px; line-height: 22px;"
          />
          <div
            style="height: 0.5px; overflow: hidden; opacity: 0; pointer-events: none;"
          >
            console.log("Code in collapsible");
            <span
              data-slate-node="text"
            >
              <span
                class=" "
                data-be="text"
                data-slate-leaf="true"
                draggable="false"
              >
                <span
                  data-slate-string="true"
                >
                  console.log("Code in collapsible");# Main Title with *italic* and **bold**

## Subtitle with \`inline code\`

This paragraph has **bold with *nested italic* text** and \`code with **bold** inside\`.

### Lists with complex nesting

1. First ordered item
   - Unordered sub-item
   - Another sub-item with **bold**
     1. Nested ordered item
     2. Another nested item with [link](https://example.com)
2. Second ordered item
   &gt; Blockquote inside list
   &gt; 
   &gt; With multiple lines
3. Third item with code block:
   
   \`\`\`python
   def nested_function():
       return "code in list"
   \`\`\`

### Complex table with formatting

| **Bold Header** | *Italic Header* | \`Code Header\` | Link Header |
|:----------------|:---------------:|----------------:|-------------|
| **Bold cell**   | *Italic cell*   | \`code cell\`   | [Link](https://example.com) |
| Multi-line&lt;br&gt;cell content | Cell with \`inline code\` | **Bold** and *italic* | Normal cell |
| \`\`\`&lt;br&gt;code&lt;br&gt;block&lt;br&gt;\`\`\` | &gt; Blockquote&lt;br&gt;&gt; in cell | - List&lt;br&gt;- In cell | ![Image](https://example.com/img.jpg) |

### Blockquotes with nesting

&gt; This is a blockquote
&gt; 
&gt; &gt; This is a nested blockquote
&gt; &gt; 
&gt; &gt; With **bold** and *italic* text
&gt; 
&gt; Back to first level with:
&gt; 
&gt; - List in blockquote
&gt; - Another item
&gt; 
&gt; \`\`\`javascript
&gt; // Code block in blockquote
&gt; console.log("nested code");
&gt; \`\`\`

### Code blocks with different languages

\`\`\`typescript
interface ComplexType {
  name: string;
  values: number[];
  nested: {
    prop: boolean;
  };
}
\`\`\`

\`\`\`bash
# Shell commands
echo "Hello World"
ls -la | grep "test"
\`\`\`

### Links and images with complex syntax

[Simple link](https://example.com)

[Link with title](https://example.com "This is a title")

[Reference link][ref1]

![Image with alt text](https://example.com/image.jpg "Image title")

![Reference image][img1]

### Horizontal rules and breaks

---

Text after horizontal rule

***

Another horizontal rule style

### Escape characters and special cases

This has \\*escaped asterisks\\* and \\[escaped brackets\\].

\`\`\`
Code block with \`backticks\` inside
\`\`\`

### Footnotes and references

This text has a footnote[^1] and another[^note].

[^1]: This is the first footnote.
[^note]: This is a named footnote with **formatting**.

### Reference definitions

[ref1]: https://example.com/reference "Reference title"
[img1]: https://example.com/ref-image.jpg "Reference image"

### HTML mixed with Markdown

&lt;div align="center"&gt;

**Centered content** with HTML wrapper

&lt;/div&gt;

&lt;details&gt;
&lt;summary&gt;Collapsible section&lt;/summary&gt;

Content inside collapsible section with **markdown** formatting.

\`\`\`javascript
console.log("Code in collapsible");
\`\`\`

&lt;/details&gt;
                </span>
              </span>
            </span>
          </div>
        </div>
      </div>
    </div>
  </div>
</div>
`;

exports[`Editor onPaste function > should render editor and handle basic paste event 1`] = `
<div
  aria-multiline="true"
  autocapitalize="false"
  autocorrect="false"
  class="ant-md-editor-content-focus ant-md-editor-content ant-md-editor-content-edit"
  contenteditable="true"
  data-slate-editor="true"
  data-slate-node="value"
  role="textbox"
  spellcheck="false"
  style="position: relative; white-space: pre-wrap; word-wrap: break-word; font-size: 14px;"
  zindex="-1"
>
  <div
    class="ant-md-editor-drag-el"
    data-be="paragraph"
    data-slate-node="element"
  >
    <span
      data-slate-node="text"
    >
      <span
        class=" "
        data-be="text"
        data-slate-leaf="true"
        draggable="false"
      >
        <span
          data-slate-length="0"
          data-slate-zero-width="n"
        >
          ﻿
          <br />
        </span>
      </span>
    </span>
  </div>
  <div
    class="ant-md-editor-drag-el"
    data-be="paragraph"
    data-slate-node="element"
  >
    <span
      data-slate-node="text"
    >
      <span
        class=" "
        data-be="text"
        data-slate-leaf="true"
        draggable="false"
      >
        <span
          data-slate-string="true"
        >
          Hello World
        </span>
      </span>
    </span>
  </div>
</div>
`;
