<DocumentFragment>
  <div
    class="ant-app"
  >
    <div>
      test
    </div>
    <div
      style="display: flex; gap: 8px; flex-direction: column;"
    >
      <div
        class="ant-flex ant-flex-align-stretch ant-flex-vertical"
        style="padding: 24px; gap: 12px;"
      >
        主按钮
        <div
          class="ant-flex"
          style="border: 2px dashed rgb(131, 88, 246); padding: 24px; gap: 12px;"
        >
          <button
            class="ant-btn ant-btn-default ant-btn-color-default ant-btn-variant-solid"
            type="button"
          >
            <span
              class="ant-btn-icon"
            >
              <svg
                class="sofa-icons-icon"
                fill="currentColor"
                fill-rule="evenodd"
                height="1em"
                style="vertical-align: -0.125em;"
                viewBox="0 0 16 16"
                width="1em"
                xmlns="http://www.w3.org/2000/svg"
              >
                <defs>
                  <clippath
                    id="Plus-master_svg0_334_00882"
                  >
                    <rect
                      height="16"
                      rx="0"
                      width="16"
                    />
                  </clippath>
                </defs>
                <g
                  clip-path="url(#Plus-master_svg0_334_00882)"
                >
                  <path
                    d="M8 2.667a.667.667 0 0 0-.667.666v4h-4a.667.667 0 1 0 0 1.334h4v4a.667.667 0 1 0 1.334 0v-4h4a.667.667 0 1 0 0-1.334h-4v-4A.667.667 0 0 0 8 2.667"
                  />
                </g>
              </svg>
            </span>
            <span>
              主按钮
            </span>
          </button>
          <button
            class="ant-btn ant-btn-default ant-btn-color-default ant-btn-variant-solid"
            disabled=""
            type="button"
          >
            <span
              class="ant-btn-icon"
            >
              <svg
                class="sofa-icons-icon"
                fill="currentColor"
                fill-rule="evenodd"
                height="1em"
                style="vertical-align: -0.125em;"
                viewBox="0 0 16 16"
                width="1em"
                xmlns="http://www.w3.org/2000/svg"
              >
                <defs>
                  <clippath
                    id="Plus-master_svg0_334_00882"
                  >
                    <rect
                      height="16"
                      rx="0"
                      width="16"
                    />
                  </clippath>
                </defs>
                <g
                  clip-path="url(#Plus-master_svg0_334_00882)"
                >
                  <path
                    d="M8 2.667a.667.667 0 0 0-.667.666v4h-4a.667.667 0 1 0 0 1.334h4v4a.667.667 0 1 0 1.334 0v-4h4a.667.667 0 1 0 0-1.334h-4v-4A.667.667 0 0 0 8 2.667"
                  />
                </g>
              </svg>
            </span>
            <span>
              主按钮
            </span>
          </button>
          <button
            class="ant-btn ant-btn-default ant-btn-color-default ant-btn-variant-solid ant-btn-loading"
            style="background: var(--color-gray-text-disabled);"
            type="button"
          >
            <span
              class="ant-btn-icon ant-btn-loading-icon"
            >
              <span
                aria-label="loading"
                class="anticon anticon-loading anticon-spin"
                role="img"
              >
                <svg
                  aria-hidden="true"
                  data-icon="loading"
                  fill="currentColor"
                  focusable="false"
                  height="1em"
                  viewBox="0 0 1024 1024"
                  width="1em"
                >
                  <path
                    d="M988 548c-19.9 0-36-16.1-36-36 0-59.4-11.6-117-34.6-171.3a440.45 440.45 0 00-94.3-139.9 437.71 437.71 0 00-139.9-94.3C629 83.6 571.4 72 512 72c-19.9 0-36-16.1-36-36s16.1-36 36-36c69.1 0 136.2 13.5 199.3 40.3C772.3 66 827 103 874 150c47 47 83.9 101.8 109.7 162.7 26.7 63.1 40.2 130.2 40.2 199.3.1 19.9-16 36-35.9 36z"
                  />
                </svg>
              </span>
            </span>
            <span>
              主按钮
            </span>
          </button>
        </div>
        次按钮
        <div
          class="ant-flex"
          style="border: 2px dashed rgb(131, 88, 246); padding: 24px; gap: 12px;"
        >
          <button
            class="ant-btn ant-btn-default ant-btn-color-default ant-btn-variant-filled"
            type="button"
          >
            <span
              class="ant-btn-icon"
            >
              <svg
                class="sofa-icons-icon"
                fill="currentColor"
                fill-rule="evenodd"
                height="1em"
                style="vertical-align: -0.125em;"
                viewBox="0 0 16 16"
                width="1em"
                xmlns="http://www.w3.org/2000/svg"
              >
                <defs>
                  <clippath
                    id="Plus-master_svg0_334_00882"
                  >
                    <rect
                      height="16"
                      rx="0"
                      width="16"
                    />
                  </clippath>
                </defs>
                <g
                  clip-path="url(#Plus-master_svg0_334_00882)"
                >
                  <path
                    d="M8 2.667a.667.667 0 0 0-.667.666v4h-4a.667.667 0 1 0 0 1.334h4v4a.667.667 0 1 0 1.334 0v-4h4a.667.667 0 1 0 0-1.334h-4v-4A.667.667 0 0 0 8 2.667"
                  />
                </g>
              </svg>
            </span>
            <span>
              次按钮
            </span>
          </button>
          <button
            class="ant-btn ant-btn-default ant-btn-color-default ant-btn-variant-filled"
            disabled=""
            type="button"
          >
            <span
              class="ant-btn-icon"
            >
              <svg
                class="sofa-icons-icon"
                fill="currentColor"
                fill-rule="evenodd"
                height="1em"
                style="vertical-align: -0.125em;"
                viewBox="0 0 16 16"
                width="1em"
                xmlns="http://www.w3.org/2000/svg"
              >
                <defs>
                  <clippath
                    id="Plus-master_svg0_334_00882"
                  >
                    <rect
                      height="16"
                      rx="0"
                      width="16"
                    />
                  </clippath>
                </defs>
                <g
                  clip-path="url(#Plus-master_svg0_334_00882)"
                >
                  <path
                    d="M8 2.667a.667.667 0 0 0-.667.666v4h-4a.667.667 0 1 0 0 1.334h4v4a.667.667 0 1 0 1.334 0v-4h4a.667.667 0 1 0 0-1.334h-4v-4A.667.667 0 0 0 8 2.667"
                  />
                </g>
              </svg>
            </span>
            <span>
              次按钮
            </span>
          </button>
          <button
            class="ant-btn ant-btn-default ant-btn-color-default ant-btn-variant-filled ant-btn-loading"
            type="button"
          >
            <span
              class="ant-btn-icon ant-btn-loading-icon"
            >
              <span
                aria-label="loading"
                class="anticon anticon-loading anticon-spin"
                role="img"
              >
                <svg
                  aria-hidden="true"
                  data-icon="loading"
                  fill="currentColor"
                  focusable="false"
                  height="1em"
                  viewBox="0 0 1024 1024"
                  width="1em"
                >
                  <path
                    d="M988 548c-19.9 0-36-16.1-36-36 0-59.4-11.6-117-34.6-171.3a440.45 440.45 0 00-94.3-139.9 437.71 437.71 0 00-139.9-94.3C629 83.6 571.4 72 512 72c-19.9 0-36-16.1-36-36s16.1-36 36-36c69.1 0 136.2 13.5 199.3 40.3C772.3 66 827 103 874 150c47 47 83.9 101.8 109.7 162.7 26.7 63.1 40.2 130.2 40.2 199.3.1 19.9-16 36-35.9 36z"
                  />
                </svg>
              </span>
            </span>
            <span>
              次按钮
            </span>
          </button>
        </div>
        Ghost 按钮
        <div
          class="ant-flex"
          style="border: 2px dashed rgb(131, 88, 246); padding: 24px; gap: 12px;"
        >
          <button
            class="ant-btn ant-btn-default ant-btn-color-default ant-btn-variant-outlined"
            type="button"
          >
            <span
              class="ant-btn-icon"
            >
              <svg
                class="sofa-icons-icon"
                fill="currentColor"
                fill-rule="evenodd"
                height="1em"
                style="vertical-align: -0.125em;"
                viewBox="0 0 16 16"
                width="1em"
                xmlns="http://www.w3.org/2000/svg"
              >
                <defs>
                  <clippath
                    id="Plus-master_svg0_334_00882"
                  >
                    <rect
                      height="16"
                      rx="0"
                      width="16"
                    />
                  </clippath>
                </defs>
                <g
                  clip-path="url(#Plus-master_svg0_334_00882)"
                >
                  <path
                    d="M8 2.667a.667.667 0 0 0-.667.666v4h-4a.667.667 0 1 0 0 1.334h4v4a.667.667 0 1 0 1.334 0v-4h4a.667.667 0 1 0 0-1.334h-4v-4A.667.667 0 0 0 8 2.667"
                  />
                </g>
              </svg>
            </span>
            <span>
              Ghost 按钮
            </span>
          </button>
          <button
            class="ant-btn ant-btn-default ant-btn-color-default ant-btn-variant-outlined"
            disabled=""
            type="button"
          >
            <span
              class="ant-btn-icon"
            >
              <svg
                class="sofa-icons-icon"
                fill="currentColor"
                fill-rule="evenodd"
                height="1em"
                style="vertical-align: -0.125em;"
                viewBox="0 0 16 16"
                width="1em"
                xmlns="http://www.w3.org/2000/svg"
              >
                <defs>
                  <clippath
                    id="Plus-master_svg0_334_00882"
                  >
                    <rect
                      height="16"
                      rx="0"
                      width="16"
                    />
                  </clippath>
                </defs>
                <g
                  clip-path="url(#Plus-master_svg0_334_00882)"
                >
                  <path
                    d="M8 2.667a.667.667 0 0 0-.667.666v4h-4a.667.667 0 1 0 0 1.334h4v4a.667.667 0 1 0 1.334 0v-4h4a.667.667 0 1 0 0-1.334h-4v-4A.667.667 0 0 0 8 2.667"
                  />
                </g>
              </svg>
            </span>
            <span>
              Ghost 按钮
            </span>
          </button>
          <button
            class="ant-btn ant-btn-default ant-btn-color-default ant-btn-variant-outlined ant-btn-loading"
            type="button"
          >
            <span
              class="ant-btn-icon ant-btn-loading-icon"
            >
              <span
                aria-label="loading"
                class="anticon anticon-loading anticon-spin"
                role="img"
              >
                <svg
                  aria-hidden="true"
                  data-icon="loading"
                  fill="currentColor"
                  focusable="false"
                  height="1em"
                  viewBox="0 0 1024 1024"
                  width="1em"
                >
                  <path
                    d="M988 548c-19.9 0-36-16.1-36-36 0-59.4-11.6-117-34.6-171.3a440.45 440.45 0 00-94.3-139.9 437.71 437.71 0 00-139.9-94.3C629 83.6 571.4 72 512 72c-19.9 0-36-16.1-36-36s16.1-36 36-36c69.1 0 136.2 13.5 199.3 40.3C772.3 66 827 103 874 150c47 47 83.9 101.8 109.7 162.7 26.7 63.1 40.2 130.2 40.2 199.3.1 19.9-16 36-35.9 36z"
                  />
                </svg>
              </span>
            </span>
            <span>
              Ghost 按钮
            </span>
          </button>
        </div>
        文本按钮
        <div
          class="ant-flex"
          style="border: 2px dashed rgb(131, 88, 246); padding: 24px; gap: 12px;"
        >
          <button
            class="ant-btn ant-btn-text ant-btn-color-default ant-btn-variant-text"
            type="button"
          >
            <span>
              Text按钮
            </span>
          </button>
          <button
            class="ant-btn ant-btn-text ant-btn-color-default ant-btn-variant-text"
            disabled=""
            type="button"
          >
            <span>
              Text
            </span>
          </button>
          <button
            class="ant-btn ant-btn-text ant-btn-color-default ant-btn-variant-text ant-btn-loading"
            type="button"
          >
            <span
              class="ant-btn-icon ant-btn-loading-icon"
            >
              <span
                aria-label="loading"
                class="anticon anticon-loading anticon-spin"
                role="img"
              >
                <svg
                  aria-hidden="true"
                  data-icon="loading"
                  fill="currentColor"
                  focusable="false"
                  height="1em"
                  viewBox="0 0 1024 1024"
                  width="1em"
                >
                  <path
                    d="M988 548c-19.9 0-36-16.1-36-36 0-59.4-11.6-117-34.6-171.3a440.45 440.45 0 00-94.3-139.9 437.71 437.71 0 00-139.9-94.3C629 83.6 571.4 72 512 72c-19.9 0-36-16.1-36-36s16.1-36 36-36c69.1 0 136.2 13.5 199.3 40.3C772.3 66 827 103 874 150c47 47 83.9 101.8 109.7 162.7 26.7 63.1 40.2 130.2 40.2 199.3.1 19.9-16 36-35.9 36z"
                  />
                </svg>
              </span>
            </span>
            <span>
              Text
            </span>
          </button>
        </div>
        CTA 按钮
        <div
          class="ant-flex"
          style="border: 2px dashed rgb(131, 88, 246); padding: 24px; gap: 12px;"
        >
          <button
            class="ant-btn ant-btn-primary ant-btn-color-primary ant-btn-variant-solid"
            type="button"
          >
            <span>
              CTA 按钮
            </span>
          </button>
          <button
            class="ant-btn ant-btn-primary ant-btn-color-primary ant-btn-variant-solid"
            disabled=""
            type="button"
          >
            <span>
              CTA 按钮
            </span>
          </button>
          <button
            class="ant-btn ant-btn-primary ant-btn-color-primary ant-btn-variant-solid ant-btn-loading"
            type="button"
          >
            <span
              class="ant-btn-icon ant-btn-loading-icon"
            >
              <span
                aria-label="loading"
                class="anticon anticon-loading anticon-spin"
                role="img"
              >
                <svg
                  aria-hidden="true"
                  data-icon="loading"
                  fill="currentColor"
                  focusable="false"
                  height="1em"
                  viewBox="0 0 1024 1024"
                  width="1em"
                >
                  <path
                    d="M988 548c-19.9 0-36-16.1-36-36 0-59.4-11.6-117-34.6-171.3a440.45 440.45 0 00-94.3-139.9 437.71 437.71 0 00-139.9-94.3C629 83.6 571.4 72 512 72c-19.9 0-36-16.1-36-36s16.1-36 36-36c69.1 0 136.2 13.5 199.3 40.3C772.3 66 827 103 874 150c47 47 83.9 101.8 109.7 162.7 26.7 63.1 40.2 130.2 40.2 199.3.1 19.9-16 36-35.9 36z"
                  />
                </svg>
              </span>
            </span>
            <span>
              CTA 按钮
            </span>
          </button>
        </div>
        按钮 - SM尺寸
        <div
          class="ant-flex"
          style="border: 2px dashed rgb(131, 88, 246); padding: 24px; gap: 12px;"
        >
          <button
            class="ant-btn ant-btn-default ant-btn-color-default ant-btn-variant-solid ant-btn-sm"
            type="button"
          >
            <span
              class="ant-btn-icon"
            >
              <svg
                class="sofa-icons-icon"
                fill="currentColor"
                fill-rule="evenodd"
                height="1em"
                style="vertical-align: -0.125em;"
                viewBox="0 0 16 16"
                width="1em"
                xmlns="http://www.w3.org/2000/svg"
              >
                <defs>
                  <clippath
                    id="Plus-master_svg0_334_00882"
                  >
                    <rect
                      height="16"
                      rx="0"
                      width="16"
                    />
                  </clippath>
                </defs>
                <g
                  clip-path="url(#Plus-master_svg0_334_00882)"
                >
                  <path
                    d="M8 2.667a.667.667 0 0 0-.667.666v4h-4a.667.667 0 1 0 0 1.334h4v4a.667.667 0 1 0 1.334 0v-4h4a.667.667 0 1 0 0-1.334h-4v-4A.667.667 0 0 0 8 2.667"
                  />
                </g>
              </svg>
            </span>
            <span>
              主按钮
            </span>
          </button>
          <button
            class="ant-btn ant-btn-default ant-btn-color-default ant-btn-variant-solid ant-btn-sm"
            disabled=""
            type="button"
          >
            <span
              class="ant-btn-icon"
            >
              <svg
                class="sofa-icons-icon"
                fill="currentColor"
                fill-rule="evenodd"
                height="1em"
                style="vertical-align: -0.125em;"
                viewBox="0 0 16 16"
                width="1em"
                xmlns="http://www.w3.org/2000/svg"
              >
                <defs>
                  <clippath
                    id="Plus-master_svg0_334_00882"
                  >
                    <rect
                      height="16"
                      rx="0"
                      width="16"
                    />
                  </clippath>
                </defs>
                <g
                  clip-path="url(#Plus-master_svg0_334_00882)"
                >
                  <path
                    d="M8 2.667a.667.667 0 0 0-.667.666v4h-4a.667.667 0 1 0 0 1.334h4v4a.667.667 0 1 0 1.334 0v-4h4a.667.667 0 1 0 0-1.334h-4v-4A.667.667 0 0 0 8 2.667"
                  />
                </g>
              </svg>
            </span>
            <span>
              主按钮
            </span>
          </button>
          <button
            class="ant-btn ant-btn-default ant-btn-color-default ant-btn-variant-solid ant-btn-sm ant-btn-loading"
            style="background: var(--color-gray-text-disabled);"
            type="button"
          >
            <span
              class="ant-btn-icon ant-btn-loading-icon"
            >
              <span
                aria-label="loading"
                class="anticon anticon-loading anticon-spin"
                role="img"
              >
                <svg
                  aria-hidden="true"
                  data-icon="loading"
                  fill="currentColor"
                  focusable="false"
                  height="1em"
                  viewBox="0 0 1024 1024"
                  width="1em"
                >
                  <path
                    d="M988 548c-19.9 0-36-16.1-36-36 0-59.4-11.6-117-34.6-171.3a440.45 440.45 0 00-94.3-139.9 437.71 437.71 0 00-139.9-94.3C629 83.6 571.4 72 512 72c-19.9 0-36-16.1-36-36s16.1-36 36-36c69.1 0 136.2 13.5 199.3 40.3C772.3 66 827 103 874 150c47 47 83.9 101.8 109.7 162.7 26.7 63.1 40.2 130.2 40.2 199.3.1 19.9-16 36-35.9 36z"
                  />
                </svg>
              </span>
            </span>
            <span>
              主按钮
            </span>
          </button>
        </div>
      </div>
       
      <div
        class="ant-flex ant-flex-align-stretch ant-flex-vertical"
        style="padding: 24px; gap: 12px;"
      >
        主按钮
        <div
          class="ant-flex"
          style="border: 2px dashed rgb(131, 88, 246); padding: 24px; gap: 12px;"
        >
          <div
            class="ant-icon-button"
          >
            <button
              aria-describedby="test-id"
              class="ant-btn ant-btn-default ant-btn-color-default ant-btn-variant-outlined ant-btn-icon-only ant-icon-button-button"
              type="button"
            >
              <span
                class="ant-btn-icon"
              >
                <svg
                  class="sofa-icons-icon"
                  fill="currentColor"
                  fill-rule="evenodd"
                  height="1em"
                  style="vertical-align: -0.125em;"
                  viewBox="0 0 16 16"
                  width="1em"
                  xmlns="http://www.w3.org/2000/svg"
                >
                  <defs>
                    <clippath
                      id="Plus-master_svg0_334_00882"
                    >
                      <rect
                        height="16"
                        rx="0"
                        width="16"
                      />
                    </clippath>
                  </defs>
                  <g
                    clip-path="url(#Plus-master_svg0_334_00882)"
                  >
                    <path
                      d="M8 2.667a.667.667 0 0 0-.667.666v4h-4a.667.667 0 1 0 0 1.334h4v4a.667.667 0 1 0 1.334 0v-4h4a.667.667 0 1 0 0-1.334h-4v-4A.667.667 0 0 0 8 2.667"
                    />
                  </g>
                </svg>
              </span>
            </button>
          </div>
          <div
            class="ant-icon-button"
          >
            <button
              aria-describedby="test-id"
              class="ant-btn ant-btn-default ant-btn-color-default ant-btn-variant-outlined ant-btn-icon-only ant-icon-button-button ant-icon-button-button-disabled"
              disabled=""
              type="button"
            >
              <span
                class="ant-btn-icon"
              >
                <svg
                  class="sofa-icons-icon"
                  fill="currentColor"
                  fill-rule="evenodd"
                  height="1em"
                  style="vertical-align: -0.125em;"
                  viewBox="0 0 16 16"
                  width="1em"
                  xmlns="http://www.w3.org/2000/svg"
                >
                  <defs>
                    <clippath
                      id="Plus-master_svg0_334_00882"
                    >
                      <rect
                        height="16"
                        rx="0"
                        width="16"
                      />
                    </clippath>
                  </defs>
                  <g
                    clip-path="url(#Plus-master_svg0_334_00882)"
                  >
                    <path
                      d="M8 2.667a.667.667 0 0 0-.667.666v4h-4a.667.667 0 1 0 0 1.334h4v4a.667.667 0 1 0 1.334 0v-4h4a.667.667 0 1 0 0-1.334h-4v-4A.667.667 0 0 0 8 2.667"
                    />
                  </g>
                </svg>
              </span>
            </button>
          </div>
          <div
            class="ant-icon-button"
          >
            <button
              aria-describedby="test-id"
              class="ant-btn ant-btn-default ant-btn-color-default ant-btn-variant-outlined ant-btn-icon-only ant-btn-loading ant-icon-button-button ant-icon-button-button-loading"
              type="button"
            >
              <span
                class="ant-btn-icon ant-btn-loading-icon"
              >
                <span
                  aria-label="loading"
                  class="anticon anticon-loading anticon-spin"
                  role="img"
                >
                  <svg
                    aria-hidden="true"
                    data-icon="loading"
                    fill="currentColor"
                    focusable="false"
                    height="1em"
                    viewBox="0 0 1024 1024"
                    width="1em"
                  >
                    <path
                      d="M988 548c-19.9 0-36-16.1-36-36 0-59.4-11.6-117-34.6-171.3a440.45 440.45 0 00-94.3-139.9 437.71 437.71 0 00-139.9-94.3C629 83.6 571.4 72 512 72c-19.9 0-36-16.1-36-36s16.1-36 36-36c69.1 0 136.2 13.5 199.3 40.3C772.3 66 827 103 874 150c47 47 83.9 101.8 109.7 162.7 26.7 63.1 40.2 130.2 40.2 199.3.1 19.9-16 36-35.9 36z"
                    />
                  </svg>
                </span>
              </span>
            </button>
          </div>
        </div>
        次按钮
        <div
          class="ant-flex"
          style="border: 2px dashed rgb(131, 88, 246); padding: 24px; gap: 12px;"
        >
          <button
            class="ant-btn ant-btn-default ant-btn-color-default ant-btn-variant-filled ant-btn-icon-only"
            type="button"
          >
            <span
              class="ant-btn-icon"
            >
              <svg
                class="sofa-icons-icon"
                fill="currentColor"
                fill-rule="evenodd"
                height="1em"
                style="vertical-align: -0.125em;"
                viewBox="0 0 16 16"
                width="1em"
                xmlns="http://www.w3.org/2000/svg"
              >
                <defs>
                  <clippath
                    id="Plus-master_svg0_334_00882"
                  >
                    <rect
                      height="16"
                      rx="0"
                      width="16"
                    />
                  </clippath>
                </defs>
                <g
                  clip-path="url(#Plus-master_svg0_334_00882)"
                >
                  <path
                    d="M8 2.667a.667.667 0 0 0-.667.666v4h-4a.667.667 0 1 0 0 1.334h4v4a.667.667 0 1 0 1.334 0v-4h4a.667.667 0 1 0 0-1.334h-4v-4A.667.667 0 0 0 8 2.667"
                  />
                </g>
              </svg>
            </span>
          </button>
          <button
            class="ant-btn ant-btn-default ant-btn-color-default ant-btn-variant-filled ant-btn-icon-only"
            disabled=""
            type="button"
          >
            <span
              class="ant-btn-icon"
            >
              <svg
                class="sofa-icons-icon"
                fill="currentColor"
                fill-rule="evenodd"
                height="1em"
                style="vertical-align: -0.125em;"
                viewBox="0 0 16 16"
                width="1em"
                xmlns="http://www.w3.org/2000/svg"
              >
                <defs>
                  <clippath
                    id="Plus-master_svg0_334_00882"
                  >
                    <rect
                      height="16"
                      rx="0"
                      width="16"
                    />
                  </clippath>
                </defs>
                <g
                  clip-path="url(#Plus-master_svg0_334_00882)"
                >
                  <path
                    d="M8 2.667a.667.667 0 0 0-.667.666v4h-4a.667.667 0 1 0 0 1.334h4v4a.667.667 0 1 0 1.334 0v-4h4a.667.667 0 1 0 0-1.334h-4v-4A.667.667 0 0 0 8 2.667"
                  />
                </g>
              </svg>
            </span>
          </button>
          <button
            class="ant-btn ant-btn-default ant-btn-color-default ant-btn-variant-filled ant-btn-icon-only ant-btn-loading"
            type="button"
          >
            <span
              class="ant-btn-icon ant-btn-loading-icon"
            >
              <span
                aria-label="loading"
                class="anticon anticon-loading anticon-spin"
                role="img"
              >
                <svg
                  aria-hidden="true"
                  data-icon="loading"
                  fill="currentColor"
                  focusable="false"
                  height="1em"
                  viewBox="0 0 1024 1024"
                  width="1em"
                >
                  <path
                    d="M988 548c-19.9 0-36-16.1-36-36 0-59.4-11.6-117-34.6-171.3a440.45 440.45 0 00-94.3-139.9 437.71 437.71 0 00-139.9-94.3C629 83.6 571.4 72 512 72c-19.9 0-36-16.1-36-36s16.1-36 36-36c69.1 0 136.2 13.5 199.3 40.3C772.3 66 827 103 874 150c47 47 83.9 101.8 109.7 162.7 26.7 63.1 40.2 130.2 40.2 199.3.1 19.9-16 36-35.9 36z"
                  />
                </svg>
              </span>
            </span>
          </button>
        </div>
        无边框按钮
        <div
          class="ant-flex"
          style="border: 2px dashed rgb(131, 88, 246); padding: 24px; gap: 12px;"
        >
          <button
            class="ant-btn ant-btn-default ant-btn-color-default ant-btn-variant-text ant-btn-icon-only"
            type="button"
          >
            <span
              class="ant-btn-icon"
            >
              <svg
                class="sofa-icons-icon"
                fill="currentColor"
                fill-rule="evenodd"
                height="1em"
                style="vertical-align: -0.125em;"
                viewBox="0 0 16 16"
                width="1em"
                xmlns="http://www.w3.org/2000/svg"
              >
                <defs>
                  <clippath
                    id="Plus-master_svg0_334_00882"
                  >
                    <rect
                      height="16"
                      rx="0"
                      width="16"
                    />
                  </clippath>
                </defs>
                <g
                  clip-path="url(#Plus-master_svg0_334_00882)"
                >
                  <path
                    d="M8 2.667a.667.667 0 0 0-.667.666v4h-4a.667.667 0 1 0 0 1.334h4v4a.667.667 0 1 0 1.334 0v-4h4a.667.667 0 1 0 0-1.334h-4v-4A.667.667 0 0 0 8 2.667"
                  />
                </g>
              </svg>
            </span>
          </button>
          <button
            class="ant-btn ant-btn-default ant-btn-color-default ant-btn-variant-text ant-btn-icon-only"
            disabled=""
            type="button"
          >
            <span
              class="ant-btn-icon"
            >
              <svg
                class="sofa-icons-icon"
                fill="currentColor"
                fill-rule="evenodd"
                height="1em"
                style="vertical-align: -0.125em;"
                viewBox="0 0 16 16"
                width="1em"
                xmlns="http://www.w3.org/2000/svg"
              >
                <defs>
                  <clippath
                    id="Plus-master_svg0_334_00882"
                  >
                    <rect
                      height="16"
                      rx="0"
                      width="16"
                    />
                  </clippath>
                </defs>
                <g
                  clip-path="url(#Plus-master_svg0_334_00882)"
                >
                  <path
                    d="M8 2.667a.667.667 0 0 0-.667.666v4h-4a.667.667 0 1 0 0 1.334h4v4a.667.667 0 1 0 1.334 0v-4h4a.667.667 0 1 0 0-1.334h-4v-4A.667.667 0 0 0 8 2.667"
                  />
                </g>
              </svg>
            </span>
          </button>
          <button
            class="ant-btn ant-btn-default ant-btn-color-default ant-btn-variant-text ant-btn-icon-only ant-btn-loading"
            type="button"
          >
            <span
              class="ant-btn-icon ant-btn-loading-icon"
            >
              <span
                aria-label="loading"
                class="anticon anticon-loading anticon-spin"
                role="img"
              >
                <svg
                  aria-hidden="true"
                  data-icon="loading"
                  fill="currentColor"
                  focusable="false"
                  height="1em"
                  viewBox="0 0 1024 1024"
                  width="1em"
                >
                  <path
                    d="M988 548c-19.9 0-36-16.1-36-36 0-59.4-11.6-117-34.6-171.3a440.45 440.45 0 00-94.3-139.9 437.71 437.71 0 00-139.9-94.3C629 83.6 571.4 72 512 72c-19.9 0-36-16.1-36-36s16.1-36 36-36c69.1 0 136.2 13.5 199.3 40.3C772.3 66 827 103 874 150c47 47 83.9 101.8 109.7 162.7 26.7 63.1 40.2 130.2 40.2 199.3.1 19.9-16 36-35.9 36z"
                  />
                </svg>
              </span>
            </span>
          </button>
        </div>
      </div>
       
      <div
        class="ant-flex ant-flex-align-stretch ant-flex-vertical"
        style="padding: 24px; gap: 12px;"
      >
        <div
          class="ant-flex"
          style="border: 2px dashed rgb(131, 88, 246); padding: 24px; gap: 12px;"
        >
          <div
            class="ant-toggle-button"
          >
            <button
              class="ant-btn ant-btn-default ant-btn-color-default ant-btn-variant-outlined ant-toggle-button-button"
              style="background: transparent; padding: 0px; height: 100%; display: flex; align-items: center;"
              type="button"
            >
              <span
                class="ant-toggle-button-icon"
              >
                <svg
                  class="sofa-icons-icon"
                  fill="currentColor"
                  fill-rule="evenodd"
                  height="1em"
                  style="vertical-align: -0.125em;"
                  viewBox="0 0 24 24"
                  width="1em"
                  xmlns="http://www.w3.org/2000/svg"
                >
                  <defs>
                    <clippath
                      id="Plug-master_svg0_2194_13342"
                    >
                      <rect
                        height="24"
                        rx="0"
                        width="24"
                      />
                    </clippath>
                  </defs>
                  <g
                    clip-path="url(#Plug-master_svg0_2194_13342)"
                  >
                    <path
                      d="M27 3a1 1 0 0 0-1 1v2h-3a1 1 0 0 0-1 1v7q0 2.071 1.464 3.536Q24.93 19 29 19h1v3a1 1 0 1 0 2 0v-3h3q2.071 0 3.535-1.464Q40 16.07 40 14V7a1 1 0 0 0-1-1h-3V4a1 1 0 1 0-2 0v2h-6V4a1 1 0 0 0-1-1m9 5H24v6q0 1.243.879 2.121.878.88 4.121.88h6q1.243 0 2.121-.88.879-.878.879-2.12V8z"
                      style="mix-blend-mode: passthrough;"
                      transform="rotate(90 22 3)"
                    />
                  </g>
                </svg>
              </span>
              <span
                class="ant-toggle-button-text"
              >
                正常状态
              </span>
              <span
                class="ant-toggle-button-trigger-icon"
              >
                <svg
                  class="sofa-icons-icon"
                  fill="currentColor"
                  fill-rule="evenodd"
                  height="1em"
                  style="vertical-align: -0.125em;"
                  viewBox="0 0 16 16"
                  width="1em"
                  xmlns="http://www.w3.org/2000/svg"
                >
                  <defs>
                    <clippath
                      id="ChevronDown-master_svg0_172_371"
                    >
                      <rect
                        height="16"
                        rx="0"
                        width="16"
                        y="16"
                      />
                    </clippath>
                  </defs>
                  <g
                    clip-path="url(#ChevronDown-master_svg0_172_371)"
                    transform="matrix(1 0 0 -1 0 32)"
                  >
                    <path
                      d="m11.862 26.471-3.529-3.528-3.528 3.528a.667.667 0 1 1-.943-.942l4-4a.667.667 0 0 1 .943 0l4 4a.667.667 0 0 1-.943.942"
                      style="mix-blend-mode: passthrough;"
                    />
                  </g>
                </svg>
              </span>
            </button>
          </div>
          <div
            class="ant-toggle-button ant-toggle-button-active"
          >
            <button
              class="ant-btn ant-btn-default ant-btn-color-default ant-btn-variant-outlined ant-toggle-button-button"
              style="background: transparent; padding: 0px; height: 100%; display: flex; align-items: center;"
              type="button"
            >
              <span
                class="ant-toggle-button-icon"
              >
                <svg
                  class="sofa-icons-icon"
                  fill="currentColor"
                  fill-rule="evenodd"
                  height="1em"
                  style="vertical-align: -0.125em;"
                  viewBox="0 0 24 24"
                  width="1em"
                  xmlns="http://www.w3.org/2000/svg"
                >
                  <defs>
                    <clippath
                      id="Plug-master_svg0_2194_13342"
                    >
                      <rect
                        height="24"
                        rx="0"
                        width="24"
                      />
                    </clippath>
                  </defs>
                  <g
                    clip-path="url(#Plug-master_svg0_2194_13342)"
                  >
                    <path
                      d="M27 3a1 1 0 0 0-1 1v2h-3a1 1 0 0 0-1 1v7q0 2.071 1.464 3.536Q24.93 19 29 19h1v3a1 1 0 1 0 2 0v-3h3q2.071 0 3.535-1.464Q40 16.07 40 14V7a1 1 0 0 0-1-1h-3V4a1 1 0 1 0-2 0v2h-6V4a1 1 0 0 0-1-1m9 5H24v6q0 1.243.879 2.121.878.88 4.121.88h6q1.243 0 2.121-.88.879-.878.879-2.12V8z"
                      style="mix-blend-mode: passthrough;"
                      transform="rotate(90 22 3)"
                    />
                  </g>
                </svg>
              </span>
              <span
                class="ant-toggle-button-text"
              >
                激活状态
              </span>
              <span
                class="ant-toggle-button-trigger-icon"
              >
                <svg
                  class="sofa-icons-icon"
                  fill="currentColor"
                  fill-rule="evenodd"
                  height="1em"
                  style="vertical-align: -0.125em;"
                  viewBox="0 0 16 16"
                  width="1em"
                  xmlns="http://www.w3.org/2000/svg"
                >
                  <defs>
                    <clippath
                      id="ChevronDown-master_svg0_172_371"
                    >
                      <rect
                        height="16"
                        rx="0"
                        width="16"
                        y="16"
                      />
                    </clippath>
                  </defs>
                  <g
                    clip-path="url(#ChevronDown-master_svg0_172_371)"
                    transform="matrix(1 0 0 -1 0 32)"
                  >
                    <path
                      d="m11.862 26.471-3.529-3.528-3.528 3.528a.667.667 0 1 1-.943-.942l4-4a.667.667 0 0 1 .943 0l4 4a.667.667 0 0 1-.943.942"
                      style="mix-blend-mode: passthrough;"
                    />
                  </g>
                </svg>
              </span>
            </button>
          </div>
          <div
            class="ant-toggle-button ant-toggle-button-disabled"
          >
            <button
              class="ant-btn ant-btn-default ant-btn-color-default ant-btn-variant-outlined ant-toggle-button-button"
              disabled=""
              style="background: transparent; padding: 0px; height: 100%; display: flex; align-items: center;"
              type="button"
            >
              <span
                class="ant-toggle-button-icon"
              >
                <svg
                  class="sofa-icons-icon"
                  fill="currentColor"
                  fill-rule="evenodd"
                  height="1em"
                  style="vertical-align: -0.125em;"
                  viewBox="0 0 24 24"
                  width="1em"
                  xmlns="http://www.w3.org/2000/svg"
                >
                  <defs>
                    <clippath
                      id="Plug-master_svg0_2194_13342"
                    >
                      <rect
                        height="24"
                        rx="0"
                        width="24"
                      />
                    </clippath>
                  </defs>
                  <g
                    clip-path="url(#Plug-master_svg0_2194_13342)"
                  >
                    <path
                      d="M27 3a1 1 0 0 0-1 1v2h-3a1 1 0 0 0-1 1v7q0 2.071 1.464 3.536Q24.93 19 29 19h1v3a1 1 0 1 0 2 0v-3h3q2.071 0 3.535-1.464Q40 16.07 40 14V7a1 1 0 0 0-1-1h-3V4a1 1 0 1 0-2 0v2h-6V4a1 1 0 0 0-1-1m9 5H24v6q0 1.243.879 2.121.878.88 4.121.88h6q1.243 0 2.121-.88.879-.878.879-2.12V8z"
                      style="mix-blend-mode: passthrough;"
                      transform="rotate(90 22 3)"
                    />
                  </g>
                </svg>
              </span>
              <span
                class="ant-toggle-button-text"
              >
                禁用状态
              </span>
              <span
                class="ant-toggle-button-trigger-icon"
              >
                <svg
                  class="sofa-icons-icon"
                  fill="currentColor"
                  fill-rule="evenodd"
                  height="1em"
                  style="vertical-align: -0.125em;"
                  viewBox="0 0 16 16"
                  width="1em"
                  xmlns="http://www.w3.org/2000/svg"
                >
                  <defs>
                    <clippath
                      id="ChevronDown-master_svg0_172_371"
                    >
                      <rect
                        height="16"
                        rx="0"
                        width="16"
                        y="16"
                      />
                    </clippath>
                  </defs>
                  <g
                    clip-path="url(#ChevronDown-master_svg0_172_371)"
                    transform="matrix(1 0 0 -1 0 32)"
                  >
                    <path
                      d="m11.862 26.471-3.529-3.528-3.528 3.528a.667.667 0 1 1-.943-.942l4-4a.667.667 0 0 1 .943 0l4 4a.667.667 0 0 1-.943.942"
                      style="mix-blend-mode: passthrough;"
                    />
                  </g>
                </svg>
              </span>
            </button>
          </div>
        </div>
      </div>
       
      <div
        class="ant-flex"
      >
        <button
          class="ant-btn ant-btn-default ant-btn-color-default ant-btn-variant-outlined"
          type="button"
        />
      </div>
    </div>
  </div>
</DocumentFragment>