<DocumentFragment>
  <div
    class="ant-app"
  >
    <div>
      test
    </div>
    <div
      style="padding: 20px;"
    >
      <div
        style="margin-bottom: 20px;"
      >
        <h2>
          中文输入法 Card-After 测试
        </h2>
        <div
          style="background-color: rgb(248, 249, 250); padding: 16px; border-radius: 8px; margin-bottom: 20px; border: 1px solid rgb(233, 236, 239);"
        >
          <strong>
            🧪 测试步骤：
          </strong>
          <ol
            style="margin: 12px 0px 0px 0px; padding-left: 20px;"
          >
            <li>
              点击任意卡片，会自动选中到 card-after
            </li>
            <li>
              使用中文输入法（如搜狗、微软拼音等）输入中文
            </li>
            <li>
              验证输入的文字是否出现在卡片后面的新段落中
            </li>
            <li>
              验证在 card-before 区域无法输入任何内容
            </li>
          </ol>
        </div>
        <div
          style="background-color: rgb(255, 243, 205); padding: 16px; border-radius: 8px; margin-bottom: 20px; border: 1px solid rgb(255, 234, 167);"
        >
          <strong>
            ⚡ 预期行为：
          </strong>
          <ul
            style="margin: 12px 0px 0px 0px; padding-left: 20px;"
          >
            <li>
              点击卡片后，在 card-after 区域使用中文输入法输入
            </li>
            <li>
              输入的中文内容应该出现在卡片后面的新段落中
            </li>
            <li>
              而不是直接在 card-after 区域中显示
            </li>
            <li>
              这确保了卡片结构的完整性
            </li>
          </ul>
        </div>
        <div
          style="background-color: rgb(212, 237, 218); padding: 16px; border-radius: 8px; margin-bottom: 20px; border: 1px solid rgb(195, 230, 203);"
        >
          <strong>
            🔧 技术说明：
          </strong>
          <ul
            style="margin: 12px 0px 0px 0px; padding-left: 20px;"
          >
            <li>
              修复了中文输入法通过 
              <code>
                Editor.insertText
              </code>
               绕过拦截的问题
            </li>
            <li>
              在操作层面拦截 
              <code>
                insert_text
              </code>
               操作
            </li>
            <li>
              使用 
              <code>
                Editor.withoutNormalizing
              </code>
               确保操作的原子性
            </li>
            <li>
              支持所有类型的输入法和 composition 事件
            </li>
          </ul>
        </div>
      </div>
      <div
        style="border: 1px solid rgb(225, 228, 232); border-radius: 8px; overflow: hidden;"
      >
        <div
          class="markdown-editor ant-md-editor ant-md-editor-edit"
          style="width: 400px; height: auto; display: flex; flex-direction: column; max-height: 100%; min-height: 500px; padding: 20px;"
        >
          <div
            style="padding: 12px 20px; overflow: auto; display: flex; height: 100%; position: relative; gap: 24px; outline: none;"
            tabindex="-1"
          >
            <div
              aria-multiline="true"
              autocapitalize="false"
              autocorrect="false"
              class="ant-md-editor-content-focus ant-md-editor-content ant-md-editor-content-edit"
              contenteditable="true"
              data-slate-editor="true"
              data-slate-node="value"
              role="textbox"
              spellcheck="false"
              style="position: relative; white-space: pre-wrap; word-wrap: break-word; font-size: 14px;"
              zindex="-1"
            >
              <h1
                class="ant-md-editor-drag-el"
                data-be="head"
                data-head="中文输入法测试演示"
                data-slate-node="element"
                data-title="true"
                id="中文输入法测试演示"
              >
                <span
                  data-slate-node="text"
                >
                  <span
                    class=" "
                    data-be="text"
                    data-slate-leaf="true"
                    draggable="false"
                  >
                    <span
                      data-slate-string="true"
                    >
                      中文输入法测试演示
                    </span>
                  </span>
                </span>
              </h1>
              <div
                class="ant-md-editor-drag-el"
                data-be="paragraph"
                data-slate-node="element"
              >
                <span
                  data-slate-node="text"
                >
                  <span
                    class=" "
                    data-be="text"
                    data-slate-leaf="true"
                    draggable="false"
                  >
                    <span
                      data-slate-string="true"
                    >
                      请在下面的编辑器中手动创建卡片来测试中文输入法功能。
                    </span>
                  </span>
                </span>
              </div>
              <div
                class="ant-md-editor-drag-el"
                data-be="paragraph"
                data-slate-node="element"
              >
                <span
                  data-slate-node="text"
                >
                  <span
                    class=" "
                    data-be="text"
                    data-slate-leaf="true"
                    draggable="false"
                  >
                    <span
                      data-slate-string="true"
                    >
                      您可以：
                    </span>
                  </span>
                </span>
              </div>
              <div
                class="relative"
                data-be="list"
                data-slate-node="element"
              >
                <ol
                  class="ant-md-editor-list ol"
                  start="1"
                >
                  <li
                    class="ant-md-editor-list-item"
                    data-be="list-item"
                    data-slate-node="element"
                  >
                    <div
                      class="ant-md-editor-drag-el"
                      data-be="paragraph"
                      data-slate-node="element"
                    >
                      <span
                        data-slate-node="text"
                      >
                        <span
                          class=" "
                          data-be="text"
                          data-slate-leaf="true"
                          draggable="false"
                        >
                          <span
                            data-slate-string="true"
                          >
                            输入 
                          </span>
                        </span>
                      </span>
                      <span
                        data-slate-node="text"
                      >
                        <span
                          class=" "
                          data-be="text"
                          data-slate-leaf="true"
                          draggable="false"
                        >
                          <span
                            contenteditable="false"
                            style="font-size: 0px; line-height: 0; display: inline-block;"
                          >
                             
                          </span>
                          <code
                            class="ant-md-editor-content-inline-code"
                          >
                            <span
                              data-slate-string="true"
                            >
                              @
                            </span>
                          </code>
                          <span
                            contenteditable="false"
                            style="font-size: 0px; line-height: 0; display: inline-block;"
                          >
                             
                          </span>
                        </span>
                      </span>
                      <span
                        data-slate-node="text"
                      >
                        <span
                          class=" "
                          data-be="text"
                          data-slate-leaf="true"
                          draggable="false"
                        >
                          <span
                            data-slate-string="true"
                          >
                             来创建卡片
                          </span>
                        </span>
                      </span>
                    </div>
                  </li>
                  <li
                    class="ant-md-editor-list-item"
                    data-be="list-item"
                    data-slate-node="element"
                  >
                    <div
                      class="ant-md-editor-drag-el"
                      data-be="paragraph"
                      data-slate-node="element"
                    >
                      <span
                        data-slate-node="text"
                      >
                        <span
                          class=" "
                          data-be="text"
                          data-slate-leaf="true"
                          draggable="false"
                        >
                          <span
                            data-slate-string="true"
                          >
                            点击卡片进行编辑
                          </span>
                        </span>
                      </span>
                    </div>
                  </li>
                  <li
                    class="ant-md-editor-list-item"
                    data-be="list-item"
                    data-slate-node="element"
                  >
                    <div
                      class="ant-md-editor-drag-el"
                      data-be="paragraph"
                      data-slate-node="element"
                    >
                      <span
                        data-slate-node="text"
                      >
                        <span
                          class=" "
                          data-be="text"
                          data-slate-leaf="true"
                          draggable="false"
                        >
                          <span
                            data-slate-string="true"
                          >
                            使用中文输入法测试输入
                          </span>
                        </span>
                      </span>
                    </div>
                  </li>
                </ol>
              </div>
              <div
                class="ant-md-editor-drag-el"
                data-be="paragraph"
                data-slate-node="element"
              >
                <span
                  data-slate-node="text"
                >
                  <span
                    class=" "
                    data-be="text"
                    data-slate-leaf="true"
                    draggable="false"
                  >
                    <span
                      data-slate-length="0"
                      data-slate-zero-width="n"
                    >
                      ﻿
                      <br />
                    </span>
                  </span>
                </span>
                <span
                  contenteditable="false"
                  style="font-size: 0px; line-height: 0; display: inline-block;"
                >
                   
                </span>
              </div>
            </div>
            <div>
              <div
                class=""
              >
                <div
                  class="ant-anchor-wrapper"
                  style="max-height: 300px; min-width: 200px; overflow-y: auto; overflow-x: hidden; padding-right: 4px;"
                >
                  <div
                    class="ant-anchor"
                  >
                    <span
                      class="ant-anchor-ink"
                      style="top: 0px; height: 0px;"
                    />
                    <div
                      class="ant-anchor-link"
                    >
                      <a
                        class="ant-anchor-link-title"
                        href="#中文输入法测试演示"
                        title=""
                      >
                        <span
                          style="max-width: 200px; display: inline-block; overflow: hidden; text-overflow: ellipsis; white-space: nowrap; font-size: 14px;"
                        >
                          中文输入法测试演示
                        </span>
                      </a>
                    </div>
                  </div>
                </div>
              </div>
            </div>
          </div>
          <div
            class="ant-md-editor-focus"
            style="height: 64px;"
          />
        </div>
      </div>
      <div
        style="margin-top: 20px; font-size: 14px; color: rgb(102, 102, 102);"
      >
        <p>
          <strong>
            测试提示：
          </strong>
        </p>
        <ul>
          <li>
            尝试在不同的卡片中使用中文输入法
          </li>
          <li>
            测试输入汉字、标点符号等
          </li>
          <li>
            验证输入法候选词选择是否正常工作
          </li>
          <li>
            检查是否有重复输入或丢失输入的情况
          </li>
        </ul>
      </div>
    </div>
  </div>
</DocumentFragment>