<DocumentFragment>
  <div
    class="ant-app"
  >
    <div>
      test
    </div>
    <div
      style="padding: 20px;"
    >
      <h3>
        History Task 模式
      </h3>
      <p>
        当前会话ID: session-1
      </p>
      <p>
        说明：
      </p>
      <ul>
        <li>
          任务类型使用 📋 作为默认图标
        </li>
      </ul>
      <div
        style="padding: 20px; width: 348px; margin: 0px auto; border: 1px solid rgb(217, 217, 217);"
      >
        <div
          style="display: flex; flex-direction: column; gap: 8px;"
        >
          <button
            class="ant-btn ant-btn-default ant-btn-color-primary ant-btn-variant-filled"
            style="font-weight: 500; justify-content: flex-start;"
            type="button"
          >
            <span
              class="ant-btn-icon"
            >
              <svg
                fill="none"
                height="1em"
                style="font-size: 16px;"
                viewBox="0 0 16 16"
                width="1em"
                xmlns="http://www.w3.org/2000/svg"
              >
                <defs>
                  <clippath
                    id="a"
                  >
                    <rect
                      height="16"
                      rx="0"
                      width="16"
                    />
                  </clippath>
                </defs>
                <g>
                  <path
                    d="M12.198 7.487c.67 0 1.327-.203 1.888-.583.057.356.087.723.087 1.096 0 3.682-2.874 6.667-6.42 6.667a6.203 6.203 0 01-3.023-.784l-3.397.784.755-3.528A6.842 6.842 0 011.333 8c0-3.682 2.874-6.667 6.42-6.667.622 0 1.223.092 1.791.263a3.674 3.674 0 00-.803 2.301c0 1.983 1.547 3.59 3.457 3.59zM9.235 4.154l.81.312a2.77 2.77 0 011.605 1.666l.3.842.3-.842a2.77 2.77 0 011.605-1.666l.812-.312-.812-.312a2.77 2.77 0 01-1.604-1.666l-.3-.843-.3.843a2.77 2.77 0 01-1.605 1.666l-.811.312zM4.543 8c0 1.84 1.437 3.333 3.21 3.333s3.21-1.492 3.21-3.333H9.679c0 1.105-.862 2-1.926 2s-1.926-.895-1.926-2H4.543z"
                    fill="currentColor"
                    fill-rule="evenodd"
                  />
                </g>
              </svg>
            </span>
            <span>
              新对话
            </span>
          </button>
          <div
            style="display: flex; align-items: center; gap: 4px; justify-content: space-between; margin-top: 12px;"
          >
            <div
              style="font-size: 12px; font-weight: 500; line-height: 20px; letter-spacing: normal; color: rgba(0, 25, 61, 0.326);"
            >
              历史任务
            </div>
            <span
              aria-describedby="test-id"
              aria-label="搜索"
              class="ant-md-editor-action-icon-box"
              role="button"
              style="width: 40px;"
              tabindex="0"
            >
              <svg
                fill="none"
                height="1em"
                style="font-size: 14px; color: rgba(0, 24, 61, 0.247);"
                viewBox="0 0 14 14"
                width="1em"
                xmlns="http://www.w3.org/2000/svg"
              >
                <defs>
                  <clippath
                    id="a"
                  >
                    <rect
                      height="14"
                      rx="0"
                      width="14"
                    />
                  </clippath>
                </defs>
                <g>
                  <path
                    d="M9.694 10.519a5.25 5.25 0 11.825-.825l2.143 2.144a.583.583 0 11-.825.825l-2.143-2.144zm.806-4.102a4.083 4.083 0 10-8.167 0 4.083 4.083 0 008.167 0z"
                    fill="currentColor"
                    fill-rule="evenodd"
                  />
                </g>
              </svg>
            </span>
          </div>
          <div
            aria-label="菜单"
            class="ant-history-menu ant-agent-chat-history-menu"
            role="menu"
            tabindex="0"
          >
            <div
              class="ant-history-menu-submenu"
            >
              <div
                class="ant-history-menu-item-group"
              >
                <div
                  class="ant-history-menu-item-content"
                >
                  今日
                </div>
              </div>
              <div
                aria-selected="true"
                class="ant-history-menu-item ant-history-menu-item-selected"
                role="menuitem"
                tabindex="0"
              >
                <div
                  class="ant-history-menu-item-content"
                >
                  <div
                    style="display: flex; justify-content: space-between; gap: 8px; min-width: 140px; align-items: center; width: 100%;"
                  >
                    <div
                      style="flex-shrink: 0; display: flex; align-items: center; justify-content: center;"
                    >
                      <div
                        style="width: 32px; height: 32px; display: flex; flex-direction: column; justify-content: center; align-items: center; padding: 8px; gap: 10px; font-size: 15px; border-radius: 200px; background: rgb(241, 242, 244);"
                      >
                        <svg
                          fill="none"
                          height="16"
                          style="animation: history-running-u97npihld 2s linear infinite;"
                          viewBox="0 0 16 16"
                          width="16"
                          xmlns="http://www.w3.org/2000/svg"
                        >
                          <defs>
                            <clippath
                              id="history-running-u97npihld-clip"
                            >
                              <rect
                                height="16"
                                rx="0"
                                width="16"
                              />
                            </clippath>
                            <lineargradient
                              id="history-running-u97npihld-gradient"
                              x1="-0.17775046825408936"
                              x2="0.8258928656578064"
                              y1="1"
                              y2="-0.11863356828689575"
                            >
                              <stop
                                offset="21.42857164144516%"
                                stop-color="#D7B9FF"
                              />
                              <stop
                                offset="62.14284896850586%"
                                stop-color="#9BA0FF"
                              />
                              <stop
                                offset="100%"
                                stop-color="#09B1FF"
                              />
                            </lineargradient>
                          </defs>
                          <g
                            clip-path="url(#history-running-u97npihld-clip)"
                          >
                            <path
                              d="M5.671 4.729L3.738 2.795a.667.667 0 10-.943.943L4.73 5.671a.667.667 0 00.942-.942zM1.333 7.333H4a.667.667 0 110 1.334H1.333a.667.667 0 010-1.334zM5.867 10.8c0 .177-.07.346-.196.471l-1.933 1.933a.667.667 0 11-.943-.942l1.933-1.933a.667.667 0 011.139.471zM7.333 12a.667.667 0 111.334 0v2.667a.667.667 0 11-1.334 0V12zm5.872.262l-1.934-1.933a.667.667 0 00-.942.942l1.933 1.934a.667.667 0 00.943-.943zM12 7.333h2.667a.667.667 0 110 1.334H12a.667.667 0 010-1.334zm1.4-4.066c0 .176-.07.346-.195.471l-1.933 1.933a.667.667 0 01-.943-.942l1.933-1.934a.667.667 0 011.138.472zM7.333 1.333a.667.667 0 111.334 0V4a.667.667 0 01-1.334 0V1.333z"
                              fill="url(#history-running-u97npihld-gradient)"
                              fill-rule="evenodd"
                            />
                          </g>
                        </svg>
                      </div>
                    </div>
                    <div
                      style="color: rgb(102, 111, 141); overflow: hidden; flex: 1 1 0%; display: flex; flex-direction: column; gap: 4px;"
                    >
                      <div
                        aria-describedby="test-id"
                        style="width: max-content; font-weight: 500; font-size: 14px; display: -webkit-box; max-width: min(860px,100%); overflow: hidden; text-overflow: ellipsis; white-space: nowrap; -webkit-line-clamp: 1; line-height: 20px;"
                      >
                        Create Printable PDF from...
                      </div>
                      <div
                        aria-describedby="test-id"
                        style="font-size: 10px; font-weight: normal; line-height: 18px; letter-spacing: normal; color: rgb(118, 126, 139); overflow: hidden; text-overflow: ellipsis; white-space: normal; display: -webkit-box; -webkit-line-clamp: 1;"
                      >
                        这个任务会比较复杂，我会...
                        <div
                          class="ant-divider ant-divider-vertical"
                          role="separator"
                        />
                        今日
                      </div>
                    </div>
                    <div
                      style="margin-top: 4px;"
                    >
                      <div
                        style="color: rgba(0, 0, 0, 0.25); line-height: 1; display: flex; align-items: center; justify-content: center; width: max-content; max-width: min(860px,100%);"
                      >
                        <div
                          class="ant-space ant-space-horizontal ant-space-align-center ant-space-gap-row-small ant-space-gap-col-small"
                        >
                          <div
                            class="ant-space-item"
                          >
                            <span
                              aria-describedby="test-id"
                              aria-label="删除"
                              class="ant-md-editor-action-icon-box ant-md-editor-action-icon-box-only-icon"
                              role="button"
                              tabindex="0"
                            >
                              <span
                                aria-label="delete"
                                class="anticon anticon-delete"
                                role="img"
                              >
                                <svg
                                  aria-hidden="true"
                                  data-icon="delete"
                                  fill="currentColor"
                                  focusable="false"
                                  height="1em"
                                  viewBox="64 64 896 896"
                                  width="1em"
                                >
                                  <path
                                    d="M360 184h-8c4.4 0 8-3.6 8-8v8h304v-8c0 4.4 3.6 8 8 8h-8v72h72v-80c0-35.3-28.7-64-64-64H352c-35.3 0-64 28.7-64 64v80h72v-72zm504 72H160c-17.7 0-32 14.3-32 32v32c0 4.4 3.6 8 8 8h60.4l24.7 523c1.6 34.1 29.8 61 63.9 61h454c34.2 0 62.3-26.8 63.9-61l24.7-523H888c4.4 0 8-3.6 8-8v-32c0-17.7-14.3-32-32-32zM731.3 840H292.7l-24.2-512h487l-24.2 512z"
                                  />
                                </svg>
                              </span>
                            </span>
                          </div>
                        </div>
                      </div>
                    </div>
                  </div>
                </div>
              </div>
            </div>
            <div
              class="ant-history-menu-submenu"
            >
              <div
                class="ant-history-menu-item-group"
              >
                <div
                  class="ant-history-menu-item-content"
                >
                  2 days ago
                </div>
              </div>
              <div
                aria-selected="false"
                class="ant-history-menu-item"
                role="menuitem"
                tabindex="0"
              >
                <div
                  class="ant-history-menu-item-content"
                >
                  <div
                    style="display: flex; justify-content: space-between; gap: 8px; min-width: 140px; align-items: center; width: 100%;"
                  >
                    <div
                      style="flex-shrink: 0; display: flex; align-items: center; justify-content: center;"
                    >
                      <div
                        style="width: 32px; height: 32px; display: flex; flex-direction: column; justify-content: center; align-items: center; padding: 8px; gap: 10px; font-size: 15px; border-radius: 200px; background: rgb(241, 242, 244);"
                      >
                        📊
                      </div>
                    </div>
                    <div
                      style="color: rgb(102, 111, 141); overflow: hidden; flex: 1 1 0%; display: flex; flex-direction: column; gap: 4px;"
                    >
                      <div
                        aria-describedby="test-id"
                        style="width: max-content; font-weight: 500; font-size: 14px; display: -webkit-box; max-width: min(860px,100%); overflow: hidden; text-overflow: ellipsis; white-space: nowrap; -webkit-line-clamp: 1; line-height: 20px;"
                      >
                        数据分析任务
                      </div>
                      <div
                        aria-describedby="test-id"
                        style="font-size: 10px; font-weight: normal; line-height: 18px; letter-spacing: normal; color: rgb(118, 126, 139); overflow: hidden; text-overflow: ellipsis; white-space: normal; display: -webkit-box; -webkit-line-clamp: 1;"
                      >
                        需要分析用户行为数据并生成报告
                        <div
                          class="ant-divider ant-divider-vertical"
                          role="separator"
                        />
                        2 days ago
                      </div>
                    </div>
                    <div
                      style="margin-top: 4px;"
                    >
                      <div
                        style="color: rgba(0, 0, 0, 0.25); line-height: 1; display: flex; align-items: center; justify-content: center; width: max-content; max-width: min(860px,100%);"
                      >
                        <div
                          class="ant-space ant-space-horizontal ant-space-align-center ant-space-gap-row-small ant-space-gap-col-small"
                        >
                          <div
                            class="ant-space-item"
                          >
                            <span
                              aria-describedby="test-id"
                              aria-label="删除"
                              class="ant-md-editor-action-icon-box ant-md-editor-action-icon-box-only-icon"
                              role="button"
                              tabindex="0"
                            >
                              <span
                                aria-label="delete"
                                class="anticon anticon-delete"
                                role="img"
                              >
                                <svg
                                  aria-hidden="true"
                                  data-icon="delete"
                                  fill="currentColor"
                                  focusable="false"
                                  height="1em"
                                  viewBox="64 64 896 896"
                                  width="1em"
                                >
                                  <path
                                    d="M360 184h-8c4.4 0 8-3.6 8-8v8h304v-8c0 4.4 3.6 8 8 8h-8v72h72v-80c0-35.3-28.7-64-64-64H352c-35.3 0-64 28.7-64 64v80h72v-72zm504 72H160c-17.7 0-32 14.3-32 32v32c0 4.4 3.6 8 8 8h60.4l24.7 523c1.6 34.1 29.8 61 63.9 61h454c34.2 0 62.3-26.8 63.9-61l24.7-523H888c4.4 0 8-3.6 8-8v-32c0-17.7-14.3-32-32-32zM731.3 840H292.7l-24.2-512h487l-24.2 512z"
                                  />
                                </svg>
                              </span>
                            </span>
                          </div>
                        </div>
                      </div>
                    </div>
                  </div>
                </div>
              </div>
            </div>
            <div
              class="ant-history-menu-submenu"
            >
              <div
                class="ant-history-menu-item-group"
              >
                <div
                  class="ant-history-menu-item-content"
                >
                  一周内
                </div>
              </div>
              <div
                aria-selected="false"
                class="ant-history-menu-item"
                role="menuitem"
                tabindex="0"
              >
                <div
                  class="ant-history-menu-item-content"
                >
                  <div
                    style="display: flex; justify-content: space-between; gap: 8px; min-width: 140px; align-items: center; width: 100%;"
                  >
                    <div
                      style="flex-shrink: 0; display: flex; align-items: center; justify-content: center;"
                    >
                      <div
                        style="width: 32px; height: 32px; display: flex; flex-direction: column; justify-content: center; align-items: center; padding: 8px; gap: 10px; font-size: 15px; border-radius: 200px; background: rgb(241, 242, 244);"
                      >
                        🔍
                      </div>
                    </div>
                    <div
                      style="color: rgb(102, 111, 141); overflow: hidden; flex: 1 1 0%; display: flex; flex-direction: column; gap: 4px;"
                    >
                      <div
                        aria-describedby="test-id"
                        style="width: max-content; font-weight: 500; font-size: 14px; display: -webkit-box; max-width: min(860px,100%); overflow: hidden; text-overflow: ellipsis; white-space: nowrap; -webkit-line-clamp: 1; line-height: 20px;"
                      >
                        代码审查
                      </div>
                      <div
                        aria-describedby="test-id"
                        style="font-size: 10px; font-weight: normal; line-height: 18px; letter-spacing: normal; color: rgb(118, 126, 139); overflow: hidden; text-overflow: ellipsis; white-space: normal; display: -webkit-box; -webkit-line-clamp: 1;"
                      >
                        审查前端代码质量和性能优化
                        <div
                          class="ant-divider ant-divider-vertical"
                          role="separator"
                        />
                        一周内
                      </div>
                    </div>
                    <div
                      style="margin-top: 4px;"
                    >
                      <div
                        style="color: rgba(0, 0, 0, 0.25); line-height: 1; display: flex; align-items: center; justify-content: center; width: max-content; max-width: min(860px,100%);"
                      >
                        <div
                          class="ant-space ant-space-horizontal ant-space-align-center ant-space-gap-row-small ant-space-gap-col-small"
                        >
                          <div
                            class="ant-space-item"
                          >
                            <span
                              aria-describedby="test-id"
                              aria-label="删除"
                              class="ant-md-editor-action-icon-box ant-md-editor-action-icon-box-only-icon"
                              role="button"
                              tabindex="0"
                            >
                              <span
                                aria-label="delete"
                                class="anticon anticon-delete"
                                role="img"
                              >
                                <svg
                                  aria-hidden="true"
                                  data-icon="delete"
                                  fill="currentColor"
                                  focusable="false"
                                  height="1em"
                                  viewBox="64 64 896 896"
                                  width="1em"
                                >
                                  <path
                                    d="M360 184h-8c4.4 0 8-3.6 8-8v8h304v-8c0 4.4 3.6 8 8 8h-8v72h72v-80c0-35.3-28.7-64-64-64H352c-35.3 0-64 28.7-64 64v80h72v-72zm504 72H160c-17.7 0-32 14.3-32 32v32c0 4.4 3.6 8 8 8h60.4l24.7 523c1.6 34.1 29.8 61 63.9 61h454c34.2 0 62.3-26.8 63.9-61l24.7-523H888c4.4 0 8-3.6 8-8v-32c0-17.7-14.3-32-32-32zM731.3 840H292.7l-24.2-512h487l-24.2 512z"
                                  />
                                </svg>
                              </span>
                            </span>
                          </div>
                        </div>
                      </div>
                    </div>
                  </div>
                </div>
              </div>
            </div>
          </div>
          <button
            class="ant-btn ant-btn-text ant-btn-color-default ant-btn-variant-text"
            style="color: rgba(0, 25, 61, 0.326); width: 100%;"
            type="button"
          >
            <span
              class="ant-btn-icon"
            >
              <span
                aria-label="history"
                class="anticon anticon-history"
                role="img"
              >
                <svg
                  aria-hidden="true"
                  data-icon="history"
                  fill="currentColor"
                  focusable="false"
                  height="1em"
                  viewBox="64 64 896 896"
                  width="1em"
                >
                  <path
                    d="M536.1 273H488c-4.4 0-8 3.6-8 8v275.3c0 2.6 1.2 5 3.3 6.5l165.3 120.7c3.6 2.6 8.6 1.9 11.2-1.7l28.6-39c2.7-3.7 1.9-8.7-1.7-11.2L544.1 528.5V281c0-4.4-3.6-8-8-8zm219.8 75.2l156.8 38.3c5 1.2 9.9-2.6 9.9-7.7l.8-161.5c0-6.7-7.7-10.5-12.9-6.3L752.9 334.1a8 8 0 003 14.1zm167.7 301.1l-56.7-19.5a8 8 0 00-10.1 4.8c-1.9 5.1-3.9 10.1-6 15.1-17.8 42.1-43.3 80-75.9 112.5a353 353 0 01-112.5 75.9 352.18 352.18 0 01-137.7 27.8c-47.8 0-94.1-9.3-137.7-27.8a353 353 0 01-112.5-75.9c-32.5-32.5-58-70.4-75.9-112.5A353.44 353.44 0 01171 512c0-47.8 9.3-94.2 27.8-137.8 17.8-42.1 43.3-80 75.9-112.5a353 353 0 01112.5-75.9C430.6 167.3 477 158 524.8 158s94.1 9.3 137.7 27.8A353 353 0 01775 261.7c10.2 10.3 19.8 21 28.6 32.3l59.8-46.8C784.7 146.6 662.2 81.9 524.6 82 285 82.1 92.6 276.7 95 516.4 97.4 751.9 288.9 942 524.8 942c185.5 0 343.5-117.6 403.7-282.3 1.5-4.2-.7-8.9-4.9-10.4z"
                  />
                </svg>
              </span>
            </span>
            <span>
              查看更多
            </span>
          </button>
        </div>
      </div>
      <div
        style="margin-top: 20px;"
      >
        <h4>
          Props 说明：
        </h4>
        <ul>
          <li>
            <strong>
              type="task"
            </strong>
            : 启用任务模式，自动显示图标和描述
          </li>
          <li>
            <strong>
              agentId
            </strong>
            : 代理ID，用于获取历史记录
          </li>
          <li>
            <strong>
              sessionId
            </strong>
            : 当前会话ID，变更时会触发数据重新获取
          </li>
          <li>
            <strong>
              request
            </strong>
            : 请求函数，用于获取历史数据
          </li>
          <li>
            <strong>
              onClick
            </strong>
            : 点击历史记录项时的回调函数（推荐使用）
          </li>
          <li>
            <strong>
              onDeleteItem
            </strong>
            : 删除历史记录项时的回调函数
          </li>
          <li>
            <strong>
              standalone
            </strong>
            : 设置为 true 时，直接显示菜单列表
          </li>
          <li>
            <strong>
              agent.enabled
            </strong>
            : 启用 Agent 模式，显示搜索、收藏、多选等功能
          </li>
          <li>
            <strong>
              agent.runningId
            </strong>
            : 正在运行的任务 ID 数组
          </li>
          <li>
            <strong>
              agent.onSearch
            </strong>
            : 搜索回调函数
          </li>
          <li>
            <strong>
              agent.onLoadMore
            </strong>
            : 加载更多回调函数
          </li>
          <li>
            <strong>
              agent.onNewChat
            </strong>
            : 新对话回调函数
          </li>
        </ul>
      </div>
    </div>
  </div>
</DocumentFragment>