<DocumentFragment>
  <div
    class="ant-app"
  >
    <div>
      test
    </div>
    <div
      style="padding: 24px; border: 1px solid rgb(240, 240, 240); margin: 20px auto; width: 100%;"
    >
      <div
        data-length="113"
        data-testid="md-editor"
      >
        MarkdownEditor(Mock)
      </div>
    </div>
    <div
      style="padding: 24px; border: 1px solid rgb(240, 240, 240); margin: 20px auto; width: 100%;"
    >
      <div
        data-length="23"
        data-testid="md-editor"
      >
        MarkdownEditor(Mock)
      </div>
    </div>
    <div
      style="padding: 24px; border: 1px solid rgb(240, 240, 240); margin: 20px auto; width: 100%;"
    >
      <div
        data-length="718"
        data-testid="md-editor"
      >
        MarkdownEditor(Mock)
      </div>
    </div>
    <div
      style="padding: 24px; border: 1px solid rgb(240, 240, 240); margin: 20px auto; width: 100%;"
    >
      <div
        data-length="1886"
        data-testid="md-editor"
      >
        MarkdownEditor(Mock)
      </div>
    </div>
    <div
      style="padding: 24px; border: 1px solid rgb(240, 240, 240); margin: 20px auto; width: 100%;"
    >
      <div
        data-length="862"
        data-testid="md-editor"
      >
        MarkdownEditor(Mock)
      </div>
    </div>
    <div
      style="padding: 24px; border: 1px solid rgb(240, 240, 240); margin: 20px auto; width: 100%;"
    >
      <div
        data-length="712"
        data-testid="md-editor"
      >
        MarkdownEditor(Mock)
      </div>
    </div>
    <div
      style="padding: 24px; border: 1px solid rgb(240, 240, 240); margin: 20px auto; width: 100%;"
    >
      <div
        data-length="14"
        data-testid="md-editor"
      >
        MarkdownEditor(Mock)
      </div>
    </div>
    <div
      style="padding: 24px; border: 1px solid rgb(240, 240, 240); margin: 20px auto; width: 100%;"
    >
      <div
        data-length="247"
        data-testid="md-editor"
      >
        MarkdownEditor(Mock)
      </div>
    </div>
    <div
      style="padding: 24px; border: 1px solid rgb(240, 240, 240); margin: 20px auto; width: 100%;"
    >
      <div
        data-length="179"
        data-testid="md-editor"
      >
        MarkdownEditor(Mock)
      </div>
    </div>
    <div
      style="padding: 24px; border: 1px solid rgb(240, 240, 240); margin: 20px auto; width: 100%;"
    >
      <div
        data-length="14"
        data-testid="md-editor"
      >
        MarkdownEditor(Mock)
      </div>
    </div>
    <div
      style="padding: 24px; border: 1px solid rgb(240, 240, 240); margin: 20px auto; width: 100%;"
    >
      <div
        data-length="1268"
        data-testid="md-editor"
      >
        MarkdownEditor(Mock)
      </div>
    </div>
    <div
      style="padding: 24px; border: 1px solid rgb(240, 240, 240); margin: 20px auto; width: 100%;"
    >
      <div
        data-length="211"
        data-testid="md-editor"
      >
        MarkdownEditor(Mock)
      </div>
    </div>
    <div
      style="padding: 24px; border: 1px solid rgb(240, 240, 240); margin: 20px auto; width: 100%;"
    >
      <div
        data-length="12"
        data-testid="md-editor"
      >
        MarkdownEditor(Mock)
      </div>
    </div>
    <div
      style="padding: 24px; border: 1px solid rgb(240, 240, 240); margin: 20px auto; width: 100%;"
    >
      <div
        data-length="196"
        data-testid="md-editor"
      >
        MarkdownEditor(Mock)
      </div>
    </div>
    <div
      style="padding: 24px; border: 1px solid rgb(240, 240, 240); margin: 20px auto; width: 100%;"
    >
      <div
        data-length="190"
        data-testid="md-editor"
      >
        MarkdownEditor(Mock)
      </div>
    </div>
    <div
      style="padding: 24px; border: 1px solid rgb(240, 240, 240); margin: 20px auto; width: 100%;"
    >
      <div
        data-length="14"
        data-testid="md-editor"
      >
        MarkdownEditor(Mock)
      </div>
    </div>
    <div
      style="padding: 24px; border: 1px solid rgb(240, 240, 240); margin: 20px auto; width: 100%;"
    >
      <div
        data-length="212"
        data-testid="md-editor"
      >
        MarkdownEditor(Mock)
      </div>
    </div>
    <div
      style="padding: 24px; border: 1px solid rgb(240, 240, 240); margin: 20px auto; width: 100%;"
    >
      <div
        data-length="243"
        data-testid="md-editor"
      >
        MarkdownEditor(Mock)
      </div>
    </div>
    <div
      style="padding: 24px; border: 1px solid rgb(240, 240, 240); margin: 20px auto; width: 100%;"
    >
      <div
        data-length="563"
        data-testid="md-editor"
      >
        MarkdownEditor(Mock)
      </div>
    </div>
    <div
      style="padding: 24px; border: 1px solid rgb(240, 240, 240); margin: 20px auto; width: 100%;"
    >
      <div
        data-length="284"
        data-testid="md-editor"
      >
        MarkdownEditor(Mock)
      </div>
    </div>
    <div
      style="padding: 24px; border: 1px solid rgb(240, 240, 240); margin: 20px auto; width: 100%;"
    >
      <div
        data-length="113"
        data-testid="md-editor"
      >
        MarkdownEditor(Mock)
      </div>
    </div>
    <div
      style="padding: 24px; border: 1px solid rgb(240, 240, 240); margin: 20px auto; width: 100%;"
    >
      <div
        data-length="1359"
        data-testid="md-editor"
      >
        MarkdownEditor(Mock)
      </div>
    </div>
    <div
      style="padding: 24px; border: 1px solid rgb(240, 240, 240); margin: 20px auto; width: 100%;"
    >
      <div
        data-length="430"
        data-testid="md-editor"
      >
        MarkdownEditor(Mock)
      </div>
    </div>
    <div
      style="padding: 24px; border: 1px solid rgb(240, 240, 240); margin: 20px auto; width: 100%;"
    >
      <div
        data-length="727"
        data-testid="md-editor"
      >
        MarkdownEditor(Mock)
      </div>
    </div>
    <div
      style="padding: 24px; border: 1px solid rgb(240, 240, 240); margin: 20px auto; width: 100%;"
    >
      <div
        data-length="109"
        data-testid="md-editor"
      >
        MarkdownEditor(Mock)
      </div>
    </div>
    <div
      style="padding: 24px; border: 1px solid rgb(240, 240, 240); margin: 20px auto; width: 100%;"
    >
      <div
        data-length="113"
        data-testid="md-editor"
      >
        MarkdownEditor(Mock)
      </div>
    </div>
    <div
      style="padding: 24px; border: 1px solid rgb(240, 240, 240); margin: 20px auto; width: 100%;"
    >
      <div
        data-length="123"
        data-testid="md-editor"
      >
        MarkdownEditor(Mock)
      </div>
    </div>
    <div
      style="padding: 24px; border: 1px solid rgb(240, 240, 240); margin: 20px auto; width: 100%;"
    >
      <div
        data-length="745"
        data-testid="md-editor"
      >
        MarkdownEditor(Mock)
      </div>
    </div>
    <div
      style="padding: 24px; border: 1px solid rgb(240, 240, 240); margin: 20px auto; width: 100%;"
    >
      <div
        data-length="186"
        data-testid="md-editor"
      >
        MarkdownEditor(Mock)
      </div>
    </div>
    <div
      style="padding: 24px; border: 1px solid rgb(240, 240, 240); margin: 20px auto; width: 100%;"
    >
      <div
        data-length="20"
        data-testid="md-editor"
      >
        MarkdownEditor(Mock)
      </div>
    </div>
  </div>
</DocumentFragment>