<DocumentFragment>
  <div
    class="ant-app"
  >
    <div>
      test
    </div>
    <div
      style="padding: 20px;"
    >
      <h1>
        简单的 toMarkdown 插件示例
      </h1>
      <div
        style="margin-bottom: 20px;"
      >
        <button
          style="padding: 8px 16px; background-color: rgb(24, 144, 255); color: white; border-radius: 4px; cursor: pointer;"
        >
          导出 Markdown
        </button>
      </div>
      <div
        style="border: 1px solid rgb(217, 217, 217); border-radius: 6px;"
      >
        <div
          class="markdown-editor ant-md-editor ant-md-editor-edit"
          style="width: 400px; height: auto; display: flex; flex-direction: column; max-height: 100%;"
        >
          <div
            style="padding: 12px 20px; overflow: auto; display: flex; height: 100%; position: relative; gap: 24px;"
          >
            <div
              aria-multiline="true"
              autocapitalize="false"
              autocorrect="false"
              class="ant-md-editor-content-focus ant-md-editor-content ant-md-editor-content-edit"
              contenteditable="true"
              data-slate-editor="true"
              data-slate-node="value"
              role="textbox"
              spellcheck="false"
              style="position: relative; white-space: pre-wrap; word-wrap: break-word; font-size: 14px;"
              zindex="-1"
            >
              <h1
                class="ant-md-editor-drag-el"
                data-be="head"
                data-head="tomarkdown-插件示例"
                data-slate-node="element"
                data-title="true"
                id="tomarkdown-插件示例"
              >
                <span
                  data-slate-node="text"
                >
                  <span
                    class=" "
                    data-be="text"
                    data-slate-leaf="true"
                    draggable="false"
                  >
                    <span
                      data-slate-string="true"
                    >
                      toMarkdown 插件示例
                    </span>
                  </span>
                </span>
              </h1>
              <div
                class="ant-md-editor-drag-el"
                data-be="paragraph"
                data-slate-node="element"
              >
                <span
                  data-slate-node="text"
                >
                  <span
                    class=" "
                    data-be="text"
                    data-slate-leaf="true"
                    draggable="false"
                  >
                    <span
                      data-slate-string="true"
                    >
                      这是一个简单的 toMarkdown 插件示例。
                    </span>
                  </span>
                </span>
              </div>
              <h2
                class="ant-md-editor-drag-el"
                data-be="head"
                data-head="普通代码块"
                data-slate-node="element"
                data-title="false"
                id="普通代码块"
              >
                <span
                  data-slate-node="text"
                >
                  <span
                    class=" "
                    data-be="text"
                    data-slate-leaf="true"
                    draggable="false"
                  >
                    <span
                      data-slate-string="true"
                    >
                      普通代码块
                    </span>
                  </span>
                </span>
              </h2>
              <div
                class="ace-el drag-el"
                contenteditable="false"
                data-be="code"
                data-lang="javascript"
                data-slate-node="element"
                tabindex="-1"
              >
                <div
                  contenteditable="false"
                  style="background-color: transparent; user-select: none;"
                >
                  <div
                    class="ace-container drag-el "
                    style="box-sizing: border-box; background-color: rgb(252, 252, 252); max-height: 400px; overflow: auto; position: relative; height: auto; opacity: 1;"
                  >
                    <div
                      contenteditable="false"
                      style="height: 1.75em; background-color: rgb(255, 255, 255); border-bottom: 1px solid #eee; padding-left: 0.75em; padding-right: 0.375em; display: flex; align-items: center; width: 100%; position: sticky; left: 0px; top: 0px; font-size: 1em; color: rgba(0, 0, 0, 0.6); justify-content: space-between; z-index: 50; box-sizing: border-box; user-select: none;"
                    >
                      <button
                        aria-describedby="test-id"
                        class="ant-btn ant-btn-text ant-btn-color-default ant-btn-variant-text ant-btn-sm"
                        style="display: flex; align-items: center; cursor: pointer; box-sizing: border-box; gap: 2px; color: rgba(0, 0, 0, 0.8);"
                        title="切换语言"
                        type="button"
                      >
                        <span
                          class="ant-btn-icon"
                        >
                          <div
                            style="height: 1em; width: 1em; display: flex; align-items: center; justify-content: center; margin-right: 0.25em;"
                          >
                            <svg
                              height="16"
                              viewBox="0 0 24 24"
                              width="16"
                              xmlns="http://www.w3.org/2000/svg"
                            >
                              <path
                                d="M3 3h18v18H3V3m4.73 15.04c.4.85 1.19 1.55 2.54 1.55 1.5 0 2.53-.8 2.53-2.55v-5.78h-1.7V17c0 .86-.35 1.08-.9 1.08-.58 0-.82-.4-1.09-.87l-1.38.83m5.98-.18c.5.98 1.51 1.73 3.09 1.73 1.6 0 2.8-.83 2.8-2.36 0-1.41-.81-2.04-2.25-2.66l-.42-.18c-.73-.31-1.04-.52-1.04-1.02 0-.41.31-.73.81-.73.48 0 .8.21 1.09.73l1.31-.87c-.55-.96-1.33-1.33-2.4-1.33-1.51 0-2.48.96-2.48 2.23 0 1.38.81 2.03 2.03 2.55l.42.18c.78.34 1.24.55 1.24 1.13 0 .48-.45.83-1.15.83-.83 0-1.31-.43-1.67-1.03l-1.38.8z"
                                fill="#ffca28"
                              />
                            </svg>
                          </div>
                        </span>
                        <span>
                          <div>
                            <span>
                              javascript
                            </span>
                          </div>
                        </span>
                      </button>
                      <div
                        style="display: flex; gap: 5px;"
                      >
                        <span
                          aria-describedby="test-id"
                          aria-label="复制"
                          class="ant-md-editor-action-icon-box"
                          role="button"
                          style="font-size: 0.9em; line-height: 1.75em; margin-left: 0.125em;"
                          tabindex="0"
                        >
                          <span
                            aria-label="copy"
                            class="anticon anticon-copy"
                            role="img"
                          >
                            <svg
                              aria-hidden="true"
                              data-icon="copy"
                              fill="currentColor"
                              focusable="false"
                              height="1em"
                              viewBox="64 64 896 896"
                              width="1em"
                            >
                              <path
                                d="M832 64H296c-4.4 0-8 3.6-8 8v56c0 4.4 3.6 8 8 8h496v688c0 4.4 3.6 8 8 8h56c4.4 0 8-3.6 8-8V96c0-17.7-14.3-32-32-32zM704 192H192c-17.7 0-32 14.3-32 32v530.7c0 8.5 3.4 16.6 9.4 22.6l173.3 173.3c2.2 2.2 4.7 4 7.4 5.5v1.9h4.2c3.5 1.3 7.2 2 11 2H704c17.7 0 32-14.3 32-32V224c0-17.7-14.3-32-32-32zM350 856.2L263.9 770H350v86.2zM664 888H414V746c0-22.1-17.9-40-40-40H232V264h432v624z"
                              />
                            </svg>
                          </span>
                        </span>
                        <span
                          aria-describedby="test-id"
                          aria-label="全屏"
                          class="ant-md-editor-action-icon-box"
                          role="button"
                          style="font-size: 0.9em; line-height: 1.75em; margin-left: 0.125em;"
                          tabindex="0"
                        >
                          <span
                            aria-label="fullscreen"
                            class="anticon anticon-fullscreen"
                            role="img"
                          >
                            <svg
                              aria-hidden="true"
                              data-icon="fullscreen"
                              fill="currentColor"
                              focusable="false"
                              height="1em"
                              viewBox="64 64 896 896"
                              width="1em"
                            >
                              <path
                                d="M290 236.4l43.9-43.9a8.01 8.01 0 00-4.7-13.6L169 160c-5.1-.6-9.5 3.7-8.9 8.9L179 329.1c.8 6.6 8.9 9.4 13.6 4.7l43.7-43.7L370 423.7c3.1 3.1 8.2 3.1 11.3 0l42.4-42.3c3.1-3.1 3.1-8.2 0-11.3L290 236.4zm352.7 187.3c3.1 3.1 8.2 3.1 11.3 0l133.7-133.6 43.7 43.7a8.01 8.01 0 0013.6-4.7L863.9 169c.6-5.1-3.7-9.5-8.9-8.9L694.8 179c-6.6.8-9.4 8.9-4.7 13.6l43.9 43.9L600.3 370a8.03 8.03 0 000 11.3l42.4 42.4zM845 694.9c-.8-6.6-8.9-9.4-13.6-4.7l-43.7 43.7L654 600.3a8.03 8.03 0 00-11.3 0l-42.4 42.3a8.03 8.03 0 000 11.3L734 787.6l-43.9 43.9a8.01 8.01 0 004.7 13.6L855 864c5.1.6 9.5-3.7 8.9-8.9L845 694.9zm-463.7-94.6a8.03 8.03 0 00-11.3 0L236.3 733.9l-43.7-43.7a8.01 8.01 0 00-13.6 4.7L160.1 855c-.6 5.1 3.7 9.5 8.9 8.9L329.2 845c6.6-.8 9.4-8.9 4.7-13.6L290 787.6 423.7 654c3.1-3.1 3.1-8.2 0-11.3l-42.4-42.4z"
                              />
                            </svg>
                          </span>
                        </span>
                      </div>
                    </div>
                    <div
                      style="height: 200px; line-height: 22px;"
                    />
                    <div
                      style="height: 0.5px; overflow: hidden; opacity: 0; pointer-events: none;"
                    >
                      console.log("这是普通的 JavaScript 代码");
                      <span
                        data-slate-node="text"
                      >
                        <span
                          class=" "
                          data-be="text"
                          data-slate-leaf="true"
                          draggable="false"
                        >
                          <span
                            data-slate-string="true"
                          >
                            console.log("这是普通的 JavaScript 代码");
                          </span>
                        </span>
                      </span>
                    </div>
                  </div>
                </div>
              </div>
              <h2
                class="ant-md-editor-drag-el"
                data-be="head"
                data-head="自定义笔记代码块"
                data-slate-node="element"
                data-title="false"
                id="自定义笔记代码块"
              >
                <span
                  data-slate-node="text"
                >
                  <span
                    class=" "
                    data-be="text"
                    data-slate-leaf="true"
                    draggable="false"
                  >
                    <span
                      data-slate-string="true"
                    >
                      自定义笔记代码块
                    </span>
                  </span>
                </span>
              </h2>
              <div
                class="ant-md-editor-drag-el"
                data-be="paragraph"
                data-slate-node="element"
              >
                <span
                  data-slate-node="text"
                >
                  <span
                    class=" "
                    data-be="text"
                    data-slate-leaf="true"
                    draggable="false"
                  >
                    <span
                      data-slate-string="true"
                    >
                      下面的代码块会被插件特殊处理：
                    </span>
                  </span>
                </span>
              </div>
              <div
                data-slate-node="element"
                style="border: 1px solid rgb(24, 144, 255); border-radius: 4px; padding: 12px; background-color: rgb(240, 248, 255); margin: 8px 0px;"
              >
                <div
                  style="color: rgb(24, 144, 255); font-weight: bold; margin-bottom: 4px; font-size: 12px;"
                >
                  📝 笔记
                </div>
                <pre
                  style="margin: 0px; font-family: monospace; color: rgb(51, 51, 51); white-space: pre-wrap;"
                >
                  这是一个重要的笔记！
记住要定期保存你的工作。
使用 Ctrl+S 或 Cmd+S 保存文件。
                </pre>
                <span
                  data-slate-node="text"
                >
                  <span
                    class=" "
                    data-be="text"
                    data-slate-leaf="true"
                    draggable="false"
                  >
                    <span
                      data-slate-string="true"
                    >
                      这是一个重要的笔记！
记住要定期保存你的工作。
使用 Ctrl+S 或 Cmd+S 保存文件。
                    </span>
                  </span>
                </span>
              </div>
              <h2
                class="ant-md-editor-drag-el"
                data-be="head"
                data-head="说明"
                data-slate-node="element"
                data-title="false"
                id="说明"
              >
                <span
                  data-slate-node="text"
                >
                  <span
                    class=" "
                    data-be="text"
                    data-slate-leaf="true"
                    draggable="false"
                  >
                    <span
                      data-slate-string="true"
                    >
                      说明
                    </span>
                  </span>
                </span>
              </h2>
              <div
                class="relative"
                data-be="list"
                data-slate-node="element"
              >
                <ul
                  class="ant-md-editor-list ul"
                >
                  <li
                    class="ant-md-editor-list-item"
                    data-be="list-item"
                    data-slate-node="element"
                  >
                    <div
                      class="ant-md-editor-drag-el"
                      data-be="paragraph"
                      data-slate-node="element"
                    >
                      <span
                        data-slate-node="text"
                      >
                        <span
                          class=" "
                          data-be="text"
                          data-slate-leaf="true"
                          draggable="false"
                        >
                          <span
                            data-slate-string="true"
                          >
                            使用 
                          </span>
                        </span>
                      </span>
                      <span
                        data-slate-node="text"
                      >
                        <span
                          class=" "
                          data-be="text"
                          data-slate-leaf="true"
                          draggable="false"
                        >
                          <span
                            contenteditable="false"
                            style="font-size: 0px; line-height: 0; display: inline-block;"
                          >
                             
                          </span>
                          <code
                            class="ant-md-editor-content-inline-code"
                          >
                            <span
                              data-slate-string="true"
                            >
                              note
                            </span>
                          </code>
                          <span
                            contenteditable="false"
                            style="font-size: 0px; line-height: 0; display: inline-block;"
                          >
                             
                          </span>
                        </span>
                      </span>
                      <span
                        data-slate-node="text"
                      >
                        <span
                          class=" "
                          data-be="text"
                          data-slate-leaf="true"
                          draggable="false"
                        >
                          <span
                            data-slate-string="true"
                          >
                             语言标识的代码块会被转换为笔记框
                          </span>
                        </span>
                      </span>
                    </div>
                  </li>
                  <li
                    class="ant-md-editor-list-item"
                    data-be="list-item"
                    data-slate-node="element"
                  >
                    <div
                      class="ant-md-editor-drag-el"
                      data-be="paragraph"
                      data-slate-node="element"
                    >
                      <span
                        data-slate-node="text"
                      >
                        <span
                          class=" "
                          data-be="text"
                          data-slate-leaf="true"
                          draggable="false"
                        >
                          <span
                            data-slate-string="true"
                          >
                            普通的代码块不会被插件影响
                          </span>
                        </span>
                      </span>
                    </div>
                  </li>
                  <li
                    class="ant-md-editor-list-item"
                    data-be="list-item"
                    data-slate-node="element"
                  >
                    <div
                      class="ant-md-editor-drag-el"
                      data-be="paragraph"
                      data-slate-node="element"
                    >
                      <span
                        data-slate-node="text"
                      >
                        <span
                          class=" "
                          data-be="text"
                          data-slate-leaf="true"
                          draggable="false"
                        >
                          <span
                            data-slate-string="true"
                          >
                            导出 Markdown 时，自定义元素会被正确转换回原始格式
                          </span>
                        </span>
                      </span>
                    </div>
                  </li>
                </ul>
              </div>
              <div
                class="ant-md-editor-drag-el empty"
                data-be="paragraph"
                data-slate-node="element"
                data-slate-placeholder="请输入内容..."
              >
                <span
                  data-slate-node="text"
                >
                  <span
                    class=" "
                    data-be="text"
                    data-slate-leaf="true"
                    draggable="false"
                  >
                    <span
                      data-slate-length="0"
                      data-slate-zero-width="n"
                    >
                      ﻿
                      <br />
                    </span>
                  </span>
                </span>
                <span
                  contenteditable="false"
                  style="font-size: 0px; line-height: 0; display: inline-block;"
                >
                   
                </span>
              </div>
            </div>
            <div>
              <div
                class=""
              >
                <div
                  class="ant-anchor-wrapper"
                  style="max-height: calc(100vh - 64px); min-width: 200px;"
                >
                  <div
                    class="ant-anchor"
                  >
                    <span
                      class="ant-anchor-ink ant-anchor-ink-visible"
                      style="top: 0px; height: 0px;"
                    />
                    <div
                      class="ant-anchor-link"
                    >
                      <a
                        class="ant-anchor-link-title"
                        href="#tomarkdown-插件示例"
                        title=""
                      >
                        <span
                          style="max-width: 200px; display: inline-block; overflow: hidden; text-overflow: ellipsis; white-space: nowrap; font-size: 14px;"
                        >
                          toMarkdown 插件示例
                        </span>
                      </a>
                      <div
                        class="ant-anchor-link ant-anchor-link-active"
                      >
                        <a
                          class="ant-anchor-link-title ant-anchor-link-title-active"
                          href="#普通代码块"
                          title=""
                        >
                          <span
                            style="max-width: 200px; display: inline-block; overflow: hidden; text-overflow: ellipsis; white-space: nowrap; font-size: 14px;"
                          >
                            普通代码块
                          </span>
                        </a>
                      </div>
                      <div
                        class="ant-anchor-link"
                      >
                        <a
                          class="ant-anchor-link-title"
                          href="#自定义笔记代码块"
                          title=""
                        >
                          <span
                            style="max-width: 200px; display: inline-block; overflow: hidden; text-overflow: ellipsis; white-space: nowrap; font-size: 14px;"
                          >
                            自定义笔记代码块
                          </span>
                        </a>
                      </div>
                      <div
                        class="ant-anchor-link"
                      >
                        <a
                          class="ant-anchor-link-title"
                          href="#说明"
                          title=""
                        >
                          <span
                            style="max-width: 200px; display: inline-block; overflow: hidden; text-overflow: ellipsis; white-space: nowrap; font-size: 14px;"
                          >
                            说明
                          </span>
                        </a>
                      </div>
                    </div>
                  </div>
                </div>
              </div>
            </div>
          </div>
          <div
            class="ant-md-editor-focus"
            style="height: 64px;"
          />
        </div>
      </div>
      <div
        style="margin-top: 20px;"
      >
        <h3>
          导出的 Markdown:
        </h3>
        <pre
          id="markdown-output"
          style="background-color: rgb(245, 245, 245); padding: 16px; border-radius: 4px; overflow: auto; max-height: 300px; min-height: 100px; border: 1px solid rgb(217, 217, 217);"
        >
          点击上面的"导出 Markdown"按钮查看结果
        </pre>
      </div>
    </div>
  </div>
</DocumentFragment>