<DocumentFragment>
  <div
    class="ant-app"
  >
    <div>
      test
    </div>
    <div
      style="padding: 20px;"
    >
      <h3>
        ToolUseBar 受控模式演示
      </h3>
      <p>
        当前激活的工具: 无
      </p>
      <div
        class="tool-use-bar"
        data-testid="ToolUse"
      >
        <div
          class="tool-use-bar-tool  tool-use-bar-tool-success"
          data-testid="ToolUserItem"
        >
          <div
            class="tool-use-bar-tool-bar "
            data-testid="tool-user-item-tool-bar"
          >
            <div
              class="tool-use-bar-tool-header "
              data-testid="tool-user-item-tool-header"
            >
              <div
                class="tool-use-bar-tool-header-left "
              >
                <div
                  class="tool-use-bar-tool-image-wrapper"
                >
                  <div
                    class="tool-use-bar-tool-image "
                  >
                    <svg
                      fill="none"
                      height="1em"
                      viewBox="0 0 14 14"
                      width="1em"
                      xmlns="http://www.w3.org/2000/svg"
                    >
                      <defs>
                        <clippath
                          id="a"
                        >
                          <rect
                            height="14"
                            rx="0"
                            width="14"
                          />
                        </clippath>
                      </defs>
                      <g
                        clip-path="url(#a)"
                      >
                        <path
                          d="M1.167 11.083V2.917q0-.725.512-1.238.513-.512 1.238-.512h8.166q.725 0 1.238.512.512.513.512 1.238v8.166q0 .725-.512 1.238-.513.512-1.238.512H2.917q-.725 0-1.238-.512-.512-.513-.512-1.238zm1.166 0q0 .584.584.584h8.166q.584 0 .584-.584V2.917q0-.584-.584-.584H2.917q-.584 0-.584.584v8.166zm3.33-6.245L4.495 3.67a.583.583 0 10-.825.825l.754.754-.754.754a.583.583 0 10.825.825l1.166-1.167a.583.583 0 000-.824zM6.416 7H8.75a.583.583 0 110 1.167H6.417a.583.583 0 110-1.167z"
                          fill="currentColor"
                          fill-rule="evenodd"
                        />
                      </g>
                    </svg>
                  </div>
                </div>
                <div
                  class="tool-use-bar-tool-name "
                >
                  文件搜索
                </div>
              </div>
            </div>
            <div
              class="tool-use-bar-tool-target "
            >
              搜索 "react" 相关文件
            </div>
            <div
              class="tool-use-bar-tool-time "
            >
              10:30
            </div>
          </div>
        </div>
        <div
          class="tool-use-bar-tool  tool-use-bar-tool-loading"
          data-testid="ToolUserItem"
        >
          <div
            class="tool-use-bar-tool-bar "
            data-testid="tool-user-item-tool-bar"
          >
            <div
              class="tool-use-bar-tool-header "
              data-testid="tool-user-item-tool-header"
            >
              <div
                class="tool-use-bar-tool-header-left "
              >
                <div
                  class="tool-use-bar-tool-image-wrapper tool-use-bar-tool-image-wrapper-rotating tool-use-bar-tool-image-wrapper-loading"
                >
                  <div
                    class="tool-use-bar-tool-image "
                  >
                    <svg
                      fill="none"
                      height="1em"
                      viewBox="0 0 14 14"
                      width="1em"
                      xmlns="http://www.w3.org/2000/svg"
                    >
                      <defs>
                        <clippath
                          id="a"
                        >
                          <rect
                            height="14"
                            rx="0"
                            width="14"
                          />
                        </clippath>
                      </defs>
                      <g
                        clip-path="url(#a)"
                      >
                        <path
                          d="M1.167 11.083V2.917q0-.725.512-1.238.513-.512 1.238-.512h8.166q.725 0 1.238.512.512.513.512 1.238v8.166q0 .725-.512 1.238-.513.512-1.238.512H2.917q-.725 0-1.238-.512-.512-.513-.512-1.238zm1.166 0q0 .584.584.584h8.166q.584 0 .584-.584V2.917q0-.584-.584-.584H2.917q-.584 0-.584.584v8.166zm3.33-6.245L4.495 3.67a.583.583 0 10-.825.825l.754.754-.754.754a.583.583 0 10.825.825l1.166-1.167a.583.583 0 000-.824zM6.416 7H8.75a.583.583 0 110 1.167H6.417a.583.583 0 110-1.167z"
                          fill="currentColor"
                          fill-rule="evenodd"
                        />
                      </g>
                    </svg>
                  </div>
                </div>
                <div
                  class="tool-use-bar-tool-name  tool-use-bar-tool-name-loading"
                >
                  代码分析
                </div>
              </div>
            </div>
            <div
              class="tool-use-bar-tool-target  tool-use-bar-tool-target-loading"
            >
              分析 src/components 目录
            </div>
            <div
              class="tool-use-bar-tool-time "
            >
              10:35
            </div>
          </div>
        </div>
        <div
          class="tool-use-bar-tool  tool-use-bar-tool-error"
          data-testid="ToolUserItem"
        >
          <div
            class="tool-use-bar-tool-bar "
            data-testid="tool-user-item-tool-bar"
          >
            <div
              class="tool-use-bar-tool-header "
              data-testid="tool-user-item-tool-header"
            >
              <div
                class="tool-use-bar-tool-header-left "
              >
                <div
                  class="tool-use-bar-tool-image-wrapper"
                >
                  <div
                    class="tool-use-bar-tool-image "
                  >
                    <svg
                      fill="none"
                      height="1em"
                      viewBox="0 0 14 14"
                      width="1em"
                      xmlns="http://www.w3.org/2000/svg"
                    >
                      <defs>
                        <clippath
                          id="a"
                        >
                          <rect
                            height="14"
                            rx="0"
                            width="14"
                          />
                        </clippath>
                      </defs>
                      <g
                        clip-path="url(#a)"
                      >
                        <path
                          d="M1.167 11.083V2.917q0-.725.512-1.238.513-.512 1.238-.512h8.166q.725 0 1.238.512.512.513.512 1.238v8.166q0 .725-.512 1.238-.513.512-1.238.512H2.917q-.725 0-1.238-.512-.512-.513-.512-1.238zm1.166 0q0 .584.584.584h8.166q.584 0 .584-.584V2.917q0-.584-.584-.584H2.917q-.584 0-.584.584v8.166zm3.33-6.245L4.495 3.67a.583.583 0 10-.825.825l.754.754-.754.754a.583.583 0 10.825.825l1.166-1.167a.583.583 0 000-.824zM6.416 7H8.75a.583.583 0 110 1.167H6.417a.583.583 0 110-1.167z"
                          fill="currentColor"
                          fill-rule="evenodd"
                        />
                      </g>
                    </svg>
                  </div>
                </div>
                <div
                  class="tool-use-bar-tool-name "
                >
                  代码格式化
                </div>
              </div>
            </div>
            <div
              class="tool-use-bar-tool-target "
            >
              格式化 TypeScript 文件
            </div>
            <div
              class="tool-use-bar-tool-time "
            >
              10:40
            </div>
          </div>
        </div>
        <div
          class="tool-use-bar-tool  tool-use-bar-tool-idle"
          data-testid="ToolUserItem"
        >
          <div
            class="tool-use-bar-tool-bar "
            data-testid="tool-user-item-tool-bar"
          >
            <div
              class="tool-use-bar-tool-header "
              data-testid="tool-user-item-tool-header"
            >
              <div
                class="tool-use-bar-tool-header-left "
              >
                <div
                  class="tool-use-bar-tool-image-wrapper"
                >
                  <div
                    class="tool-use-bar-tool-image "
                  >
                    <svg
                      fill="none"
                      height="1em"
                      viewBox="0 0 14 14"
                      width="1em"
                      xmlns="http://www.w3.org/2000/svg"
                    >
                      <defs>
                        <clippath
                          id="a"
                        >
                          <rect
                            height="14"
                            rx="0"
                            width="14"
                          />
                        </clippath>
                      </defs>
                      <g
                        clip-path="url(#a)"
                      >
                        <path
                          d="M1.167 11.083V2.917q0-.725.512-1.238.513-.512 1.238-.512h8.166q.725 0 1.238.512.512.513.512 1.238v8.166q0 .725-.512 1.238-.513.512-1.238.512H2.917q-.725 0-1.238-.512-.512-.513-.512-1.238zm1.166 0q0 .584.584.584h8.166q.584 0 .584-.584V2.917q0-.584-.584-.584H2.917q-.584 0-.584.584v8.166zm3.33-6.245L4.495 3.67a.583.583 0 10-.825.825l.754.754-.754.754a.583.583 0 10.825.825l1.166-1.167a.583.583 0 000-.824zM6.416 7H8.75a.583.583 0 110 1.167H6.417a.583.583 0 110-1.167z"
                          fill="currentColor"
                          fill-rule="evenodd"
                        />
                      </g>
                    </svg>
                  </div>
                </div>
                <div
                  class="tool-use-bar-tool-name "
                >
                  单元测试
                </div>
              </div>
            </div>
            <div
              class="tool-use-bar-tool-target "
            >
              运行 Jest 测试套件
            </div>
            <div
              class="tool-use-bar-tool-time "
            >
              10:45
            </div>
          </div>
        </div>
      </div>
      <div
        style="margin-top: 20px;"
      >
        <h4>
          Props 说明：
        </h4>
        <ul>
          <li>
            <strong>
              tools
            </strong>
            : 工具列表数组，每个工具包含 id、toolName、toolTarget、time、status 等属性
          </li>
          <li>
            <strong>
              activeKeys
            </strong>
            : 当前激活的工具 ID 数组，受控模式
          </li>
          <li>
            <strong>
              onActiveKeysChange
            </strong>
            : 激活工具变化时的回调函数
          </li>
          <li>
            <strong>
              onToolClick
            </strong>
            : 点击工具项时的回调函数
          </li>
          <li>
            <strong>
              status
            </strong>
            : 工具状态，支持 'success' | 'loading' | 'error' | 'idle'
          </li>
        </ul>
        <h4>
          操作说明:
        </h4>
        <ul>
          <li>
            点击工具项可以激活/取消激活
          </li>
          <li>
            支持多选激活
          </li>
          <li>
            激活状态由外部 state 控制
          </li>
          <li>
            不同状态的工具项有不同的视觉样式
          </li>
        </ul>
      </div>
    </div>
  </div>
</DocumentFragment>