<DocumentFragment>
  <div
    class="ant-app"
  >
    <div>
      test
    </div>
    <div
      style="padding: 20px;"
    >
      <h3>
        ToolUseBar 基础演示
      </h3>
      <p>
        当前激活的工具: 无
      </p>
      <div
        class="tool-use-bar"
      >
        <div
          class="tool-use-bar-tool  tool-use-bar-tool-success"
        >
          <div
            class="tool-use-bar-tool-bar "
          >
            <div
              class="tool-use-bar-tool-header "
            >
              <div
                class="tool-use-bar-tool-header-left "
              >
                <div
                  class="tool-use-bar-tool-image-wrapper "
                >
                  <svg
                    class="tool-use-bar-tool-image "
                    fill="none"
                    height="1em"
                    viewBox="0 0 14 14"
                    width="1em"
                    xmlns="http://www.w3.org/2000/svg"
                  >
                    <defs>
                      <clippath
                        id="a"
                      >
                        <rect
                          height="14"
                          rx="0"
                          width="14"
                        />
                      </clippath>
                    </defs>
                    <g
                      clip-path="url(#a)"
                    >
                      <path
                        d="M1.167 11.083V2.917q0-.725.512-1.238.513-.512 1.238-.512h8.166q.725 0 1.238.512.512.513.512 1.238v8.166q0 .725-.512 1.238-.513.512-1.238.512H2.917q-.725 0-1.238-.512-.512-.513-.512-1.238zm1.166 0q0 .584.584.584h8.166q.584 0 .584-.584V2.917q0-.584-.584-.584H2.917q-.584 0-.584.584v8.166zm3.33-6.245L4.495 3.67a.583.583 0 10-.825.825l.754.754-.754.754a.583.583 0 10.825.825l1.166-1.167a.583.583 0 000-.824zM6.416 7H8.75a.583.583 0 110 1.167H6.417a.583.583 0 110-1.167z"
                        fill="currentColor"
                        fill-rule="evenodd"
                      />
                    </g>
                  </svg>
                </div>
                <div
                  class="tool-use-bar-tool-name "
                >
                  文件搜索
                </div>
              </div>
            </div>
            <div
              class="tool-use-bar-tool-target "
            >
              搜索 "react" 相关文件
            </div>
            <div
              class="tool-use-bar-tool-time "
            >
              10:30
            </div>
            <div
              class="tool-use-bar-tool-expand "
            >
              <svg
                fill="none"
                height="1em"
                style="transition: transform 0.3s ease-in-out; transform: rotate(0deg);"
                viewBox="0 0 16 16"
                width="1em"
                xmlns="http://www.w3.org/2000/svg"
              >
                <defs>
                  <clippath
                    id="a"
                  >
                    <rect
                      height="16"
                      rx="0"
                      width="16"
                    />
                  </clippath>
                </defs>
                <g
                  clip-path="url(#a)"
                >
                  <path
                    d="M3.529 9.529l4-4a.667.667 0 01.942 0l4 4a.667.667 0 01-.942.942l-3.53-3.528-3.528 3.528a.667.667 0 11-.942-.942z"
                    fill="currentColor"
                    fill-rule="evenodd"
                  />
                </g>
              </svg>
            </div>
          </div>
        </div>
        <div
          class="tool-use-bar-tool  tool-use-bar-tool-loading"
        >
          <div
            class="tool-use-bar-tool-bar "
          >
            <div
              class="tool-use-bar-tool-header "
            >
              <div
                class="tool-use-bar-tool-header-left "
              >
                <div
                  class="tool-use-bar-tool-image-wrapper  rotating"
                >
                  <svg
                    class="tool-use-bar-tool-image "
                    fill="none"
                    height="1em"
                    viewBox="0 0 14 14"
                    width="1em"
                    xmlns="http://www.w3.org/2000/svg"
                  >
                    <defs>
                      <clippath
                        id="a"
                      >
                        <rect
                          height="14"
                          rx="0"
                          width="14"
                        />
                      </clippath>
                    </defs>
                    <g
                      clip-path="url(#a)"
                    >
                      <path
                        d="M1.167 11.083V2.917q0-.725.512-1.238.513-.512 1.238-.512h8.166q.725 0 1.238.512.512.513.512 1.238v8.166q0 .725-.512 1.238-.513.512-1.238.512H2.917q-.725 0-1.238-.512-.512-.513-.512-1.238zm1.166 0q0 .584.584.584h8.166q.584 0 .584-.584V2.917q0-.584-.584-.584H2.917q-.584 0-.584.584v8.166zm3.33-6.245L4.495 3.67a.583.583 0 10-.825.825l.754.754-.754.754a.583.583 0 10.825.825l1.166-1.167a.583.583 0 000-.824zM6.416 7H8.75a.583.583 0 110 1.167H6.417a.583.583 0 110-1.167z"
                        fill="currentColor"
                        fill-rule="evenodd"
                      />
                    </g>
                  </svg>
                </div>
                <div
                  class="tool-use-bar-tool-name  gradient-text"
                >
                  代码分析
                </div>
              </div>
            </div>
            <div
              class="tool-use-bar-tool-target  gradient-text"
            >
              分析 src/components 目录
            </div>
            <div
              class="tool-use-bar-tool-time "
            >
              10:35
            </div>
          </div>
        </div>
        <div
          class="tool-use-bar-tool  tool-use-bar-tool-error"
        >
          <div
            class="tool-use-bar-tool-bar "
          >
            <div
              class="tool-use-bar-tool-header "
            >
              <div
                class="tool-use-bar-tool-header-left "
              >
                <div
                  class="tool-use-bar-tool-image-wrapper "
                >
                  <svg
                    class="tool-use-bar-tool-image "
                    fill="none"
                    height="1em"
                    viewBox="0 0 14 14"
                    width="1em"
                    xmlns="http://www.w3.org/2000/svg"
                  >
                    <defs>
                      <clippath
                        id="a"
                      >
                        <rect
                          height="14"
                          rx="0"
                          width="14"
                        />
                      </clippath>
                    </defs>
                    <g
                      clip-path="url(#a)"
                    >
                      <path
                        d="M1.167 11.083V2.917q0-.725.512-1.238.513-.512 1.238-.512h8.166q.725 0 1.238.512.512.513.512 1.238v8.166q0 .725-.512 1.238-.513.512-1.238.512H2.917q-.725 0-1.238-.512-.512-.513-.512-1.238zm1.166 0q0 .584.584.584h8.166q.584 0 .584-.584V2.917q0-.584-.584-.584H2.917q-.584 0-.584.584v8.166zm3.33-6.245L4.495 3.67a.583.583 0 10-.825.825l.754.754-.754.754a.583.583 0 10.825.825l1.166-1.167a.583.583 0 000-.824zM6.416 7H8.75a.583.583 0 110 1.167H6.417a.583.583 0 110-1.167z"
                        fill="currentColor"
                        fill-rule="evenodd"
                      />
                    </g>
                  </svg>
                </div>
                <div
                  class="tool-use-bar-tool-name "
                >
                  代码格式化
                </div>
              </div>
            </div>
            <div
              class="tool-use-bar-tool-target "
            >
              格式化 TypeScript 文件
            </div>
            <div
              class="tool-use-bar-tool-time "
            >
              10:40
            </div>
            <div
              class="tool-use-bar-tool-expand "
            >
              <svg
                fill="none"
                height="1em"
                style="transition: transform 0.3s ease-in-out; transform: rotate(0deg);"
                viewBox="0 0 16 16"
                width="1em"
                xmlns="http://www.w3.org/2000/svg"
              >
                <defs>
                  <clippath
                    id="a"
                  >
                    <rect
                      height="16"
                      rx="0"
                      width="16"
                    />
                  </clippath>
                </defs>
                <g
                  clip-path="url(#a)"
                >
                  <path
                    d="M3.529 9.529l4-4a.667.667 0 01.942 0l4 4a.667.667 0 01-.942.942l-3.53-3.528-3.528 3.528a.667.667 0 11-.942-.942z"
                    fill="currentColor"
                    fill-rule="evenodd"
                  />
                </g>
              </svg>
            </div>
          </div>
        </div>
        <div
          class="tool-use-bar-tool  tool-use-bar-tool-idle"
        >
          <div
            class="tool-use-bar-tool-bar "
          >
            <div
              class="tool-use-bar-tool-header "
            >
              <div
                class="tool-use-bar-tool-header-left "
              >
                <div
                  class="tool-use-bar-tool-image-wrapper "
                >
                  <svg
                    class="tool-use-bar-tool-image "
                    fill="none"
                    height="1em"
                    viewBox="0 0 14 14"
                    width="1em"
                    xmlns="http://www.w3.org/2000/svg"
                  >
                    <defs>
                      <clippath
                        id="a"
                      >
                        <rect
                          height="14"
                          rx="0"
                          width="14"
                        />
                      </clippath>
                    </defs>
                    <g
                      clip-path="url(#a)"
                    >
                      <path
                        d="M1.167 11.083V2.917q0-.725.512-1.238.513-.512 1.238-.512h8.166q.725 0 1.238.512.512.513.512 1.238v8.166q0 .725-.512 1.238-.513.512-1.238.512H2.917q-.725 0-1.238-.512-.512-.513-.512-1.238zm1.166 0q0 .584.584.584h8.166q.584 0 .584-.584V2.917q0-.584-.584-.584H2.917q-.584 0-.584.584v8.166zm3.33-6.245L4.495 3.67a.583.583 0 10-.825.825l.754.754-.754.754a.583.583 0 10.825.825l1.166-1.167a.583.583 0 000-.824zM6.416 7H8.75a.583.583 0 110 1.167H6.417a.583.583 0 110-1.167z"
                        fill="currentColor"
                        fill-rule="evenodd"
                      />
                    </g>
                  </svg>
                </div>
                <div
                  class="tool-use-bar-tool-name "
                >
                  单元测试
                </div>
              </div>
            </div>
            <div
              class="tool-use-bar-tool-target "
            >
              运行 Jest 测试套件
            </div>
            <div
              class="tool-use-bar-tool-time "
            >
              10:45
            </div>
          </div>
        </div>
      </div>
      <div
        style="margin-top: 20px;"
      >
        <h4>
          功能说明:
        </h4>
        <ul>
          <li>
            ✅ 成功状态 (success) - 绿色
          </li>
          <li>
            ⏳ 加载状态 (loading) - 带有旋转动画
          </li>
          <li>
            ❌ 错误状态 (error) - 红色，显示错误信息
          </li>
          <li>
            ⏸️ 空闲状态 (idle) - 默认样式
          </li>
          <li>
            📄 展开/收起 - 有内容或错误信息的工具项会显示展开按钮
          </li>
        </ul>
        <p>
          <strong>
            操作提示:
          </strong>
           点击工具项右侧的箭头图标可以展开/收起详细内容
        </p>
      </div>
    </div>
  </div>
</DocumentFragment>