<DocumentFragment>
  <div
    class="ant-app"
  >
    <div>
      test
    </div>
    <div>
      <div
        class="tool-use-bar"
        data-testid="ToolUse"
      >
        <div
          class="tool-use-bar-tool "
          data-testid="ToolUserItem"
        >
          <div
            class="tool-use-bar-tool-bar "
            data-testid="tool-user-item-tool-bar"
          >
            <div
              class="tool-use-bar-tool-header "
              data-testid="tool-user-item-tool-header"
            >
              <div
                class="tool-use-bar-tool-header-left "
              >
                <div
                  class="tool-use-bar-tool-image-wrapper"
                >
                  <div
                    class="tool-use-bar-tool-image "
                  >
                    <svg
                      fill="none"
                      height="1em"
                      viewBox="0 0 14 14"
                      width="1em"
                      xmlns="http://www.w3.org/2000/svg"
                    >
                      <defs>
                        <clippath
                          id="a"
                        >
                          <rect
                            height="14"
                            rx="0"
                            width="14"
                          />
                        </clippath>
                      </defs>
                      <g
                        clip-path="url(#a)"
                      >
                        <path
                          d="M1.167 11.083V2.917q0-.725.512-1.238.513-.512 1.238-.512h8.166q.725 0 1.238.512.512.513.512 1.238v8.166q0 .725-.512 1.238-.513.512-1.238.512H2.917q-.725 0-1.238-.512-.512-.513-.512-1.238zm1.166 0q0 .584.584.584h8.166q.584 0 .584-.584V2.917q0-.584-.584-.584H2.917q-.584 0-.584.584v8.166zm3.33-6.245L4.495 3.67a.583.583 0 10-.825.825l.754.754-.754.754a.583.583 0 10.825.825l1.166-1.167a.583.583 0 000-.824zM6.416 7H8.75a.583.583 0 110 1.167H6.417a.583.583 0 110-1.167z"
                          fill="currentColor"
                          fill-rule="evenodd"
                        />
                      </g>
                    </svg>
                  </div>
                </div>
                <div
                  class="tool-use-bar-tool-name "
                >
                  Search Code
                </div>
              </div>
            </div>
            <div
              class="tool-use-bar-tool-target "
              title="baidu.com"
            >
              baidu.com
            </div>
            <div
              class="tool-use-bar-tool-time "
            >
              1.3s
            </div>
          </div>
        </div>
        <div
          class="tool-use-bar-tool "
          data-testid="ToolUserItem"
        >
          <div
            class="tool-use-bar-tool-bar "
            data-testid="tool-user-item-tool-bar"
          >
            <div
              class="tool-use-bar-tool-header "
              data-testid="tool-user-item-tool-header"
            >
              <div
                class="tool-use-bar-tool-header-left "
              >
                <div
                  class="tool-use-bar-tool-image-wrapper"
                >
                  <div
                    class="tool-use-bar-tool-image "
                  >
                    <svg
                      fill="none"
                      height="1em"
                      viewBox="0 0 14 14"
                      width="1em"
                      xmlns="http://www.w3.org/2000/svg"
                    >
                      <defs>
                        <clippath
                          id="a"
                        >
                          <rect
                            height="14"
                            rx="0"
                            width="14"
                          />
                        </clippath>
                      </defs>
                      <g
                        clip-path="url(#a)"
                      >
                        <path
                          d="M1.167 11.083V2.917q0-.725.512-1.238.513-.512 1.238-.512h8.166q.725 0 1.238.512.512.513.512 1.238v8.166q0 .725-.512 1.238-.513.512-1.238.512H2.917q-.725 0-1.238-.512-.512-.513-.512-1.238zm1.166 0q0 .584.584.584h8.166q.584 0 .584-.584V2.917q0-.584-.584-.584H2.917q-.584 0-.584.584v8.166zm3.33-6.245L4.495 3.67a.583.583 0 10-.825.825l.754.754-.754.754a.583.583 0 10.825.825l1.166-1.167a.583.583 0 000-.824zM6.416 7H8.75a.583.583 0 110 1.167H6.417a.583.583 0 110-1.167z"
                          fill="currentColor"
                          fill-rule="evenodd"
                        />
                      </g>
                    </svg>
                  </div>
                </div>
                <div
                  class="tool-use-bar-tool-name "
                >
                  Read File
                </div>
              </div>
            </div>
            <div
              class="tool-use-bar-tool-target "
              title="xxx.docx"
            >
              xxx.docx
            </div>
            <div
              class="tool-use-bar-tool-time "
            >
              2.3s
            </div>
          </div>
        </div>
        <div
          class="tool-use-bar-tool "
          data-testid="ToolUserItem"
        >
          <div
            class="tool-use-bar-tool-bar "
            data-testid="tool-user-item-tool-bar"
          >
            <div
              class="tool-use-bar-tool-header "
              data-testid="tool-user-item-tool-header"
            >
              <div
                class="tool-use-bar-tool-header-left "
              >
                <div
                  class="tool-use-bar-tool-image-wrapper"
                >
                  <div
                    class="tool-use-bar-tool-image "
                  >
                    <svg
                      fill="none"
                      height="1em"
                      viewBox="0 0 14 14"
                      width="1em"
                      xmlns="http://www.w3.org/2000/svg"
                    >
                      <defs>
                        <clippath
                          id="a"
                        >
                          <rect
                            height="14"
                            rx="0"
                            width="14"
                          />
                        </clippath>
                      </defs>
                      <g
                        clip-path="url(#a)"
                      >
                        <path
                          d="M1.167 11.083V2.917q0-.725.512-1.238.513-.512 1.238-.512h8.166q.725 0 1.238.512.512.513.512 1.238v8.166q0 .725-.512 1.238-.513.512-1.238.512H2.917q-.725 0-1.238-.512-.512-.513-.512-1.238zm1.166 0q0 .584.584.584h8.166q.584 0 .584-.584V2.917q0-.584-.584-.584H2.917q-.584 0-.584.584v8.166zm3.33-6.245L4.495 3.67a.583.583 0 10-.825.825l.754.754-.754.754a.583.583 0 10.825.825l1.166-1.167a.583.583 0 000-.824zM6.416 7H8.75a.583.583 0 110 1.167H6.417a.583.583 0 110-1.167z"
                          fill="currentColor"
                          fill-rule="evenodd"
                        />
                      </g>
                    </svg>
                  </div>
                </div>
                <div
                  class="tool-use-bar-tool-name "
                >
                  Edit File
                </div>
              </div>
            </div>
            <div
              class="tool-use-bar-tool-target "
              title="xx.md"
            >
              xx.md
            </div>
            <div
              class="tool-use-bar-tool-time "
            >
              2.3s
            </div>
          </div>
        </div>
      </div>
      <div
        style="margin-top: 20px; padding: 20px;"
      >
        <h4>
          Props 说明：
        </h4>
        <ul>
          <li>
            <strong>
              tools
            </strong>
            : 工具列表数组，每个工具包含 id、toolName、toolTarget、time 等属性
          </li>
          <li>
            <strong>
              id
            </strong>
            : 工具的唯一标识符
          </li>
          <li>
            <strong>
              toolName
            </strong>
            : 工具名称
          </li>
          <li>
            <strong>
              toolTarget
            </strong>
            : 工具操作的目标对象
          </li>
          <li>
            <strong>
              time
            </strong>
            : 工具执行时间
          </li>
        </ul>
      </div>
    </div>
  </div>
</DocumentFragment>