<DocumentFragment>
  <div
    class="ant-app"
  >
    <div>
      test
    </div>
    <div
      style="padding: 20px;"
    >
      <h3>
        ToolUseBar 中的 ToolUseBarThink
      </h3>
      <p>
        在 ToolUseBar 中使用 ToolUseBarThink 组件
      </p>
      <div
        data-testid="tool-use-bar"
        expandedkeys="think2"
        tools="[object Object],[object Object],[object Object]"
      >
        tool-use-bar
      </div>
    </div>
  </div>
</DocumentFragment>