<DocumentFragment>
  <div
    class="ant-app"
  >
    <div>
      test
    </div>
    <div>
      <div
        data-testid="tool-use-bar"
        tools="[object Object],[object Object]"
      >
        tool-use-bar
      </div>
      <div
        style="margin-top: 20px; padding: 20px;"
      >
        <h4>
          Props 说明：
        </h4>
        <ul>
          <li>
            <strong>
              tools
            </strong>
            : 工具列表数组，每个工具包含 id、toolName、toolTarget、time、status、progress、type 等属性
          </li>
          <li>
            <strong>
              status
            </strong>
            : 工具状态，支持 'success' | 'loading' | 'error' | 'idle'
          </li>
          <li>
            <strong>
              progress
            </strong>
            : 进度百分比，0-100 的数值
          </li>
          <li>
            <strong>
              type
            </strong>
            : 工具类型，如 'basic' | 'auto'
          </li>
        </ul>
      </div>
    </div>
  </div>
</DocumentFragment>