<DocumentFragment>
  <div
    class="ant-app"
  >
    <div>
      test
    </div>
    <div
      style="padding: 20px;"
    >
      <h2>
        基础用法
      </h2>
      <div
        class="visual-list-container visual-list-default"
      >
        <ul
          class="visual-list"
        >
          <li
            class="visual-list-item"
          >
            <a
              class="visual-list-link"
              href="https://github.com/user1"
            >
              <img
                alt="User 1"
                class="visual-list-image"
                src="https://avatars.githubusercontent.com/u/1?v=4"
                title="GitHub User 1"
              />
            </a>
          </li>
          <li
            class="visual-list-item"
          >
            <a
              class="visual-list-link"
              href="https://github.com/user2"
            >
              <img
                alt="User 2"
                class="visual-list-image"
                src="https://avatars.githubusercontent.com/u/2?v=4"
                title="GitHub User 2"
              />
            </a>
          </li>
          <li
            class="visual-list-item"
          >
            <img
              alt="User 3"
              class="visual-list-image"
              src="https://avatars.githubusercontent.com/u/3?v=4"
              title="GitHub User 3"
            />
          </li>
          <li
            class="visual-list-item"
          >
            <a
              class="visual-list-link"
              href="https://github.com/user4"
            >
              <img
                alt="User 4"
                class="visual-list-image"
                src="https://avatars.githubusercontent.com/u/4?v=4"
                title="GitHub User 4"
              />
            </a>
          </li>
        </ul>
        <div
          style="width: 4px;"
        />
      </div>
      <h2>
        自定义样式
      </h2>
      <div
        class="visual-list-container visual-list-default"
      >
        <ul
          class="visual-list"
        >
          <li
            class="visual-list-item visual-list-item-circle"
          >
            <a
              class="visual-list-link"
              href="https://github.com/user1"
            >
              <img
                alt="User 1"
                class="visual-list-image"
                src="https://avatars.githubusercontent.com/u/1?v=4"
                title="GitHub User 1"
              />
            </a>
          </li>
          <li
            class="visual-list-item visual-list-item-circle"
          >
            <a
              class="visual-list-link"
              href="https://github.com/user2"
            >
              <img
                alt="User 2"
                class="visual-list-image"
                src="https://avatars.githubusercontent.com/u/2?v=4"
                title="GitHub User 2"
              />
            </a>
          </li>
          <li
            class="visual-list-item visual-list-item-circle"
          >
            <img
              alt="User 3"
              class="visual-list-image"
              src="https://avatars.githubusercontent.com/u/3?v=4"
              title="GitHub User 3"
            />
          </li>
          <li
            class="visual-list-item visual-list-item-circle"
          >
            <a
              class="visual-list-link"
              href="https://github.com/user4"
            >
              <img
                alt="User 4"
                class="visual-list-image"
                src="https://avatars.githubusercontent.com/u/4?v=4"
                title="GitHub User 4"
              />
            </a>
          </li>
        </ul>
        <div
          style="width: 4px;"
        />
      </div>
      <h2>
        过滤数据
      </h2>
      <div
        class="visual-list-container visual-list-default"
      >
        <ul
          class="visual-list"
        >
          <li
            class="visual-list-item"
          >
            <a
              class="visual-list-link"
              href="https://github.com/user1"
            >
              <img
                alt="User 1"
                class="visual-list-image"
                src="https://avatars.githubusercontent.com/u/1?v=4"
                title="GitHub User 1"
              />
            </a>
          </li>
          <li
            class="visual-list-item"
          >
            <a
              class="visual-list-link"
              href="https://github.com/user2"
            >
              <img
                alt="User 2"
                class="visual-list-image"
                src="https://avatars.githubusercontent.com/u/2?v=4"
                title="GitHub User 2"
              />
            </a>
          </li>
          <li
            class="visual-list-item"
          >
            <a
              class="visual-list-link"
              href="https://github.com/user4"
            >
              <img
                alt="User 4"
                class="visual-list-image"
                src="https://avatars.githubusercontent.com/u/4?v=4"
                title="GitHub User 4"
              />
            </a>
          </li>
        </ul>
        <div
          style="width: 4px;"
        />
      </div>
      <h2>
        自定义渲染
      </h2>
      <div
        class="visual-list-container visual-list-default"
      >
        <ul
          class="visual-list"
        >
          <li
            style="margin: 4px; padding: 8px; border: 2px solid rgb(0, 122, 204); border-radius: 12px; background-color: rgb(240, 248, 255);"
          >
            <img
              alt="User 1"
              src="https://avatars.githubusercontent.com/u/1?v=4"
              style="width: 50px; height: 50px; border-radius: 8px;"
            />
            <div
              style="font-size: 12px; text-align: center; margin-top: 4px;"
            >
              GitHub User 1
            </div>
          </li>
          <li
            style="margin: 4px; padding: 8px; border: 2px solid rgb(0, 122, 204); border-radius: 12px; background-color: rgb(240, 248, 255);"
          >
            <img
              alt="User 2"
              src="https://avatars.githubusercontent.com/u/2?v=4"
              style="width: 50px; height: 50px; border-radius: 8px;"
            />
            <div
              style="font-size: 12px; text-align: center; margin-top: 4px;"
            >
              GitHub User 2
            </div>
          </li>
          <li
            style="margin: 4px; padding: 8px; border: 2px solid rgb(0, 122, 204); border-radius: 12px; background-color: rgb(240, 248, 255);"
          >
            <img
              alt="User 3"
              src="https://avatars.githubusercontent.com/u/3?v=4"
              style="width: 50px; height: 50px; border-radius: 8px;"
            />
            <div
              style="font-size: 12px; text-align: center; margin-top: 4px;"
            >
              GitHub User 3
            </div>
          </li>
          <li
            style="margin: 4px; padding: 8px; border: 2px solid rgb(0, 122, 204); border-radius: 12px; background-color: rgb(240, 248, 255);"
          >
            <img
              alt="User 4"
              src="https://avatars.githubusercontent.com/u/4?v=4"
              style="width: 50px; height: 50px; border-radius: 8px;"
            />
            <div
              style="font-size: 12px; text-align: center; margin-top: 4px;"
            >
              GitHub User 4
            </div>
          </li>
        </ul>
        <div
          style="width: 4px;"
        />
      </div>
      <h2>
        空状态
      </h2>
      <ul
        class="visual-list visual-list-empty"
      >
        <div
          style="color: rgb(153, 153, 153); font-style: italic;"
        >
          暂无图片数据
        </div>
      </ul>
      <h2>
        加载状态
      </h2>
      <ul
        class="visual-list visual-list-loading"
      >
        <div
          style="color: rgb(0, 122, 204);"
        >
          🔄 正在加载图片...
        </div>
      </ul>
    </div>
  </div>
</DocumentFragment>