<DocumentFragment>
  <div
    class="ant-app"
  >
    <div>
      test
    </div>
    <div
      style="padding: 20px;"
    >
      <h3
        style="margin-bottom: 12px;"
      >
        暴露文件预览组件
      </h3>
      <div
        data-testid="workspace-file"
        nodes="[object Object],[object Object]"
      >
        workspace-file
      </div>
    </div>
  </div>
</DocumentFragment>