<DocumentFragment>
  <div
    class="ant-app"
  >
    <div>
      test
    </div>
    <div
      style="padding: 20px;"
    >
      <h2>
        文件组件演示
      </h2>
      <div
        style="margin-bottom: 16px;"
      >
        <button
          class="ant-btn ant-btn-primary ant-btn-color-primary ant-btn-variant-solid"
          style="margin-right: 8px;"
          type="button"
        >
          <span>
            显示加载
          </span>
        </button>
      </div>
      <div
        style="max-width: 600px;"
      >
        <div
          data-testid="workspace"
          title="文件管理"
        >
          workspace
        </div>
      </div>
    </div>
  </div>
</DocumentFragment>