<DocumentFragment>
  <div
    class="ant-app"
  >
    <div>
      test
    </div>
    <div
      style="padding: 20px;"
    >
      <h2
        style="margin-bottom: 20px; color: rgb(51, 51, 51);"
      >
        动态柱状图使用示例
      </h2>
      <div
        style="margin-bottom: 20px; display: flex; gap: 10px; flex-wrap: wrap;"
      >
        <button
          class="ant-btn ant-btn-primary ant-btn-color-primary ant-btn-variant-solid"
          type="button"
        >
          <span>
            切换主题 (浅色)
          </span>
        </button>
        <button
          class="ant-btn ant-btn-primary ant-btn-color-primary ant-btn-variant-solid"
          type="button"
        >
          <span>
            切换图例位置 (bottom)
          </span>
        </button>
        <button
          class="ant-btn ant-btn-primary ant-btn-color-primary ant-btn-variant-solid"
          type="button"
        >
          <span>
            随机更新数据
          </span>
        </button>
        <button
          class="ant-btn ant-btn-primary ant-btn-color-primary ant-btn-variant-solid"
          type="button"
        >
          <span>
            切换象限（当前：I）
          </span>
        </button>
      </div>
      <div
        style="margin-bottom: 20px;"
      >
        <div
          class="bar-chart-container "
          style="width: 700px; height: 500px; background-color: rgb(255, 255, 255); border-radius: 8px; padding: 20px; position: relative; border: 1px solid rgb(232, 232, 232);"
        >
          <div
            data-testid="chart-toolbar"
          >
            动态柱状图使用示例
          </div>
          <div
            data-testid="chart-filter"
          >
            <button
              data-selected="true"
            >
              访客数据
            </button>
            <button
              data-selected="false"
            >
              销售数据
            </button>
          </div>
          <div
            class="chart-wrapper"
          >
            <div
              data-datasets="[{"label":"本周访客","data":[120,132,101,134,90,230,210],"borderColor":"#388BFF","backgroundColor":"#388BFF","borderWidth":0,"categoryPercentage":0.7,"barPercentage":0.8,"borderSkipped":false},{"label":"上周访客","data":[220,182,191,234,290,330,310],"borderColor":"#917EF7","backgroundColor":"#917EF7","borderWidth":0,"categoryPercentage":0.7,"barPercentage":0.8,"borderSkipped":false}]"
              data-labels="["Mon","Tue","Wed","Thu","Fri","Sat","Sun"]"
              data-testid="bar-chart"
            >
              Bar Chart
            </div>
          </div>
        </div>
      </div>
      <div
        style="background-color: rgb(255, 255, 255); padding: 15px; border-radius: 8px; border: 1px solid rgb(232, 232, 232);"
      >
        <h4
          style="margin-top: 0px; color: rgb(51, 51, 51);"
        >
          当前配置信息：
        </h4>
        <pre
          style="background-color: rgb(245, 245, 245); padding: 10px; border-radius: 4px; overflow: auto; font-size: 12px;"
        >
          [
  {
    "type": "visitor",
    "typeName": "访客数据",
    "labels": [
      "Mon",
      "Tue",
      "Wed",
      "Thu",
      "Fri",
      "Sat",
      "Sun"
    ],
    "datasets": [
      {
        "label": "本周访客",
        "data": [
          120,
          132,
          101,
          134,
          90,
          230,
          210
        ],
        "borderColor": "#388BFF",
        "backgroundColor": "#388BFF"
      },
      {
        "label": "上周访客",
        "data": [
          220,
          182,
          191,
          234,
          290,
          330,
          310
        ],
        "borderColor": "#917EF7",
        "backgroundColor": "#917EF7"
      }
    ],
    "yMin": 0,
    "yMax": 400,
    "yStepSize": 50,
    "theme": "light",
    "legendPosition": "bottom",
    "xTitle": "日期",
    "yTitle": "访客数",
    "showGrid": true,
    "categoryPercentage": 0.7,
    "barPercentage": 0.8,
    "xPosition": "bottom",
    "yPosition": "left"
  },
  {
    "type": "sales",
    "typeName": "销售数据",
    "labels": [
      "Q1",
      "Q2",
      "Q3",
      "Q4"
    ],
    "datasets": [
      {
        "label": "本年销售额",
        "data": [
          85000,
          92000,
          88000,
          105000
        ],
        "borderColor": "#33E59B",
        "backgroundColor": "#33E59B"
      },
      {
        "label": "去年销售额",
        "data": [
          72000,
          78000,
          81000,
          89000
        ],
        "borderColor": "#F45BB5",
        "backgroundColor": "#F45BB5"
      }
    ],
    "yMin": 60000,
    "yMax": 110000,
    "yStepSize": 10000,
    "theme": "light",
    "legendPosition": "bottom",
    "xTitle": "季度",
    "yTitle": "销售额",
    "showGrid": true,
    "categoryPercentage": 0.7,
    "barPercentage": 0.8,
    "xPosition": "bottom",
    "yPosition": "left"
  }
]
        </pre>
      </div>
    </div>
  </div>
</DocumentFragment>