// Vitest Snapshot v1, https://vitest.dev/guide/snapshot.html

exports[`handlePaste utilities > Complex HTML Paste Snapshots > should correctly render code blocks and special characters > code-blocks-and-special-chars 1`] = `
[
  {
    "children": [
      {
        "text": "function example() {
  const x = 1;
  return x + 2;
}",
      },
    ],
    "language": "javascript",
    "type": "code",
  },
  {
    "children": [
      {
        "text": "Special characters: & < > " '",
      },
    ],
    "type": "paragraph",
  },
  {
    "children": [
      {
        "text": "Emoji: 👋 🎉 🚀",
      },
    ],
    "type": "paragraph",
  },
]
`;

exports[`handlePaste utilities > Complex HTML Paste Snapshots > should correctly render combined complex content > combined-complex-content 1`] = `
[
  {
    "children": [
      {
        "text": "Combined Complex Content",
      },
    ],
    "type": "heading-one",
  },
  {
    "children": [
      {
        "children": [
          {
            "children": [
              {
                "children": [
                  {
                    "text": "Section 1",
                  },
                ],
                "type": "link",
                "url": "#section1",
              },
            ],
            "type": "list-item",
          },
          {
            "children": [
              {
                "children": [
                  {
                    "text": "Section 2",
                  },
                ],
                "type": "link",
                "url": "#section2",
              },
            ],
            "type": "list-item",
          },
        ],
        "type": "bulleted-list",
      },
    ],
    "type": "nav",
  },
  {
    "children": [
      {
        "children": [
          {
            "text": "Section 1: Code and Math",
          },
        ],
        "type": "heading-two",
      },
      {
        "children": [
          {
            "text": "interface Example {
  name: string;
  value: number;
}",
          },
        ],
        "language": "typescript",
        "type": "code",
      },
      {
        "children": [
          {
            "text": "Math equation: ",
          },
          {
            "children": [
              {
                "text": "E = mc²",
              },
            ],
            "type": "math",
          },
        ],
        "type": "paragraph",
      },
    ],
    "id": "section1",
    "type": "section",
  },
  {
    "children": [
      {
        "children": [
          {
            "text": "Section 2: Tables and Lists",
          },
        ],
        "type": "heading-two",
      },
      {
        "children": [
          {
            "children": [
              {
                "children": [
                  {
                    "text": "Column 1",
                  },
                ],
                "header": true,
                "type": "table-cell",
              },
              {
                "children": [
                  {
                    "text": "Column 2",
                  },
                ],
                "header": true,
                "type": "table-cell",
              },
            ],
            "type": "table-row",
          },
          {
            "children": [
              {
                "children": [
                  {
                    "text": "Data 1",
                  },
                ],
                "type": "table-cell",
              },
              {
                "children": [
                  {
                    "text": "Data 2",
                  },
                ],
                "type": "table-cell",
              },
            ],
            "type": "table-row",
          },
        ],
        "type": "table",
      },
      {
        "children": [
          {
            "children": [
              {
                "children": [
                  {
                    "text": "Item 1",
                  },
                ],
                "type": "paragraph",
              },
              {
                "children": [
                  {
                    "children": [
                      {
                        "children": [
                          {
                            "text": "Sub-item A",
                          },
                        ],
                        "type": "paragraph",
                      },
                    ],
                    "type": "list-item",
                  },
                  {
                    "children": [
                      {
                        "children": [
                          {
                            "text": "Sub-item B",
                          },
                        ],
                        "type": "paragraph",
                      },
                    ],
                    "type": "list-item",
                  },
                ],
                "type": "numbered-list",
              },
            ],
            "type": "list-item",
          },
          {
            "children": [
              {
                "children": [
                  {
                    "text": "Item 2",
                  },
                ],
                "type": "paragraph",
              },
            ],
            "type": "list-item",
          },
        ],
        "type": "bulleted-list",
      },
    ],
    "id": "section2",
    "type": "section",
  },
  {
    "children": [
      {
        "children": [
          {
            "text": "Created by ",
          },
          {
            "children": [
              {
                "text": "Author",
              },
            ],
            "type": "link",
            "url": "mailto:test@example.com",
          },
        ],
        "type": "paragraph",
      },
      {
        "children": [
          {
            "text": "Copyright © 2024",
          },
        ],
        "type": "small",
      },
    ],
    "type": "footer",
  },
]
`;

exports[`handlePaste utilities > Complex HTML Paste Snapshots > should correctly render form elements and interactive content > form-and-interactive-elements 1`] = `
[
  {
    "children": [
      {
        "children": [
          {
            "text": "Name: ",
          },
        ],
        "type": "paragraph",
      },
      {
        "children": [
          {
            "text": "",
          },
        ],
        "inputType": "text",
        "type": "input",
        "value": "John Doe",
      },
      {
        "children": [
          {
            "children": [
              {
                "text": "Option 1",
              },
            ],
            "type": "option",
          },
          {
            "children": [
              {
                "text": "Option 2",
              },
            ],
            "selected": true,
            "type": "option",
          },
        ],
        "type": "select",
      },
      {
        "children": [
          {
            "text": "Some text here",
          },
        ],
        "type": "textarea",
      },
    ],
    "type": "form",
  },
  {
    "children": [
      {
        "children": [
          {
            "text": "Click me",
          },
        ],
        "type": "button",
      },
      {
        "children": [
          {
            "text": "70%",
          },
        ],
        "max": 100,
        "type": "progress",
        "value": 70,
      },
      {
        "children": [
          {
            "text": "60%",
          },
        ],
        "type": "meter",
        "value": 0.6,
      },
    ],
    "className": "interactive",
    "type": "div",
  },
]
`;

exports[`handlePaste utilities > Complex HTML Paste Snapshots > should correctly render mathematical and scientific content > math-and-scientific-content 1`] = `
[
  {
    "children": [
      {
        "text": "Mathematical Content",
      },
    ],
    "type": "heading-three",
  },
  {
    "children": [
      {
        "text": "The quadratic formula: ",
      },
      {
        "children": [
          {
            "text": "x = (-b ± √(b² - 4ac)) / (2a)",
          },
        ],
        "type": "math",
      },
    ],
    "type": "paragraph",
  },
  {
    "children": [
      {
        "text": "Chemical equation: ",
      },
      {
        "children": [
          {
            "text": "2H₂ + O₂ → 2H₂O",
          },
        ],
        "type": "chemistry",
      },
    ],
    "type": "paragraph",
  },
  {
    "children": [
      {
        "children": [
          {
            "children": [
              {
                "text": "Temperature (°C)",
              },
            ],
            "type": "table-cell",
          },
          {
            "children": [
              {
                "text": "Pressure (kPa)",
              },
            ],
            "type": "table-cell",
          },
        ],
        "type": "table-row",
      },
      {
        "children": [
          {
            "children": [
              {
                "text": "25.5",
              },
            ],
            "type": "table-cell",
          },
          {
            "children": [
              {
                "text": "101.3",
              },
            ],
            "type": "table-cell",
          },
        ],
        "type": "table-row",
      },
    ],
    "type": "table",
  },
  {
    "children": [
      {
        "text": "Greek symbols: α β γ δ",
      },
    ],
    "type": "paragraph",
  },
]
`;

exports[`handlePaste utilities > Complex HTML Paste Snapshots > should correctly render mixed content types > mixed-content-types 1`] = `
[
  {
    "children": [
      {
        "text": "Mixed Content",
      },
    ],
    "type": "heading-two",
  },
  {
    "children": [
      {
        "children": [
          {
            "text": "This is a quote with ",
          },
          {
            "children": [
              {
                "text": "a link",
              },
            ],
            "type": "link",
            "url": "https://example.com",
          },
        ],
        "type": "paragraph",
      },
    ],
    "type": "block-quote",
  },
  {
    "children": [
      {
        "text": "Styled text with ",
      },
      {
        "highlight": true,
        "text": "highlighted",
      },
      {
        "text": " content",
      },
    ],
    "type": "paragraph",
  },
  {
    "children": [
      {
        "text": "",
      },
    ],
    "type": "thematic-break",
  },
  {
    "children": [
      {
        "children": [
          {
            "text": "Expandable section",
          },
        ],
        "type": "summary",
      },
      {
        "children": [
          {
            "text": "Hidden content",
          },
        ],
        "type": "paragraph",
      },
    ],
    "type": "details",
  },
  {
    "children": [
      {
        "alt": "Example image",
        "children": [
          {
            "text": "",
          },
        ],
        "type": "image",
        "url": "example.jpg",
      },
      {
        "children": [
          {
            "text": "Image caption",
          },
        ],
        "type": "figcaption",
      },
    ],
    "type": "figure",
  },
]
`;

exports[`handlePaste utilities > Complex HTML Paste Snapshots > should correctly render nested lists and tables > complex-html-with-lists-and-tables 1`] = `
[
  {
    "children": [
      {
        "text": "Complex Document",
      },
    ],
    "type": "heading-one",
  },
  {
    "children": [
      {
        "text": "This is a ",
      },
      {
        "bold": true,
        "text": "bold",
      },
      {
        "text": " paragraph with ",
      },
      {
        "italic": true,
        "text": "italic",
      },
      {
        "text": " text.",
      },
    ],
    "type": "paragraph",
  },
  {
    "children": [
      {
        "children": [
          {
            "children": [
              {
                "text": "First level item",
              },
            ],
            "type": "paragraph",
          },
          {
            "children": [
              {
                "children": [
                  {
                    "children": [
                      {
                        "text": "Nested item 1",
                      },
                    ],
                    "type": "paragraph",
                  },
                ],
                "type": "list-item",
              },
              {
                "children": [
                  {
                    "children": [
                      {
                        "text": "Nested item 2 with ",
                      },
                      {
                        "bold": true,
                        "text": "bold",
                      },
                    ],
                    "type": "paragraph",
                  },
                ],
                "type": "list-item",
              },
            ],
            "type": "bulleted-list",
          },
        ],
        "type": "list-item",
      },
      {
        "children": [
          {
            "children": [
              {
                "text": "Another first level item",
              },
            ],
            "type": "paragraph",
          },
        ],
        "type": "list-item",
      },
    ],
    "type": "bulleted-list",
  },
  {
    "children": [
      {
        "children": [
          {
            "children": [
              {
                "text": "Header 1",
              },
            ],
            "type": "table-cell",
          },
          {
            "children": [
              {
                "text": "Header 2",
              },
            ],
            "type": "table-cell",
          },
        ],
        "type": "table-row",
      },
      {
        "children": [
          {
            "children": [
              {
                "text": "Cell with ",
              },
              {
                "italic": true,
                "text": "italic",
              },
            ],
            "type": "table-cell",
          },
          {
            "children": [
              {
                "text": "Cell with ",
              },
              {
                "code": true,
                "text": "code",
              },
            ],
            "type": "table-cell",
          },
        ],
        "type": "table-row",
      },
    ],
    "type": "table",
  },
]
`;
