<DocumentFragment>
  <div
    class="ant-app"
  >
    <div>
      test
    </div>
    <div
      style="border-radius: var(--radius-modal-base); background: var(color-gray-bg-page-light); box-shadow: var(--shadow-control-base); width: min(830px,100%); display: flex; flex-direction: column; justify-content: space-between; padding: 0px; z-index: 0; margin: 24px auto;"
    >
      <div
        style="padding: 16px; display: flex; flex-direction: row; align-items: center; box-sizing: border-box; border-width: 0px 0px 1px 0px; border-style: solid; border-color: rgba(0, 16, 32, 0.063);"
      >
        <span
          style="font-size: 13px; color: rgba(0, 0, 0, 0.45);"
        >
          📋 BubbleList 基础用法
        </span>
        <div
          style="font-size: 12px; color: rgba(0, 0, 0, 0.45);"
        >
          当前消息数: 2
        </div>
      </div>
      <div>
        <div
          style="padding: 24px 24px 16px 24px;"
        >
           <button
          type="button"  class="ant-btn ant-btn-primary ant-btn-color-primary ant-btn-variant-solid"
            type="button"
          >
            <span
              class="ant-btn-icon"
            >
              <span
                aria-label="plus"
                class="anticon anticon-plus"
                role="img"
              >
                <svg
                  aria-hidden="true"
                  data-icon="plus"
                  fill="currentColor"
                  focusable="false"
                  height="1em"
                  viewBox="64 64 896 896"
                  width="1em"
                >
                  <path
                    d="M482 152h60q8 0 8 8v704q0 8-8 8h-60q-8 0-8-8V160q0-8 8-8z"
                  />
                  <path
                    d="M192 474h672q8 0 8 8v60q0 8-8 8H160q-8 0-8-8v-60q0-8 8-8z"
                  />
                </svg>
              </span>
            </span>
            <span>
              添加消息
            </span>
          </button>
        </div>
        <div
          assistantmeta="[object Object]"
          bubblelist="[object Object],[object Object]"
          bubblelistref="[object Object]"
          bubbleref="[object Object]"
          data-testid="bubble-list"
          markdownrenderconfig="[object Object]"
          style="height: 400px; overflow: auto; border-radius: 20px;"
          usermeta="[object Object]"
        >
          bubble-list
        </div>
        <div
          style="padding: 16px; background: rgb(230, 247, 255); border-radius: 8px; font-size: 14px;"
        >
          <strong>
            📖 基础用法：
          </strong>
          <ul
            style="margin: 8px 0px 0px 0px; padding-left: 20px;"
          >
            <li>
              <strong>
                bubbleList:
              </strong>
               消息列表数据
            </li>
            <li>
              <strong>
                assistantMeta:
              </strong>
               助手元数据配置
            </li>
            <li>
              <strong>
                userMeta:
              </strong>
               用户元数据配置
            </li>
          </ul>
        </div>
      </div>
    </div>
  </div>
</DocumentFragment>