<DocumentFragment>
  <div
    class="ant-app"
  >
    <div>
      test
    </div>
    <div
      style="max-width: 800px; margin: 0px auto; padding: 24px;"
    >
      <div
        style="margin-bottom: 24px; padding: 16px; background: rgb(248, 249, 250); border-radius: 8px;"
      >
        <div
          style="display: flex; gap: 16px; align-items: center; flex-wrap: wrap;"
        >
          <div>
            <div
              class="ant-input-number ant-input-number-outlined"
              style="width: 120px;"
            >
              <div
                class="ant-input-number-handler-wrap"
              >
                <span
                  aria-disabled="false"
                  aria-label="Increase Value"
                  class="ant-input-number-handler ant-input-number-handler-up"
                  role="button"
                  unselectable="on"
                >
                  <span
                    aria-label="up"
                    class="anticon anticon-up ant-input-number-handler-up-inner"
                    role="img"
                  >
                    <svg
                      aria-hidden="true"
                      data-icon="up"
                      fill="currentColor"
                      focusable="false"
                      height="1em"
                      viewBox="64 64 896 896"
                      width="1em"
                    >
                      <path
                        d="M890.5 755.3L537.9 269.2c-12.8-17.6-39-17.6-51.7 0L133.5 755.3A8 8 0 00140 768h75c5.1 0 9.9-2.5 12.9-6.6L512 369.8l284.1 391.6c3 4.1 7.8 6.6 12.9 6.6h75c6.5 0 10.3-7.4 6.5-12.7z"
                      />
                    </svg>
                  </span>
                </span>
                <span
                  aria-disabled="false"
                  aria-label="Decrease Value"
                  class="ant-input-number-handler ant-input-number-handler-down"
                  role="button"
                  unselectable="on"
                >
                  <span
                    aria-label="down"
                    class="anticon anticon-down ant-input-number-handler-down-inner"
                    role="img"
                  >
                    <svg
                      aria-hidden="true"
                      data-icon="down"
                      fill="currentColor"
                      focusable="false"
                      height="1em"
                      viewBox="64 64 896 896"
                      width="1em"
                    >
                      <path
                        d="M884 256h-75c-5.1 0-9.9 2.5-12.9 6.6L512 654.2 227.9 262.6c-3-4.1-7.8-6.6-12.9-6.6h-75c-6.5 0-10.3 7.4-6.5 12.7l352.6 486.1c12.8 17.6 39 17.6 51.7 0l352.6-486.1c3.9-5.3.1-12.7-6.4-12.7z"
                      />
                    </svg>
                  </span>
                </span>
              </div>
              <div
                class="ant-input-number-input-wrap"
              >
                <input
                  aria-valuemax="10000"
                  aria-valuemin="10"
                  aria-valuenow="100"
                  autocomplete="off"
                  class="ant-input-number-input"
                  role="spinbutton"
                  step="100"
                  value="100"
                />
              </div>
            </div>
          </div>
           <button
          type="button"  class="ant-btn ant-btn-primary ant-btn-color-primary ant-btn-variant-solid"
            type="button"
          >
            <span>
              生成消息
            </span>
          </button>
           <button
          type="button"  class="ant-btn ant-btn-default ant-btn-color-default ant-btn-variant-outlined"
            type="button"
          >
            <span>
              清空消息
            </span>
          </button>
        </div>
        <div
          style="margin-top: 8px; font-size: 14px; color: rgb(102, 102, 102);"
        >
          💡 测试虚拟滚动性能，建议从 100 条开始，逐步增加到 10000 条
        </div>
      </div>
      <div
        style="border: 1px solid rgb(233, 236, 239); border-radius: 8px; overflow: hidden;"
      >
        <div
          assistantmeta="[object Object]"
          bubblelist=""
          bubblelistref="[object Object]"
          bubbleref="[object Object]"
          data-testid="bubble-list"
          markdownrenderconfig="[object Object]"
          style="height: 500px; overflow: auto;"
          usermeta="[object Object]"
        >
          bubble-list
        </div>
      </div>
      <div
        style="margin-top: 16px; padding: 12px; background: rgb(246, 255, 237); border-radius: 6px; font-size: 14px;"
      >
        <strong>
          ⚡ 性能特性：
        </strong>
        <ul
          style="margin: 8px 0px 0px 0px; padding-left: 20px;"
        >
          <li>
            <strong>
              虚拟滚动：
            </strong>
            只渲染可见区域的消息
          </li>
          <li>
            <strong>
              按需渲染：
            </strong>
            减少 DOM 节点数量
          </li>
          <li>
            <strong>
              内存优化：
            </strong>
            智能垃圾回收机制
          </li>
          <li>
            <strong>
              流畅体验：
            </strong>
            支持数万条消息流畅滚动
          </li>
        </ul>
      </div>
    </div>
  </div>
</DocumentFragment>